eceTesla1:3164543:3164573 [0] NCCL INFO ncclPollProxyResponse Dequeued cached opId=0x7f10bf532390
eceTesla1:3164543:3164573 [0] NCCL INFO sendConnect ncclPollProxyResponse opId=0x7f10bf532390
ecetesla4:340464:340505 [0] NCCL INFO proxyProgressAsync opId=0x7f8eab531df0 op.type=4 op.reqBuff=0x7f8e9801ddb0 op.respSize=21040 done
ecetesla4:340464:340504 [0] NCCL INFO ncclPollProxyResponse Received new opId=0x7f8eab531df0
ecetesla4:340464:340505 [0] NCCL INFO Received and initiated operation=Connect res=0
ecetesla4:340464:340504 [0] NCCL INFO resp.opId=0x7f8eab531df0 matches expected opId=0x7f8eab531df0
ecetesla4:340464:340504 [0] NCCL INFO sendConnect ncclPollProxyResponse opId=0x7f8eab531df0
ecetesla0:2859680:2859716 [0] NCCL INFO transport/net.cc:741 Cuda Host Alloc Size 9641984 pointer 0x7fdbfb000000
ecetesla0:2859680:2859716 [0] NCCL INFO proxyProgressAsync opId=0x7fdbf25b5148 op.type=4 op.reqBuff=0x7fdbec01ddb0 op.respSize=21040 done
ecetesla0:2859680:2859715 [0] NCCL INFO ncclPollProxyResponse Received new opId=0x7fdbf25b5148
ecetesla0:2859680:2859716 [0] NCCL INFO Received and initiated operation=Connect res=0
ecetesla0:2859680:2859715 [0] NCCL INFO Queuing opId=0x7fdbf25b5148 respBuff=0x7fdbf25fb270 respSize=21040
ecetesla0:2859680:2859715 [0] NCCL INFO ncclPollProxyResponse Dequeued cached opId=0x7fdbf25b5148
ecetesla0:2859680:2859715 [0] NCCL INFO sendConnect ncclPollProxyResponse opId=0x7fdbf25b5148
ecetesla3:3048178:3075299 [0] NCCL INFO transport/net.cc:741 Cuda Host Alloc Size 9641984 pointer 0x7f3917600000
ecetesla3:3048178:3075299 [0] NCCL INFO proxyProgressAsync opId=0x7f390a5c8650 op.type=4 op.reqBuff=0x7f38fc01eda0 op.respSize=21040 done
ecetesla3:3048178:3074106 [0] NCCL INFO ncclPollProxyResponse Received new opId=0x7f390a5c8650
ecetesla3:3048178:3074106 [0] NCCL INFO Queuing opId=0x7f390a5c8650 respBuff=0x7f390a5d1780 respSize=21040
ecetesla2:3156908:3171439 [0] NCCL INFO transport/net.cc:890 Cuda Host Alloc Size 9641984 pointer 0x7fe1c2a00000
ecetesla2:3156908:3171439 [0] NCCL INFO proxyProgressAsync opId=0x7fe1db5321f8 op.type=4 op.reqBuff=0x7fe1cc01de40 op.respSize=21040 done
ecetesla3:3048178:3074106 [0] NCCL INFO ncclPollProxyResponse Dequeued cached opId=0x7f390a5c8650
ecetesla3:3048178:3074106 [0] NCCL INFO sendConnect ncclPollProxyResponse opId=0x7f390a5c8650
ecetesla2:3156908:3170749 [0] NCCL INFO ncclPollProxyResponse Received new opId=0x7fe1db5321f8
ecetesla2:3156908:3170749 [0] NCCL INFO resp.opId=0x7fe1db5321f8 matches expected opId=0x7fe1db5321f8
ecetesla2:3156908:3170749 [0] NCCL INFO recvConnect ncclPollProxyResponse opId=0x7fe1db5321f8
ecetesla2:3156908:3171439 [0] NCCL INFO Received and initiated operation=Connect res=0
ecetesla3:3048178:3075299 [0] NCCL INFO Received and initiated operation=Connect res=0
eceTesla1:3164543:3164574 [0] NCCL INFO transport/net.cc:890 Cuda Host Alloc Size 9641984 pointer 0x7f10ae000000
ecetesla4:340464:340505 [0] NCCL INFO transport/net.cc:890 Cuda Host Alloc Size 9641984 pointer 0x7f8e9e000000
eceTesla1:3164543:3164574 [0] NCCL INFO proxyProgressAsync opId=0x7f10bf531ed0 op.type=4 op.reqBuff=0x7f10a801de40 op.respSize=21040 done
eceTesla1:3164543:3164574 [0] NCCL INFO Received and initiated operation=Connect res=0
ecetesla4:340464:340505 [0] NCCL INFO proxyProgressAsync opId=0x7f8eab5328f8 op.type=4 op.reqBuff=0x7f8e9801de40 op.respSize=21040 done
ecetesla4:340464:340504 [0] NCCL INFO ncclPollProxyResponse Received new opId=0x7f8eab5328f8
ecetesla4:340464:340505 [0] NCCL INFO Received and initiated operation=Connect res=0
ecetesla4:340464:340504 [0] NCCL INFO Queuing opId=0x7f8eab5328f8 respBuff=0x7f8eab54e490 respSize=21040
eceTesla1:3164543:3164573 [0] NCCL INFO ncclPollProxyResponse Received new opId=0x7f10bf531ed0
ecetesla4:340464:340504 [0] NCCL INFO ncclPollProxyResponse Dequeued cached opId=0x7f8eab5328f8
ecetesla4:340464:340504 [0] NCCL INFO recvConnect ncclPollProxyResponse opId=0x7f8eab5328f8
eceTesla1:3164543:3164573 [0] NCCL INFO resp.opId=0x7f10bf531ed0 matches expected opId=0x7f10bf531ed0
eceTesla1:3164543:3164573 [0] NCCL INFO recvConnect ncclPollProxyResponse opId=0x7f10bf531ed0
ecetesla0:2859680:2859716 [0] NCCL INFO transport/net.cc:890 Cuda Host Alloc Size 9641984 pointer 0x7fdbff600000
ecetesla0:2859680:2859716 [0] NCCL INFO proxyProgressAsync opId=0x7fdbf25b5c50 op.type=4 op.reqBuff=0x7fdbec01de40 op.respSize=21040 done
ecetesla0:2859680:2859715 [0] NCCL INFO ncclPollProxyResponse Received new opId=0x7fdbf25b5c50
ecetesla0:2859680:2859716 [0] NCCL INFO Received and initiated operation=Connect res=0
ecetesla0:2859680:2859715 [0] NCCL INFO Queuing opId=0x7fdbf25b5c50 respBuff=0x7fdbf25d7220 respSize=21040
ecetesla0:2859680:2859715 [0] NCCL INFO ncclPollProxyResponse Dequeued cached opId=0x7fdbf25b5c50
ecetesla0:2859680:2859715 [0] NCCL INFO recvConnect ncclPollProxyResponse opId=0x7fdbf25b5c50
ecetesla3:3048178:3075299 [0] NCCL INFO transport/net.cc:890 Cuda Host Alloc Size 9641984 pointer 0x7f38f2000000
ecetesla3:3048178:3075299 [0] NCCL INFO proxyProgressAsync opId=0x7f390a5c8190 op.type=4 op.reqBuff=0x7f38fc01fc50 op.respSize=21040 done
ecetesla3:3048178:3074106 [0] NCCL INFO ncclPollProxyResponse Received new opId=0x7f390a5c8190
ecetesla3:3048178:3075299 [0] NCCL INFO Received and initiated operation=Connect res=0
ecetesla3:3048178:3074106 [0] NCCL INFO resp.opId=0x7f390a5c8190 matches expected opId=0x7f390a5c8190
ecetesla3:3048178:3074106 [0] NCCL INFO recvConnect ncclPollProxyResponse opId=0x7f390a5c8190
eceTesla1:3164543:3164574 [0] NCCL INFO transport/net.cc:741 Cuda Host Alloc Size 9641984 pointer 0x7f10aea00000
eceTesla1:3164543:3164574 [0] NCCL INFO proxyProgressAsync opId=0x7f10bf544cd0 op.type=4 op.reqBuff=0x7f10a801f010 op.respSize=21040 done
eceTesla1:3164543:3164573 [0] NCCL INFO ncclPollProxyResponse Received new opId=0x7f10bf544cd0
eceTesla1:3164543:3164573 [0] NCCL INFO Queuing opId=0x7f10bf544cd0 respBuff=0x7f10bf54e3e0 respSize=21040
eceTesla1:3164543:3164574 [0] NCCL INFO Received and initiated operation=Connect res=0
eceTesla1:3164543:3164573 [0] NCCL INFO ncclPollProxyResponse Dequeued cached opId=0x7f10bf544cd0
eceTesla1:3164543:3164573 [0] NCCL INFO sendConnect ncclPollProxyResponse opId=0x7f10bf544cd0
ecetesla2:3156908:3171439 [0] NCCL INFO transport/net.cc:890 Cuda Host Alloc Size 9641984 pointer 0x7fe1c3400000
ecetesla2:3156908:3171439 [0] NCCL INFO proxyProgressAsync opId=0x7fe1db544b38 op.type=4 op.reqBuff=0x7fe1cc01de40 op.respSize=21040 done
ecetesla4:340464:340505 [0] NCCL INFO transport/net.cc:741 Cuda Host Alloc Size 9641984 pointer 0x7f8e9ea00000
ecetesla4:340464:340505 [0] NCCL INFO proxyProgressAsync opId=0x7f8eab544730 op.type=4 op.reqBuff=0x7f8e9801ef70 op.respSize=21040 done
ecetesla2:3156908:3170749 [0] NCCL INFO ncclPollProxyResponse Received new opId=0x7fe1db544b38
ecetesla2:3156908:3170749 [0] NCCL INFO resp.opId=0x7fe1db544b38 matches expected opId=0x7fe1db544b38
ecetesla2:3156908:3170749 [0] NCCL INFO recvConnect ncclPollProxyResponse opId=0x7fe1db544b38
ecetesla4:340464:340504 [0] NCCL INFO ncclPollProxyResponse Received new opId=0x7f8eab544730
ecetesla4:340464:340505 [0] NCCL INFO Received and initiated operation=Connect res=0
ecetesla4:340464:340504 [0] NCCL INFO resp.opId=0x7f8eab544730 matches expected opId=0x7f8eab544730
ecetesla4:340464:340504 [0] NCCL INFO sendConnect ncclPollProxyResponse opId=0x7f8eab544730
ecetesla0:2859680:2859716 [0] NCCL INFO transport/net.cc:741 Cuda Host Alloc Size 9641984 pointer 0x7fdbde000000
ecetesla0:2859680:2859716 [0] NCCL INFO proxyProgressAsync opId=0x7fdbf25ca428 op.type=4 op.reqBuff=0x7fdbec01ed00 op.respSize=21040 done
ecetesla0:2859680:2859715 [0] NCCL INFO ncclPollProxyResponse Received new opId=0x7fdbf25ca428
ecetesla0:2859680:2859716 [0] NCCL INFO Received and initiated operation=Connect res=0
ecetesla0:2859680:2859715 [0] NCCL INFO resp.opId=0x7fdbf25ca428 matches expected opId=0x7fdbf25ca428
ecetesla0:2859680:2859715 [0] NCCL INFO sendConnect ncclPollProxyResponse opId=0x7fdbf25ca428
eceTesla1:3164543:3164574 [0] NCCL INFO transport/net.cc:890 Cuda Host Alloc Size 9641984 pointer 0x7f10af400000
eceTesla1:3164543:3164574 [0] NCCL INFO proxyProgressAsync opId=0x7f10bf544810 op.type=4 op.reqBuff=0x7f10a801ff60 op.respSize=21040 done
eceTesla1:3164543:3164573 [0] NCCL INFO ncclPollProxyResponse Received new opId=0x7f10bf544810
ecetesla4:340464:340505 [0] NCCL INFO transport/net.cc:890 Cuda Host Alloc Size 9641984 pointer 0x7f8e9f400000
ecetesla4:340464:340505 [0] NCCL INFO proxyProgressAsync opId=0x7f8eab545238 op.type=4 op.reqBuff=0x7f8e9801fec0 op.respSize=21040 done
ecetesla2:3156908:3170749 [0] NCCL INFO Connected all rings
eceTesla1:3164543:3164574 [0] NCCL INFO Received and initiated operation=Connect res=0
eceTesla1:3164543:3164573 [0] NCCL INFO resp.opId=0x7f10bf544810 matches expected opId=0x7f10bf544810
eceTesla1:3164543:3164573 [0] NCCL INFO recvConnect ncclPollProxyResponse opId=0x7f10bf544810
ecetesla4:340464:340504 [0] NCCL INFO ncclPollProxyResponse Received new opId=0x7f8eab545238
ecetesla4:340464:340505 [0] NCCL INFO Received and initiated operation=Connect res=0
ecetesla4:340464:340504 [0] NCCL INFO resp.opId=0x7f8eab545238 matches expected opId=0x7f8eab545238
ecetesla4:340464:340504 [0] NCCL INFO recvConnect ncclPollProxyResponse opId=0x7f8eab545238
ecetesla2:3156908:3171439 [0] NCCL INFO New proxy send connection 4 from local rank 0, transport 2
ecetesla2:3156908:3171439 [0] NCCL INFO proxyProgressAsync opId=0x7fe1db52ef10 op.type=1 op.reqBuff=0x7fe1cc01de40 op.respSize=16 done
ecetesla2:3156908:3170749 [0] NCCL INFO ncclPollProxyResponse Received new opId=0x7fe1db52ef10
ecetesla2:3156908:3171439 [0] NCCL INFO Received and initiated operation=Init res=0
ecetesla2:3156908:3170749 [0] NCCL INFO resp.opId=0x7fe1db52ef10 matches expected opId=0x7fe1db52ef10
ecetesla2:3156908:3170749 [0] NCCL INFO Connected to proxy localRank 0 -> connection 0x7fe1cc005100
ecetesla2:3156908:3171439 [0] NCCL INFO proxyProgressAsync opId=0x7fe1db52ef10 op.type=3 op.reqBuff=0x7fe1cc020ee0 op.respSize=0 done
ecetesla2:3156908:3170749 [0] NCCL INFO ncclPollProxyResponse Received new opId=0x7fe1db52ef10
ecetesla2:3156908:3170749 [0] NCCL INFO resp.opId=0x7fe1db52ef10 matches expected opId=0x7fe1db52ef10
ecetesla2:3156908:3170749 [0] NCCL INFO Channel 00/0 : 2[0] -> 4[0] [send] via NET/Socket/0
ecetesla2:3156908:3171439 [0] NCCL INFO Received and initiated operation=Setup res=0
ecetesla3:3048178:3074106 [0] NCCL INFO Connected all rings
ecetesla3:3048178:3075299 [0] NCCL INFO New proxy send connection 4 from local rank 0, transport 2
ecetesla3:3048178:3075299 [0] NCCL INFO proxyProgressAsync opId=0x7f390a5b1fb0 op.type=1 op.reqBuff=0x7f38fc01fc50 op.respSize=16 done
ecetesla3:3048178:3074106 [0] NCCL INFO ncclPollProxyResponse Received new opId=0x7f390a5b1fb0
ecetesla3:3048178:3075299 [0] NCCL INFO Received and initiated operation=Init res=0
ecetesla3:3048178:3074106 [0] NCCL INFO resp.opId=0x7f390a5b1fb0 matches expected opId=0x7f390a5b1fb0
ecetesla3:3048178:3074106 [0] NCCL INFO Connected to proxy localRank 0 -> connection 0x7f38fc005100
ecetesla3:3048178:3075299 [0] NCCL INFO proxyProgressAsync opId=0x7f390a5b1fb0 op.type=3 op.reqBuff=0x7f38fc020e40 op.respSize=0 done
ecetesla3:3048178:3074106 [0] NCCL INFO ncclPollProxyResponse Received new opId=0x7f390a5b1fb0
ecetesla3:3048178:3074106 [0] NCCL INFO resp.opId=0x7f390a5b1fb0 matches expected opId=0x7f390a5b1fb0
ecetesla3:3048178:3075299 [0] NCCL INFO Received and initiated operation=Setup res=0
ecetesla3:3048178:3074106 [0] NCCL INFO Channel 01/0 : 3[0] -> 0[0] [send] via NET/Socket/0
ecetesla0:2859680:2859716 [0] NCCL INFO transport/net.cc:890 Cuda Host Alloc Size 9641984 pointer 0x7fdbdea00000
ecetesla0:2859680:2859716 [0] NCCL INFO proxyProgressAsync opId=0x7fdbf25caf30 op.type=4 op.reqBuff=0x7fdbec01fec0 op.respSize=21040 done
ecetesla0:2859680:2859715 [0] NCCL INFO ncclPollProxyResponse Received new opId=0x7fdbf25caf30
ecetesla0:2859680:2859716 [0] NCCL INFO Received and initiated operation=Connect res=0
ecetesla0:2859680:2859715 [0] NCCL INFO resp.opId=0x7fdbf25caf30 matches expected opId=0x7fdbf25caf30
ecetesla0:2859680:2859715 [0] NCCL INFO recvConnect ncclPollProxyResponse opId=0x7fdbf25caf30
eceTesla1:3164543:3164573 [0] NCCL INFO Connected all rings
ecetesla0:2859680:2859715 [0] NCCL INFO Connected all rings
ecetesla0:2859680:2859716 [0] NCCL INFO New proxy recv connection 4 from local rank 0, transport 2
ecetesla0:2859680:2859716 [0] NCCL INFO proxyProgressAsync opId=0x7fdbf25b1fc0 op.type=1 op.reqBuff=0x7fdbec01fec0 op.respSize=16 done
ecetesla0:2859680:2859715 [0] NCCL INFO ncclPollProxyResponse Received new opId=0x7fdbf25b1fc0
ecetesla0:2859680:2859716 [0] NCCL INFO Received and initiated operation=Init res=0
ecetesla0:2859680:2859715 [0] NCCL INFO resp.opId=0x7fdbf25b1fc0 matches expected opId=0x7fdbf25b1fc0
ecetesla0:2859680:2859715 [0] NCCL INFO Connected to proxy localRank 0 -> connection 0x7fdbec005100
eceTesla1:3164543:3164574 [0] NCCL INFO New proxy recv connection 4 from local rank 0, transport 2
eceTesla1:3164543:3164574 [0] NCCL INFO proxyProgressAsync opId=0x7f10bf52ef10 op.type=1 op.reqBuff=0x7f10a801ff60 op.respSize=16 done
ecetesla4:340464:340504 [0] NCCL INFO Connected all rings
ecetesla4:340464:340505 [0] NCCL INFO New proxy recv connection 4 from local rank 0, transport 2
ecetesla4:340464:340505 [0] NCCL INFO proxyProgressAsync opId=0x7f8eab52efc0 op.type=1 op.reqBuff=0x7f8e9801fec0 op.respSize=16 done
eceTesla1:3164543:3164573 [0] NCCL INFO ncclPollProxyResponse Received new opId=0x7f10bf52ef10
eceTesla1:3164543:3164574 [0] NCCL INFO Received and initiated operation=Init res=0
eceTesla1:3164543:3164573 [0] NCCL INFO resp.opId=0x7f10bf52ef10 matches expected opId=0x7f10bf52ef10
eceTesla1:3164543:3164573 [0] NCCL INFO Connected to proxy localRank 0 -> connection 0x7f10a8005100
ecetesla4:340464:340504 [0] NCCL INFO ncclPollProxyResponse Received new opId=0x7f8eab52efc0
ecetesla4:340464:340505 [0] NCCL INFO Received and initiated operation=Init res=0
eceTesla1:3164543:3164574 [0] NCCL INFO proxyProgressAsync opId=0x7f10bf52ef10 op.type=3 op.reqBuff=0x7f10a8020ee0 op.respSize=128 done
eceTesla1:3164543:3164573 [0] NCCL INFO ncclPollProxyResponse Received new opId=0x7f10bf52ef10
ecetesla0:2859680:2859716 [0] NCCL INFO proxyProgressAsync opId=0x7fdbf25b1fc0 op.type=3 op.reqBuff=0x7fdbec020e40 op.respSize=128 done
ecetesla0:2859680:2859715 [0] NCCL INFO ncclPollProxyResponse Received new opId=0x7fdbf25b1fc0
ecetesla0:2859680:2859716 [0] NCCL INFO Received and initiated operation=Setup res=0
ecetesla0:2859680:2859715 [0] NCCL INFO resp.opId=0x7fdbf25b1fc0 matches expected opId=0x7fdbf25b1fc0
ecetesla4:340464:340504 [0] NCCL INFO resp.opId=0x7f8eab52efc0 matches expected opId=0x7f8eab52efc0
ecetesla4:340464:340504 [0] NCCL INFO Connected to proxy localRank 0 -> connection 0x7f8e98005100
eceTesla1:3164543:3164574 [0] NCCL INFO Received and initiated operation=Setup res=0
eceTesla1:3164543:3164573 [0] NCCL INFO resp.opId=0x7f10bf52ef10 matches expected opId=0x7f10bf52ef10
eceTesla1:3164543:3164573 [0] NCCL INFO Channel 00/0 : 2[0] -> 1[0] [receive] via NET/Socket/0
ecetesla0:2859680:2859715 [0] NCCL INFO Channel 01/0 : 3[0] -> 0[0] [receive] via NET/Socket/0
ecetesla0:2859680:2859716 [0] NCCL INFO New proxy send connection 5 from local rank 0, transport 2
ecetesla0:2859680:2859716 [0] NCCL INFO proxyProgressAsync opId=0x7fdbf25b1fc0 op.type=1 op.reqBuff=0x7fdbec020e20 op.respSize=16 done
ecetesla0:2859680:2859715 [0] NCCL INFO ncclPollProxyResponse Received new opId=0x7fdbf25b1fc0
ecetesla0:2859680:2859716 [0] NCCL INFO Received and initiated operation=Init res=0
ecetesla0:2859680:2859715 [0] NCCL INFO resp.opId=0x7fdbf25b1fc0 matches expected opId=0x7fdbf25b1fc0
ecetesla0:2859680:2859715 [0] NCCL INFO Connected to proxy localRank 0 -> connection 0x7fdbec005178
ecetesla0:2859680:2859716 [0] NCCL INFO proxyProgressAsync opId=0x7fdbf25b1fc0 op.type=3 op.reqBuff=0x7fdbec020f90 op.respSize=0 done
ecetesla4:340464:340505 [0] NCCL INFO proxyProgressAsync opId=0x7f8eab52efc0 op.type=3 op.reqBuff=0x7f8e98020e40 op.respSize=128 done
ecetesla2:3156908:3171439 [0] NCCL INFO New proxy recv connection 5 from local rank 0, transport 2
ecetesla2:3156908:3171439 [0] NCCL INFO proxyProgressAsync opId=0x7fe1db52ef10 op.type=1 op.reqBuff=0x7fe1cc020ec0 op.respSize=16 done
ecetesla2:3156908:3170749 [0] NCCL INFO ncclPollProxyResponse Received new opId=0x7fe1db52ef10
ecetesla2:3156908:3171439 [0] NCCL INFO Received and initiated operation=Init res=0
ecetesla2:3156908:3170749 [0] NCCL INFO resp.opId=0x7fe1db52ef10 matches expected opId=0x7fe1db52ef10
eceTesla1:3164543:3164574 [0] NCCL INFO New proxy send connection 5 from local rank 0, transport 2
eceTesla1:3164543:3164574 [0] NCCL INFO proxyProgressAsync opId=0x7f10bf52ef10 op.type=1 op.reqBuff=0x7f10a8020ec0 op.respSize=16 done
ecetesla0:2859680:2859715 [0] NCCL INFO ncclPollProxyResponse Received new opId=0x7fdbf25b1fc0
ecetesla0:2859680:2859715 [0] NCCL INFO resp.opId=0x7fdbf25b1fc0 matches expected opId=0x7fdbf25b1fc0
ecetesla0:2859680:2859715 [0] NCCL INFO Channel 01/0 : 0[0] -> 3[0] [send] via NET/Socket/0
ecetesla0:2859680:2859716 [0] NCCL INFO Received and initiated operation=Setup res=0
ecetesla4:340464:340504 [0] NCCL INFO ncclPollProxyResponse Received new opId=0x7f8eab52efc0
ecetesla4:340464:340505 [0] NCCL INFO Received and initiated operation=Setup res=0
ecetesla4:340464:340504 [0] NCCL INFO resp.opId=0x7f8eab52efc0 matches expected opId=0x7f8eab52efc0
ecetesla4:340464:340504 [0] NCCL INFO Channel 00/0 : 2[0] -> 4[0] [receive] via NET/Socket/0
ecetesla2:3156908:3170749 [0] NCCL INFO Connected to proxy localRank 0 -> connection 0x7fe1cc005178
eceTesla1:3164543:3164573 [0] NCCL INFO ncclPollProxyResponse Received new opId=0x7f10bf52ef10
eceTesla1:3164543:3164574 [0] NCCL INFO Received and initiated operation=Init res=0
eceTesla1:3164543:3164573 [0] NCCL INFO resp.opId=0x7f10bf52ef10 matches expected opId=0x7f10bf52ef10
eceTesla1:3164543:3164573 [0] NCCL INFO Connected to proxy localRank 0 -> connection 0x7f10a8005178
ecetesla4:340464:340505 [0] NCCL INFO New proxy send connection 5 from local rank 0, transport 2
ecetesla4:340464:340505 [0] NCCL INFO proxyProgressAsync opId=0x7f8eab52efc0 op.type=1 op.reqBuff=0x7f8e98020e20 op.respSize=16 done
ecetesla2:3156908:3171439 [0] NCCL INFO proxyProgressAsync opId=0x7fe1db52ef10 op.type=3 op.reqBuff=0x7fe1cc020f10 op.respSize=128 done
eceTesla1:3164543:3164574 [0] NCCL INFO proxyProgressAsync opId=0x7f10bf52ef10 op.type=3 op.reqBuff=0x7f10a8021030 op.respSize=0 done
ecetesla4:340464:340504 [0] NCCL INFO ncclPollProxyResponse Received new opId=0x7f8eab52efc0
ecetesla4:340464:340505 [0] NCCL INFO Received and initiated operation=Init res=0
ecetesla2:3156908:3170749 [0] NCCL INFO ncclPollProxyResponse Received new opId=0x7fe1db52ef10
ecetesla2:3156908:3171439 [0] NCCL INFO Received and initiated operation=Setup res=0
ecetesla2:3156908:3170749 [0] NCCL INFO resp.opId=0x7fe1db52ef10 matches expected opId=0x7fe1db52ef10
ecetesla2:3156908:3170749 [0] NCCL INFO Channel 00/0 : 4[0] -> 2[0] [receive] via NET/Socket/0
eceTesla1:3164543:3164573 [0] NCCL INFO ncclPollProxyResponse Received new opId=0x7f10bf52ef10
eceTesla1:3164543:3164573 [0] NCCL INFO resp.opId=0x7f10bf52ef10 matches expected opId=0x7f10bf52ef10
ecetesla4:340464:340504 [0] NCCL INFO resp.opId=0x7f8eab52efc0 matches expected opId=0x7f8eab52efc0
ecetesla4:340464:340504 [0] NCCL INFO Connected to proxy localRank 0 -> connection 0x7f8e98005178
ecetesla2:3156908:3171439 [0] NCCL INFO New proxy recv connection 6 from local rank 0, transport 2
ecetesla2:3156908:3171439 [0] NCCL INFO proxyProgressAsync opId=0x7fe1db52ef10 op.type=1 op.reqBuff=0x7fe1cc01de40 op.respSize=16 done
eceTesla1:3164543:3164573 [0] NCCL INFO Channel 01/0 : 1[0] -> 0[0] [send] via NET/Socket/0
eceTesla1:3164543:3164574 [0] NCCL INFO Received and initiated operation=Setup res=0
ecetesla4:340464:340505 [0] NCCL INFO proxyProgressAsync opId=0x7f8eab52efc0 op.type=3 op.reqBuff=0x7f8e98020f90 op.respSize=0 done
ecetesla4:340464:340504 [0] NCCL INFO ncclPollProxyResponse Received new opId=0x7f8eab52efc0
ecetesla2:3156908:3170749 [0] NCCL INFO ncclPollProxyResponse Received new opId=0x7fe1db52ef10
ecetesla2:3156908:3171439 [0] NCCL INFO Received and initiated operation=Init res=0
ecetesla4:340464:340504 [0] NCCL INFO resp.opId=0x7f8eab52efc0 matches expected opId=0x7f8eab52efc0
ecetesla4:340464:340505 [0] NCCL INFO Received and initiated operation=Setup res=0
ecetesla3:3048178:3075299 [0] NCCL INFO New proxy recv connection 5 from local rank 0, transport 2
ecetesla3:3048178:3075299 [0] NCCL INFO proxyProgressAsync opId=0x7f390a5b1fb0 op.type=1 op.reqBuff=0x7f38fc020e20 op.respSize=16 done
ecetesla3:3048178:3075299 [0] NCCL INFO Received and initiated operation=Init res=0
ecetesla2:3156908:3170749 [0] NCCL INFO resp.opId=0x7fe1db52ef10 matches expected opId=0x7fe1db52ef10
ecetesla2:3156908:3170749 [0] NCCL INFO Connected to proxy localRank 0 -> connection 0x7fe1cc0051f0
ecetesla3:3048178:3074106 [0] NCCL INFO ncclPollProxyResponse Received new opId=0x7f390a5b1fb0
ecetesla3:3048178:3074106 [0] NCCL INFO resp.opId=0x7f390a5b1fb0 matches expected opId=0x7f390a5b1fb0
ecetesla3:3048178:3074106 [0] NCCL INFO Connected to proxy localRank 0 -> connection 0x7f38fc005178
ecetesla2:3156908:3171439 [0] NCCL INFO proxyProgressAsync opId=0x7fe1db52ef10 op.type=3 op.reqBuff=0x7fe1cc021060 op.respSize=128 done
ecetesla4:340464:340504 [0] NCCL INFO Channel 00/0 : 4[0] -> 2[0] [send] via NET/Socket/0
ecetesla4:340464:340505 [0] NCCL INFO New proxy recv connection 6 from local rank 0, transport 2
ecetesla4:340464:340505 [0] NCCL INFO proxyProgressAsync opId=0x7f8eab52efc0 op.type=1 op.reqBuff=0x7f8e9801fec0 op.respSize=16 done
ecetesla2:3156908:3170749 [0] NCCL INFO ncclPollProxyResponse Received new opId=0x7fe1db52ef10
ecetesla2:3156908:3171439 [0] NCCL INFO Received and initiated operation=Setup res=0
ecetesla2:3156908:3170749 [0] NCCL INFO resp.opId=0x7fe1db52ef10 matches expected opId=0x7fe1db52ef10
ecetesla2:3156908:3170749 [0] NCCL INFO Channel 00/0 : 3[0] -> 2[0] [receive] via NET/Socket/0
ecetesla4:340464:340504 [0] NCCL INFO ncclPollProxyResponse Received new opId=0x7f8eab52efc0
ecetesla4:340464:340505 [0] NCCL INFO Received and initiated operation=Init res=0
ecetesla4:340464:340504 [0] NCCL INFO resp.opId=0x7f8eab52efc0 matches expected opId=0x7f8eab52efc0
ecetesla2:3156908:3171439 [0] NCCL INFO New proxy recv connection 7 from local rank 0, transport 2
ecetesla2:3156908:3171439 [0] NCCL INFO proxyProgressAsync opId=0x7fe1db52ef10 op.type=1 op.reqBuff=0x7fe1cc020ec0 op.respSize=16 done
ecetesla4:340464:340504 [0] NCCL INFO Connected to proxy localRank 0 -> connection 0x7f8e980051f0
ecetesla2:3156908:3170749 [0] NCCL INFO ncclPollProxyResponse Received new opId=0x7fe1db52ef10
ecetesla2:3156908:3171439 [0] NCCL INFO Received and initiated operation=Init res=0
ecetesla2:3156908:3170749 [0] NCCL INFO resp.opId=0x7fe1db52ef10 matches expected opId=0x7fe1db52ef10
ecetesla4:340464:340505 [0] NCCL INFO proxyProgressAsync opId=0x7f8eab52efc0 op.type=3 op.reqBuff=0x7f8e98020fc0 op.respSize=128 done
ecetesla2:3156908:3170749 [0] NCCL INFO Connected to proxy localRank 0 -> connection 0x7fe1cc005268
ecetesla4:340464:340504 [0] NCCL INFO ncclPollProxyResponse Received new opId=0x7f8eab52efc0
ecetesla4:340464:340505 [0] NCCL INFO Received and initiated operation=Setup res=0
ecetesla2:3156908:3171439 [0] NCCL INFO proxyProgressAsync opId=0x7fe1db52ef10 op.type=3 op.reqBuff=0x7fe1cc021090 op.respSize=128 done
ecetesla4:340464:340504 [0] NCCL INFO resp.opId=0x7f8eab52efc0 matches expected opId=0x7f8eab52efc0
ecetesla4:340464:340504 [0] NCCL INFO Channel 00/0 : 0[0] -> 4[0] [receive] via NET/Socket/0
ecetesla3:3048178:3075299 [0] NCCL INFO proxyProgressAsync opId=0x7f390a5b1fb0 op.type=3 op.reqBuff=0x7f38fc020e70 op.respSize=128 done
ecetesla3:3048178:3075299 [0] NCCL INFO Received and initiated operation=Setup res=0
ecetesla3:3048178:3074106 [0] NCCL INFO ncclPollProxyResponse Received new opId=0x7f390a5b1fb0
ecetesla2:3156908:3170749 [0] NCCL INFO ncclPollProxyResponse Received new opId=0x7fe1db52ef10
ecetesla2:3156908:3171439 [0] NCCL INFO Received and initiated operation=Setup res=0
ecetesla2:3156908:3170749 [0] NCCL INFO resp.opId=0x7fe1db52ef10 matches expected opId=0x7fe1db52ef10
ecetesla2:3156908:3170749 [0] NCCL INFO Channel 01/0 : 3[0] -> 2[0] [receive] via NET/Socket/0
ecetesla0:2859680:2859716 [0] NCCL INFO New proxy recv connection 6 from local rank 0, transport 2
ecetesla0:2859680:2859716 [0] NCCL INFO proxyProgressAsync opId=0x7fdbf25b1fc0 op.type=1 op.reqBuff=0x7fdbec01fec0 op.respSize=16 done
ecetesla0:2859680:2859715 [0] NCCL INFO ncclPollProxyResponse Received new opId=0x7fdbf25b1fc0
ecetesla0:2859680:2859716 [0] NCCL INFO Received and initiated operation=Init res=0
ecetesla0:2859680:2859715 [0] NCCL INFO resp.opId=0x7fdbf25b1fc0 matches expected opId=0x7fdbf25b1fc0
ecetesla0:2859680:2859715 [0] NCCL INFO Connected to proxy localRank 0 -> connection 0x7fdbec0051f0
ecetesla3:3048178:3074106 [0] NCCL INFO resp.opId=0x7f390a5b1fb0 matches expected opId=0x7f390a5b1fb0
ecetesla3:3048178:3074106 [0] NCCL INFO Channel 01/0 : 0[0] -> 3[0] [receive] via NET/Socket/0
ecetesla2:3156908:3171439 [0] NCCL INFO New proxy send connection 8 from local rank 0, transport 2
ecetesla2:3156908:3171439 [0] NCCL INFO proxyProgressAsync opId=0x7fe1db52ef10 op.type=1 op.reqBuff=0x7fe1cc01de40 op.respSize=16 done
ecetesla4:340464:340505 [0] NCCL INFO New proxy send connection 7 from local rank 0, transport 2
ecetesla4:340464:340505 [0] NCCL INFO proxyProgressAsync opId=0x7f8eab52efc0 op.type=1 op.reqBuff=0x7f8e98020e20 op.respSize=16 done
ecetesla2:3156908:3170749 [0] NCCL INFO ncclPollProxyResponse Received new opId=0x7fe1db52ef10
ecetesla2:3156908:3171439 [0] NCCL INFO Received and initiated operation=Init res=0
ecetesla4:340464:340504 [0] NCCL INFO ncclPollProxyResponse Received new opId=0x7f8eab52efc0
ecetesla4:340464:340505 [0] NCCL INFO Received and initiated operation=Init res=0
ecetesla0:2859680:2859716 [0] NCCL INFO proxyProgressAsync opId=0x7fdbf25b1fc0 op.type=3 op.reqBuff=0x7fdbec020fc0 op.respSize=128 done
ecetesla0:2859680:2859715 [0] NCCL INFO ncclPollProxyResponse Received new opId=0x7fdbf25b1fc0
ecetesla0:2859680:2859716 [0] NCCL INFO Received and initiated operation=Setup res=0
ecetesla0:2859680:2859715 [0] NCCL INFO resp.opId=0x7fdbf25b1fc0 matches expected opId=0x7fdbf25b1fc0
ecetesla0:2859680:2859715 [0] NCCL INFO Channel 01/0 : 1[0] -> 0[0] [receive] via NET/Socket/0
ecetesla4:340464:340504 [0] NCCL INFO resp.opId=0x7f8eab52efc0 matches expected opId=0x7f8eab52efc0
ecetesla4:340464:340504 [0] NCCL INFO Connected to proxy localRank 0 -> connection 0x7f8e98005268
ecetesla2:3156908:3170749 [0] NCCL INFO resp.opId=0x7fe1db52ef10 matches expected opId=0x7fe1db52ef10
ecetesla2:3156908:3170749 [0] NCCL INFO Connected to proxy localRank 0 -> connection 0x7fe1cc0052e0
ecetesla0:2859680:2859716 [0] NCCL INFO New proxy send connection 7 from local rank 0, transport 2
ecetesla0:2859680:2859716 [0] NCCL INFO proxyProgressAsync opId=0x7fdbf25b1fc0 op.type=1 op.reqBuff=0x7fdbec020e20 op.respSize=16 done
ecetesla0:2859680:2859715 [0] NCCL INFO ncclPollProxyResponse Received new opId=0x7fdbf25b1fc0
ecetesla4:340464:340505 [0] NCCL INFO proxyProgressAsync opId=0x7f8eab52efc0 op.type=3 op.reqBuff=0x7f8e98020ff0 op.respSize=0 done
ecetesla4:340464:340505 [0] NCCL INFO Received and initiated operation=Setup res=0
ecetesla2:3156908:3171439 [0] NCCL INFO proxyProgressAsync opId=0x7fe1db52ef10 op.type=3 op.reqBuff=0x7fe1cc021090 op.respSize=0 done
ecetesla0:2859680:2859716 [0] NCCL INFO Received and initiated operation=Init res=0
ecetesla0:2859680:2859715 [0] NCCL INFO resp.opId=0x7fdbf25b1fc0 matches expected opId=0x7fdbf25b1fc0
ecetesla0:2859680:2859715 [0] NCCL INFO Connected to proxy localRank 0 -> connection 0x7fdbec005268
ecetesla0:2859680:2859716 [0] NCCL INFO proxyProgressAsync opId=0x7fdbf25b1fc0 op.type=3 op.reqBuff=0x7fdbec020ff0 op.respSize=0 done
ecetesla4:340464:340504 [0] NCCL INFO ncclPollProxyResponse Received new opId=0x7f8eab52efc0
ecetesla4:340464:340504 [0] NCCL INFO resp.opId=0x7f8eab52efc0 matches expected opId=0x7f8eab52efc0
ecetesla4:340464:340504 [0] NCCL INFO Channel 01/0 : 4[0] -> 3[0] [send] via NET/Socket/0
ecetesla2:3156908:3170749 [0] NCCL INFO ncclPollProxyResponse Received new opId=0x7fe1db52ef10
ecetesla2:3156908:3170749 [0] NCCL INFO resp.opId=0x7fe1db52ef10 matches expected opId=0x7fe1db52ef10
ecetesla2:3156908:3170749 [0] NCCL INFO Channel 00/0 : 2[0] -> 1[0] [send] via NET/Socket/0
ecetesla0:2859680:2859715 [0] NCCL INFO ncclPollProxyResponse Received new opId=0x7fdbf25b1fc0
ecetesla0:2859680:2859715 [0] NCCL INFO resp.opId=0x7fdbf25b1fc0 matches expected opId=0x7fdbf25b1fc0
ecetesla0:2859680:2859716 [0] NCCL INFO Received and initiated operation=Setup res=0
ecetesla0:2859680:2859715 [0] NCCL INFO Channel 00/0 : 0[0] -> 4[0] [send] via NET/Socket/0
ecetesla3:3048178:3075299 [0] NCCL INFO New proxy recv connection 6 from local rank 0, transport 2
ecetesla3:3048178:3075299 [0] NCCL INFO proxyProgressAsync opId=0x7f390a5b1fb0 op.type=1 op.reqBuff=0x7f38fc01fc50 op.respSize=16 done
ecetesla3:3048178:3075299 [0] NCCL INFO Received and initiated operation=Init res=0
ecetesla3:3048178:3074106 [0] NCCL INFO ncclPollProxyResponse Received new opId=0x7f390a5b1fb0
ecetesla3:3048178:3074106 [0] NCCL INFO resp.opId=0x7f390a5b1fb0 matches expected opId=0x7f390a5b1fb0
ecetesla3:3048178:3074106 [0] NCCL INFO Connected to proxy localRank 0 -> connection 0x7f38fc0051f0
ecetesla2:3156908:3171439 [0] NCCL INFO Received and initiated operation=Setup res=0
ecetesla3:3048178:3075299 [0] NCCL INFO proxyProgressAsync opId=0x7f390a5b1fb0 op.type=3 op.reqBuff=0x7f38fc020fc0 op.respSize=128 done
ecetesla0:2859680:2859715 [0] NCCL INFO recvConnect ncclProxyCallAsync opId=0x7fdbf25cac08 &recv->proxyConn=0x7fdbf25cac10 connectInfo=0x7fdbf25e16d0
ecetesla0:2859680:2859715 [0] NCCL INFO sendConnect ncclProxyCallAsync opId=0x7fdbf25caa78
ecetesla3:3048178:3075299 [0] NCCL INFO Received and initiated operation=Setup res=0
ecetesla3:3048178:3074106 [0] NCCL INFO ncclPollProxyResponse Received new opId=0x7f390a5b1fb0
ecetesla3:3048178:3074106 [0] NCCL INFO resp.opId=0x7f390a5b1fb0 matches expected opId=0x7f390a5b1fb0
eceTesla1:3164543:3164573 [0] NCCL INFO recvConnect ncclProxyCallAsync opId=0x7f10bf532520 &recv->proxyConn=0x7f10bf532528 connectInfo=0x7f10bf54e3e0
ecetesla0:2859680:2859716 [0] NCCL INFO Received and initiated operation=Connect res=0
ecetesla0:2859680:2859715 [0] NCCL INFO sendConnect ncclProxyCallAsync opId=0x7fdbf25b5ac0
ecetesla0:2859680:2859715 [0] NCCL INFO recvConnect ncclProxyCallAsync opId=0x7fdbf25ca5b8 &recv->proxyConn=0x7fdbf25ca5c0 connectInfo=0x7fdbf25ebb80
ecetesla3:3048178:3074106 [0] NCCL INFO Channel 01/0 : 4[0] -> 3[0] [receive] via NET/Socket/0
eceTesla1:3164543:3164573 [0] NCCL INFO sendConnect ncclProxyCallAsync opId=0x7f10bf544680
eceTesla1:3164543:3164574 [0] NCCL INFO Received and initiated operation=Connect res=0
ecetesla3:3048178:3075299 [0] NCCL INFO New proxy send connection 7 from local rank 0, transport 2
ecetesla3:3048178:3075299 [0] NCCL INFO proxyProgressAsync opId=0x7f390a5b1fb0 op.type=1 op.reqBuff=0x7f38fc020e20 op.respSize=16 done
ecetesla3:3048178:3075299 [0] NCCL INFO Received and initiated operation=Init res=0
ecetesla3:3048178:3074106 [0] NCCL INFO ncclPollProxyResponse Received new opId=0x7f390a5b1fb0
ecetesla3:3048178:3074106 [0] NCCL INFO resp.opId=0x7f390a5b1fb0 matches expected opId=0x7f390a5b1fb0
ecetesla3:3048178:3074106 [0] NCCL INFO Connected to proxy localRank 0 -> connection 0x7f38fc005268
ecetesla3:3048178:3075299 [0] NCCL INFO proxyProgressAsync opId=0x7f390a5b1fb0 op.type=3 op.reqBuff=0x7f38fc020ff0 op.respSize=0 done
ecetesla3:3048178:3075299 [0] NCCL INFO Received and initiated operation=Setup res=0
ecetesla3:3048178:3074106 [0] NCCL INFO ncclPollProxyResponse Received new opId=0x7f390a5b1fb0
ecetesla3:3048178:3074106 [0] NCCL INFO resp.opId=0x7f390a5b1fb0 matches expected opId=0x7f390a5b1fb0
ecetesla3:3048178:3074106 [0] NCCL INFO Channel 00/0 : 3[0] -> 2[0] [send] via NET/Socket/0
ecetesla3:3048178:3075299 [0] NCCL INFO New proxy send connection 8 from local rank 0, transport 2
ecetesla3:3048178:3075299 [0] NCCL INFO proxyProgressAsync opId=0x7f390a5b1fb0 op.type=1 op.reqBuff=0x7f38fc01fc50 op.respSize=16 done
ecetesla3:3048178:3075299 [0] NCCL INFO Received and initiated operation=Init res=0
ecetesla3:3048178:3074106 [0] NCCL INFO ncclPollProxyResponse Received new opId=0x7f390a5b1fb0
ecetesla3:3048178:3074106 [0] NCCL INFO resp.opId=0x7f390a5b1fb0 matches expected opId=0x7f390a5b1fb0
ecetesla3:3048178:3074106 [0] NCCL INFO Connected to proxy localRank 0 -> connection 0x7f38fc0052e0
ecetesla3:3048178:3075299 [0] NCCL INFO proxyProgressAsync opId=0x7f390a5b1fb0 op.type=3 op.reqBuff=0x7f38fc020ff0 op.respSize=0 done
ecetesla3:3048178:3075299 [0] NCCL INFO Received and initiated operation=Setup res=0
ecetesla3:3048178:3074106 [0] NCCL INFO ncclPollProxyResponse Received new opId=0x7f390a5b1fb0
ecetesla3:3048178:3074106 [0] NCCL INFO resp.opId=0x7f390a5b1fb0 matches expected opId=0x7f390a5b1fb0
ecetesla3:3048178:3074106 [0] NCCL INFO Channel 01/0 : 3[0] -> 2[0] [send] via NET/Socket/0
ecetesla4:340464:340504 [0] NCCL INFO recvConnect ncclProxyCallAsync opId=0x7f8eab5325d0 &recv->proxyConn=0x7f8eab5325d8 connectInfo=0x7f8eab558940
ecetesla4:340464:340504 [0] NCCL INFO sendConnect ncclProxyCallAsync opId=0x7f8eab532440
ecetesla4:340464:340505 [0] NCCL INFO Received and initiated operation=Connect res=0
ecetesla4:340464:340504 [0] NCCL INFO recvConnect ncclProxyCallAsync opId=0x7f8eab531f80 &recv->proxyConn=0x7f8eab531f88 connectInfo=0x7f8eab562df0
ecetesla4:340464:340504 [0] NCCL INFO sendConnect ncclProxyCallAsync opId=0x7f8eab5450a8
ecetesla2:3156908:3170749 [0] NCCL INFO sendConnect ncclProxyCallAsync opId=0x7fe1db5329e0
ecetesla2:3156908:3170749 [0] NCCL INFO recvConnect ncclProxyCallAsync opId=0x7fe1db532b70 &recv->proxyConn=0x7fe1db532b78 connectInfo=0x7fe1db564d50
ecetesla2:3156908:3170749 [0] NCCL INFO sendConnect ncclProxyCallAsync opId=0x7fe1db532068
ecetesla2:3156908:3170749 [0] NCCL INFO recvConnect ncclProxyCallAsync opId=0x7fe1db532848 &recv->proxyConn=0x7fe1db532850 connectInfo=0x7fe1db558890
ecetesla3:3048178:3074106 [0] NCCL INFO sendConnect ncclProxyCallAsync opId=0x7f390a5c79b0
ecetesla3:3048178:3074106 [0] NCCL INFO recvConnect ncclProxyCallAsync opId=0x7f390a5c7b40 &recv->proxyConn=0x7f390a5c7b48 connectInfo=0x7f390a5d3790
ecetesla3:3048178:3074106 [0] NCCL INFO sendConnect ncclProxyCallAsync opId=0x7f390a5b56c0
ecetesla3:3048178:3074106 [0] NCCL INFO sendConnect ncclProxyCallAsync opId=0x7f390a5c8000
ecetesla3:3048178:3074106 [0] NCCL INFO recvConnect ncclProxyCallAsync opId=0x7f390a5c87e0 &recv->proxyConn=0x7f390a5c87e8 connectInfo=0x7f390a5e60e0
ecetesla2:3156908:3170749 [0] NCCL INFO recvConnect ncclProxyCallAsync opId=0x7fe1db545188 &recv->proxyConn=0x7fe1db545190 connectInfo=0x7fe1db558910
eceTesla1:3164543:3164574 [0] NCCL INFO transport/net.cc:741 Cuda Host Alloc Size 9641984 pointer 0x7f10a6000000
eceTesla1:3164543:3164574 [0] NCCL INFO proxyProgressAsync opId=0x7f10bf544680 op.type=4 op.reqBuff=0x7f10a8021100 op.respSize=21040 done
eceTesla1:3164543:3164573 [0] NCCL INFO ncclPollProxyResponse Received new opId=0x7f10bf544680
eceTesla1:3164543:3164574 [0] NCCL INFO Received and initiated operation=Connect res=0
eceTesla1:3164543:3164573 [0] NCCL INFO Queuing opId=0x7f10bf544680 respBuff=0x7f10bf54e3e0 respSize=21040
eceTesla1:3164543:3164573 [0] NCCL INFO ncclPollProxyResponse Dequeued cached opId=0x7f10bf544680
eceTesla1:3164543:3164573 [0] NCCL INFO sendConnect ncclPollProxyResponse opId=0x7f10bf544680
ecetesla0:2859680:2859716 [0] NCCL INFO transport/net.cc:741 Cuda Host Alloc Size 9641984 pointer 0x7fdbdf400000
ecetesla0:2859680:2859716 [0] NCCL INFO proxyProgressAsync opId=0x7fdbf25caa78 op.type=4 op.reqBuff=0x7fdbec021150 op.respSize=21040 done
ecetesla0:2859680:2859715 [0] NCCL INFO ncclPollProxyResponse Received new opId=0x7fdbf25caa78
ecetesla0:2859680:2859716 [0] NCCL INFO Received and initiated operation=Connect res=0
ecetesla0:2859680:2859715 [0] NCCL INFO Queuing opId=0x7fdbf25caa78 respBuff=0x7fdbf25ebb80 respSize=21040
ecetesla0:2859680:2859715 [0] NCCL INFO ncclPollProxyResponse Dequeued cached opId=0x7fdbf25caa78
ecetesla0:2859680:2859715 [0] NCCL INFO sendConnect ncclPollProxyResponse opId=0x7fdbf25caa78
ecetesla4:340464:340505 [0] NCCL INFO transport/net.cc:741 Cuda Host Alloc Size 9641984 pointer 0x7f8e8e000000
ecetesla4:340464:340505 [0] NCCL INFO proxyProgressAsync opId=0x7f8eab532440 op.type=4 op.reqBuff=0x7f8e98021150 op.respSize=21040 done
ecetesla4:340464:340504 [0] NCCL INFO ncclPollProxyResponse Received new opId=0x7f8eab532440
ecetesla4:340464:340505 [0] NCCL INFO Received and initiated operation=Connect res=0
ecetesla4:340464:340504 [0] NCCL INFO Queuing opId=0x7f8eab532440 respBuff=0x7f8eab562df0 respSize=21040
ecetesla4:340464:340504 [0] NCCL INFO ncclPollProxyResponse Dequeued cached opId=0x7f8eab532440
ecetesla4:340464:340504 [0] NCCL INFO sendConnect ncclPollProxyResponse opId=0x7f8eab532440
ecetesla2:3156908:3171439 [0] NCCL INFO transport/net.cc:741 Cuda Host Alloc Size 9641984 pointer 0x7fe1c0000000
ecetesla2:3156908:3171439 [0] NCCL INFO proxyProgressAsync opId=0x7fe1db5329e0 op.type=4 op.reqBuff=0x7fe1cc0211b0 op.respSize=21040 done
ecetesla2:3156908:3170749 [0] NCCL INFO ncclPollProxyResponse Received new opId=0x7fe1db5329e0
ecetesla2:3156908:3170749 [0] NCCL INFO resp.opId=0x7fe1db5329e0 matches expected opId=0x7fe1db5329e0
ecetesla2:3156908:3170749 [0] NCCL INFO sendConnect ncclPollProxyResponse opId=0x7fe1db5329e0
ecetesla2:3156908:3171439 [0] NCCL INFO Received and initiated operation=Connect res=0
ecetesla0:2859680:2859716 [0] NCCL INFO transport/net.cc:890 Cuda Host Alloc Size 9641984 pointer 0x7fdbd6000000
ecetesla0:2859680:2859716 [0] NCCL INFO proxyProgressAsync opId=0x7fdbf25cac08 op.type=4 op.reqBuff=0x7fdbec01fec0 op.respSize=21040 done
ecetesla0:2859680:2859715 [0] NCCL INFO ncclPollProxyResponse Received new opId=0x7fdbf25cac08
ecetesla0:2859680:2859715 [0] NCCL INFO resp.opId=0x7fdbf25cac08 matches expected opId=0x7fdbf25cac08
ecetesla0:2859680:2859715 [0] NCCL INFO recvConnect ncclPollProxyResponse opId=0x7fdbf25cac08
ecetesla3:3048178:3075299 [0] NCCL INFO transport/net.cc:741 Cuda Host Alloc Size 9641984 pointer 0x7f38f2a00000
ecetesla3:3048178:3075299 [0] NCCL INFO proxyProgressAsync opId=0x7f390a5c79b0 op.type=4 op.reqBuff=0x7f38fc021110 op.respSize=21040 done
ecetesla3:3048178:3074106 [0] NCCL INFO ncclPollProxyResponse Received new opId=0x7f390a5c79b0
ecetesla3:3048178:3075299 [0] NCCL INFO Received and initiated operation=Connect res=0
ecetesla3:3048178:3074106 [0] NCCL INFO Queuing opId=0x7f390a5c79b0 respBuff=0x7f390a5e60e0 respSize=21040
ecetesla3:3048178:3074106 [0] NCCL INFO ncclPollProxyResponse Dequeued cached opId=0x7f390a5c79b0
ecetesla3:3048178:3074106 [0] NCCL INFO sendConnect ncclPollProxyResponse opId=0x7f390a5c79b0
ecetesla3:3048178:3075299 [0] NCCL INFO transport/net.cc:890 Cuda Host Alloc Size 9641984 pointer 0x7f38f3400000
ecetesla3:3048178:3075299 [0] NCCL INFO proxyProgressAsync opId=0x7f390a5c7b40 op.type=4 op.reqBuff=0x7f38fc021110 op.respSize=21040 done
ecetesla3:3048178:3075299 [0] NCCL INFO Received and initiated operation=Connect res=0
ecetesla3:3048178:3074106 [0] NCCL INFO ncclPollProxyResponse Received new opId=0x7f390a5c7b40
ecetesla3:3048178:3074106 [0] NCCL INFO Queuing opId=0x7f390a5c7b40 respBuff=0x7f390a5e60e0 respSize=21040
ecetesla3:3048178:3074106 [0] NCCL INFO ncclPollProxyResponse Dequeued cached opId=0x7f390a5c7b40
ecetesla3:3048178:3074106 [0] NCCL INFO recvConnect ncclPollProxyResponse opId=0x7f390a5c7b40
ecetesla2:3156908:3171439 [0] NCCL INFO transport/net.cc:890 Cuda Host Alloc Size 9641984 pointer 0x7fe1c0a00000
ecetesla2:3156908:3171439 [0] NCCL INFO proxyProgressAsync opId=0x7fe1db532b70 op.type=4 op.reqBuff=0x7fe1cc0211b0 op.respSize=21040 done
ecetesla2:3156908:3170749 [0] NCCL INFO ncclPollProxyResponse Received new opId=0x7fe1db532b70
ecetesla2:3156908:3171439 [0] NCCL INFO Received and initiated operation=Connect res=0
ecetesla2:3156908:3170749 [0] NCCL INFO Queuing opId=0x7fe1db532b70 respBuff=0x7fe1db558890 respSize=21040
ecetesla2:3156908:3170749 [0] NCCL INFO ncclPollProxyResponse Dequeued cached opId=0x7fe1db532b70
ecetesla2:3156908:3170749 [0] NCCL INFO recvConnect ncclPollProxyResponse opId=0x7fe1db532b70
ecetesla4:340464:340505 [0] NCCL INFO transport/net.cc:890 Cuda Host Alloc Size 9641984 pointer 0x7f8e8ea00000
ecetesla4:340464:340505 [0] NCCL INFO proxyProgressAsync opId=0x7f8eab5325d0 op.type=4 op.reqBuff=0x7f8e9801fec0 op.respSize=21040 done
ecetesla4:340464:340504 [0] NCCL INFO ncclPollProxyResponse Received new opId=0x7f8eab5325d0
ecetesla4:340464:340504 [0] NCCL INFO Queuing opId=0x7f8eab5325d0 respBuff=0x7f8eab562df0 respSize=21040
ecetesla4:340464:340504 [0] NCCL INFO ncclPollProxyResponse Dequeued cached opId=0x7f8eab5325d0
ecetesla4:340464:340504 [0] NCCL INFO recvConnect ncclPollProxyResponse opId=0x7f8eab5325d0
ecetesla0:2859680:2859716 [0] NCCL INFO transport/net.cc:741 Cuda Host Alloc Size 9641984 pointer 0x7fdbd6a00000
ecetesla0:2859680:2859716 [0] NCCL INFO proxyProgressAsync opId=0x7fdbf25b5ac0 op.type=4 op.reqBuff=0x7fdbec022ff0 op.respSize=21040 done
ecetesla0:2859680:2859715 [0] NCCL INFO ncclPollProxyResponse Received new opId=0x7fdbf25b5ac0
ecetesla0:2859680:2859716 [0] NCCL INFO Received and initiated operation=Connect res=0
ecetesla0:2859680:2859715 [0] NCCL INFO Queuing opId=0x7fdbf25b5ac0 respBuff=0x7fdbf25ebb80 respSize=21040
ecetesla0:2859680:2859715 [0] NCCL INFO ncclPollProxyResponse Dequeued cached opId=0x7fdbf25b5ac0
ecetesla0:2859680:2859715 [0] NCCL INFO sendConnect ncclPollProxyResponse opId=0x7fdbf25b5ac0
eceTesla1:3164543:3164574 [0] NCCL INFO transport/net.cc:890 Cuda Host Alloc Size 9641984 pointer 0x7f10a6a00000
eceTesla1:3164543:3164574 [0] NCCL INFO proxyProgressAsync opId=0x7f10bf532520 op.type=4 op.reqBuff=0x7f10a801ff60 op.respSize=21040 done
eceTesla1:3164543:3164573 [0] NCCL INFO ncclPollProxyResponse Received new opId=0x7f10bf532520
eceTesla1:3164543:3164573 [0] NCCL INFO resp.opId=0x7f10bf532520 matches expected opId=0x7f10bf532520
eceTesla1:3164543:3164573 [0] NCCL INFO recvConnect ncclPollProxyResponse opId=0x7f10bf532520
ecetesla4:340464:340505 [0] NCCL INFO transport/net.cc:890 Cuda Host Alloc Size 9641984 pointer 0x7f8e8f400000
ecetesla4:340464:340505 [0] NCCL INFO proxyProgressAsync opId=0x7f8eab531f80 op.type=4 op.reqBuff=0x7f8e9801fec0 op.respSize=21040 done
ecetesla4:340464:340504 [0] NCCL INFO ncclPollProxyResponse Received new opId=0x7f8eab531f80
ecetesla4:340464:340505 [0] NCCL INFO Received and initiated operation=Connect res=0
ecetesla4:340464:340504 [0] NCCL INFO resp.opId=0x7f8eab531f80 matches expected opId=0x7f8eab531f80
ecetesla4:340464:340504 [0] NCCL INFO recvConnect ncclPollProxyResponse opId=0x7f8eab531f80
ecetesla2:3156908:3171439 [0] NCCL INFO transport/net.cc:741 Cuda Host Alloc Size 9641984 pointer 0x7fe1c1400000
ecetesla2:3156908:3171439 [0] NCCL INFO proxyProgressAsync opId=0x7fe1db532068 op.type=4 op.reqBuff=0x7fe1cc035be0 op.respSize=21040 done
ecetesla2:3156908:3170749 [0] NCCL INFO ncclPollProxyResponse Received new opId=0x7fe1db532068
ecetesla2:3156908:3171439 [0] NCCL INFO Received and initiated operation=Connect res=0
ecetesla2:3156908:3170749 [0] NCCL INFO Queuing opId=0x7fe1db532068 respBuff=0x7fe1db56d1f0 respSize=21040
ecetesla2:3156908:3170749 [0] NCCL INFO ncclPollProxyResponse Dequeued cached opId=0x7fe1db532068
ecetesla2:3156908:3170749 [0] NCCL INFO sendConnect ncclPollProxyResponse opId=0x7fe1db532068
ecetesla3:3048178:3075299 [0] NCCL INFO transport/net.cc:741 Cuda Host Alloc Size 9641984 pointer 0x7f38f0000000
ecetesla3:3048178:3075299 [0] NCCL INFO proxyProgressAsync opId=0x7f390a5b56c0 op.type=4 op.reqBuff=0x7f38fc022e00 op.respSize=21040 done
ecetesla3:3048178:3075299 [0] NCCL INFO Received and initiated operation=Connect res=0
ecetesla3:3048178:3074106 [0] NCCL INFO ncclPollProxyResponse Received new opId=0x7f390a5b56c0
ecetesla3:3048178:3074106 [0] NCCL INFO Queuing opId=0x7f390a5b56c0 respBuff=0x7f390a5f0590 respSize=21040
ecetesla3:3048178:3074106 [0] NCCL INFO ncclPollProxyResponse Dequeued cached opId=0x7f390a5b56c0
ecetesla3:3048178:3074106 [0] NCCL INFO sendConnect ncclPollProxyResponse opId=0x7f390a5b56c0
ecetesla4:340464:340505 [0] NCCL INFO transport/net.cc:741 Cuda Host Alloc Size 9641984 pointer 0x7f8e8c000000
ecetesla4:340464:340505 [0] NCCL INFO proxyProgressAsync opId=0x7f8eab5450a8 op.type=4 op.reqBuff=0x7f8e98021050 op.respSize=21040 done
ecetesla4:340464:340504 [0] NCCL INFO ncclPollProxyResponse Received new opId=0x7f8eab5450a8
ecetesla4:340464:340505 [0] NCCL INFO Received and initiated operation=Connect res=0
ecetesla4:340464:340504 [0] NCCL INFO resp.opId=0x7f8eab5450a8 matches expected opId=0x7f8eab5450a8
ecetesla4:340464:340504 [0] NCCL INFO sendConnect ncclPollProxyResponse opId=0x7f8eab5450a8
ecetesla2:3156908:3171439 [0] NCCL INFO transport/net.cc:890 Cuda Host Alloc Size 9641984 pointer 0x7fe1be000000
ecetesla2:3156908:3171439 [0] NCCL INFO proxyProgressAsync opId=0x7fe1db532848 op.type=4 op.reqBuff=0x7fe1cc035be0 op.respSize=21040 done
ecetesla2:3156908:3170749 [0] NCCL INFO ncclPollProxyResponse Received new opId=0x7fe1db532848
ecetesla2:3156908:3171439 [0] NCCL INFO Received and initiated operation=Connect res=0
ecetesla2:3156908:3170749 [0] NCCL INFO Queuing opId=0x7fe1db532848 respBuff=0x7fe1db558890 respSize=21040
ecetesla2:3156908:3170749 [0] NCCL INFO ncclPollProxyResponse Dequeued cached opId=0x7fe1db532848
ecetesla2:3156908:3170749 [0] NCCL INFO recvConnect ncclPollProxyResponse opId=0x7fe1db532848
ecetesla3:3048178:3075299 [0] NCCL INFO transport/net.cc:741 Cuda Host Alloc Size 9641984 pointer 0x7f38f0a00000
ecetesla3:3048178:3075299 [0] NCCL INFO proxyProgressAsync opId=0x7f390a5c8000 op.type=4 op.reqBuff=0x7f38fc022e00 op.respSize=21040 done
ecetesla3:3048178:3074106 [0] NCCL INFO ncclPollProxyResponse Received new opId=0x7f390a5c8000
ecetesla3:3048178:3075299 [0] NCCL INFO Received and initiated operation=Connect res=0
ecetesla3:3048178:3074106 [0] NCCL INFO resp.opId=0x7f390a5c8000 matches expected opId=0x7f390a5c8000
ecetesla3:3048178:3074106 [0] NCCL INFO sendConnect ncclPollProxyResponse opId=0x7f390a5c8000
ecetesla0:2859680:2859716 [0] NCCL INFO transport/net.cc:890 Cuda Host Alloc Size 9641984 pointer 0x7fdbd7400000
ecetesla0:2859680:2859716 [0] NCCL INFO proxyProgressAsync opId=0x7fdbf25ca5b8 op.type=4 op.reqBuff=0x7fdbec021050 op.respSize=21040 done
ecetesla0:2859680:2859715 [0] NCCL INFO ncclPollProxyResponse Received new opId=0x7fdbf25ca5b8
ecetesla0:2859680:2859716 [0] NCCL INFO Received and initiated operation=Connect res=0
ecetesla0:2859680:2859715 [0] NCCL INFO resp.opId=0x7fdbf25ca5b8 matches expected opId=0x7fdbf25ca5b8
ecetesla0:2859680:2859715 [0] NCCL INFO recvConnect ncclPollProxyResponse opId=0x7fdbf25ca5b8
ecetesla2:3156908:3171439 [0] NCCL INFO transport/net.cc:890 Cuda Host Alloc Size 9641984 pointer 0x7fe1bea00000
ecetesla2:3156908:3171439 [0] NCCL INFO proxyProgressAsync opId=0x7fe1db545188 op.type=4 op.reqBuff=0x7fe1cc035be0 op.respSize=21040 done
ecetesla2:3156908:3171439 [0] NCCL INFO Received and initiated operation=Connect res=0
ecetesla2:3156908:3170749 [0] NCCL INFO ncclPollProxyResponse Received new opId=0x7fe1db545188
ecetesla2:3156908:3170749 [0] NCCL INFO resp.opId=0x7fe1db545188 matches expected opId=0x7fe1db545188
ecetesla2:3156908:3170749 [0] NCCL INFO recvConnect ncclPollProxyResponse opId=0x7fe1db545188
ecetesla3:3048178:3075299 [0] NCCL INFO transport/net.cc:890 Cuda Host Alloc Size 9641984 pointer 0x7f38f1400000
ecetesla3:3048178:3075299 [0] NCCL INFO proxyProgressAsync opId=0x7f390a5c87e0 op.type=4 op.reqBuff=0x7f38fc022e00 op.respSize=21040 done
ecetesla3:3048178:3074106 [0] NCCL INFO ncclPollProxyResponse Received new opId=0x7f390a5c87e0
ecetesla3:3048178:3075299 [0] NCCL INFO Received and initiated operation=Connect res=0
ecetesla3:3048178:3074106 [0] NCCL INFO resp.opId=0x7f390a5c87e0 matches expected opId=0x7f390a5c87e0
ecetesla3:3048178:3074106 [0] NCCL INFO recvConnect ncclPollProxyResponse opId=0x7f390a5c87e0
ecetesla0:2859680:2859715 [0] NCCL INFO Connected all trees
ecetesla0:2859680:2859715 [0] NCCL INFO NCCL_PROTO set by environment to simple
ecetesla0:2859680:2859715 [0] NCCL INFO   Algorithm   |                            Tree                  |                            Ring                  |                   CollNetDirect                  |
ecetesla0:2859680:2859715 [0] NCCL INFO   Protocol    |             LL |          LL128 |         Simple |             LL |          LL128 |         Simple |             LL |          LL128 |         Simple |
ecetesla0:2859680:2859715 [0] NCCL INFO  Max NThreads |            512 |            640 |            512 |            512 |            640 |            256 |              0 |              0 |            640 |
ecetesla0:2859680:2859715 [0] NCCL INFO     Broadcast |     0.0/   0.0 |     0.0/   0.0 |     0.0/   0.0 |     9.3/   0.0 |    18.0/   0.0 |    22.4/   0.1 |     0.0/   0.0 |     0.0/   0.0 |     0.0/   0.0 |
ecetesla0:2859680:2859715 [0] NCCL INFO        Reduce |     0.0/   0.0 |     0.0/   0.0 |     0.0/   0.0 |     9.3/   0.0 |    18.0/   0.0 |    22.4/   0.1 |     0.0/   0.0 |     0.0/   0.0 |     0.0/   0.0 |
