2024-10-22 12:56:19 | Rank 2 | Local GPU 0 | CPU: 16.7%, Mem: 7.3%, GPU: 0%, GPU Mem: 189 MB

2024-10-22 12:56:19 | Rank 3 | Local GPU 0 | CPU: 57.7%, Mem: 9.4%, GPU: 0%, GPU Mem: 116 MB

2024-10-22 12:56:20 | Rank 1 | Local GPU 0 | CPU: 0.2%, Mem: 5.0%, GPU: 0%, GPU Mem: 189 MB

2024-10-22 12:56:20 | Rank 4 | Local GPU 0 | CPU: 6.7%, Mem: 9.3%, GPU: 0%, GPU Mem: 2789 MB

2024-10-22 12:56:20 | Rank 0 | Local GPU 0 | CPU: 11.1%, Mem: 17.4%, GPU: 0%, GPU Mem: 138 MB

Rank 0: Matrix multiplication complete
ecetesla0:2860552:2860552 [0] NCCL INFO NCCL_SOCKET_IFNAME set by environment to ^docker,lo
ecetesla0:2860552:2860552 [0] NCCL INFO NCCL_SOCKET_IFNAME set to ^docker,lo
ecetesla0:2860552:2860552 [0] NCCL INFO Bootstrap : Using eno1:129.97.92.168<0>
ecetesla0:2860552:2860552 [0] NCCL INFO NET/Plugin : dlerror=libnccl-net.so: cannot open shared object file: No such file or directory No plugin found (libnccl-net.so), using internal implementation
ecetesla0:2860552:2860552 [0] NCCL INFO cudaDriverVersion 12020
NCCL version 2.20.5+cuda12.4
ecetesla0:2860552:2860552 [0] NCCL INFO init.cc:1732 Cuda Host Alloc Size 4 pointer 0x7f0adfa00000
ecetesla2:231758:231758 [0] NCCL INFO cudaDriverVersion 12020
ecetesla4:341271:341271 [0] NCCL INFO cudaDriverVersion 12020
ecetesla2:231758:231758 [0] NCCL INFO NCCL_SOCKET_IFNAME set by environment to ^docker,lo
ecetesla2:231758:231758 [0] NCCL INFO NCCL_SOCKET_IFNAME set to ^docker,lo
ecetesla2:231758:231758 [0] NCCL INFO Bootstrap : Using enp4s0f1:129.97.92.170<0>
ecetesla3:1372993:1372993 [0] NCCL INFO cudaDriverVersion 12020
ecetesla2:231758:231758 [0] NCCL INFO NET/Plugin : dlerror=libnccl-net.so: cannot open shared object file: No such file or directory No plugin found (libnccl-net.so), using internal implementation
eceTesla1:3165181:3165181 [0] NCCL INFO cudaDriverVersion 12020
ecetesla2:231758:231758 [0] NCCL INFO init.cc:1732 Cuda Host Alloc Size 4 pointer 0x7fe7b2000000
ecetesla4:341271:341271 [0] NCCL INFO NCCL_SOCKET_IFNAME set by environment to ^docker,lo
ecetesla4:341271:341271 [0] NCCL INFO NCCL_SOCKET_IFNAME set to ^docker,lo
ecetesla4:341271:341271 [0] NCCL INFO Bootstrap : Using enp4s0f1:129.97.92.171<0>
ecetesla4:341271:341271 [0] NCCL INFO NET/Plugin : dlerror=libnccl-net.so: cannot open shared object file: No such file or directory No plugin found (libnccl-net.so), using internal implementation
eceTesla1:3165181:3165181 [0] NCCL INFO NCCL_SOCKET_IFNAME set by environment to ^docker,lo
eceTesla1:3165181:3165181 [0] NCCL INFO NCCL_SOCKET_IFNAME set to ^docker,lo
ecetesla3:1372993:1372993 [0] NCCL INFO NCCL_SOCKET_IFNAME set by environment to ^docker,lo
ecetesla3:1372993:1372993 [0] NCCL INFO NCCL_SOCKET_IFNAME set to ^docker,lo
ecetesla3:1372993:1372993 [0] NCCL INFO Bootstrap : Using enp0s31f6:129.97.92.187<0>
ecetesla4:341271:341271 [0] NCCL INFO init.cc:1732 Cuda Host Alloc Size 4 pointer 0x7f3782000000
eceTesla1:3165181:3165181 [0] NCCL INFO Bootstrap : Using enp4s0f1:129.97.92.169<0>
ecetesla3:1372993:1372993 [0] NCCL INFO NET/Plugin : dlerror=libnccl-net.so: cannot open shared object file: No such file or directory No plugin found (libnccl-net.so), using internal implementation
eceTesla1:3165181:3165181 [0] NCCL INFO NET/Plugin : dlerror=libnccl-net.so: cannot open shared object file: No such file or directory No plugin found (libnccl-net.so), using internal implementation
ecetesla3:1372993:1372993 [0] NCCL INFO init.cc:1732 Cuda Host Alloc Size 4 pointer 0x7fb36bc00000
eceTesla1:3165181:3165181 [0] NCCL INFO init.cc:1732 Cuda Host Alloc Size 4 pointer 0x7f7286000000
ecetesla4:341271:341309 [0] NCCL INFO NCCL_IB_DISABLE set by environment to 1.
ecetesla4:341271:341309 [0] NCCL INFO NCCL_SOCKET_IFNAME set by environment to ^docker,lo
ecetesla4:341271:341309 [0] NCCL INFO NET/Socket : Using [0]enp4s0f1:129.97.92.171<0>
ecetesla4:341271:341309 [0] NCCL INFO Using non-device net plugin version 0
ecetesla4:341271:341309 [0] NCCL INFO Using network Socket
ecetesla2:231758:249851 [0] NCCL INFO NCCL_IB_DISABLE set by environment to 1.
ecetesla2:231758:249851 [0] NCCL INFO NCCL_SOCKET_IFNAME set by environment to ^docker,lo
ecetesla2:231758:249851 [0] NCCL INFO NET/Socket : Using [0]enp4s0f1:129.97.92.170<0>
ecetesla2:231758:249851 [0] NCCL INFO Using non-device net plugin version 0
ecetesla2:231758:249851 [0] NCCL INFO Using network Socket
eceTesla1:3165181:3165213 [0] NCCL INFO NCCL_IB_DISABLE set by environment to 1.
eceTesla1:3165181:3165213 [0] NCCL INFO NCCL_SOCKET_IFNAME set by environment to ^docker,lo
eceTesla1:3165181:3165213 [0] NCCL INFO NET/Socket : Using [0]enp4s0f1:129.97.92.169<0>
eceTesla1:3165181:3165213 [0] NCCL INFO Using non-device net plugin version 0
eceTesla1:3165181:3165213 [0] NCCL INFO Using network Socket
ecetesla3:1372993:1406895 [0] NCCL INFO NCCL_IB_DISABLE set by environment to 1.
ecetesla3:1372993:1406895 [0] NCCL INFO NCCL_SOCKET_IFNAME set by environment to ^docker,lo
ecetesla3:1372993:1406895 [0] NCCL INFO NET/Socket : Using [0]enp0s31f6:129.97.92.187<0>
ecetesla3:1372993:1406895 [0] NCCL INFO Using non-device net plugin version 0
ecetesla3:1372993:1406895 [0] NCCL INFO Using network Socket
ecetesla0:2860552:2860597 [0] NCCL INFO NCCL_IB_DISABLE set by environment to 1.
ecetesla0:2860552:2860597 [0] NCCL INFO NCCL_SOCKET_IFNAME set by environment to ^docker,lo
ecetesla0:2860552:2860597 [0] NCCL INFO NET/Socket : Using [0]eno1:129.97.92.168<0>
ecetesla0:2860552:2860597 [0] NCCL INFO Using non-device net plugin version 0
ecetesla0:2860552:2860597 [0] NCCL INFO Using network Socket
ecetesla0:2860552:2860597 [0] NCCL INFO comm 0x7dbf350 rank 0 nranks 5 cudaDev 0 nvmlDev 0 busId 17000 commId 0xdba28e32be7d632b - Init START
ecetesla2:231758:249851 [0] NCCL INFO comm 0x895ced0 rank 2 nranks 5 cudaDev 0 nvmlDev 0 busId a000 commId 0xdba28e32be7d632b - Init START
ecetesla4:341271:341309 [0] NCCL INFO comm 0x809f750 rank 4 nranks 5 cudaDev 0 nvmlDev 0 busId a000 commId 0xdba28e32be7d632b - Init START
eceTesla1:3165181:3165213 [0] NCCL INFO comm 0x9015c30 rank 1 nranks 5 cudaDev 0 nvmlDev 0 busId a000 commId 0xdba28e32be7d632b - Init START
ecetesla3:1372993:1406895 [0] NCCL INFO comm 0x7a08560 rank 3 nranks 5 cudaDev 0 nvmlDev 0 busId 1000 commId 0xdba28e32be7d632b - Init START
ecetesla2:231758:249851 [0] NCCL INFO Topology detection : could not read /sys/devices/system/node/node-1/cpumap, ignoring
eceTesla1:3165181:3165213 [0] NCCL INFO Topology detection : could not read /sys/devices/system/node/node-1/cpumap, ignoring
ecetesla4:341271:341309 [0] NCCL INFO Topology detection : could not read /sys/devices/system/node/node-1/cpumap, ignoring
ecetesla3:1372993:1406895 [0] NCCL INFO Topology detection : could not read /sys/devices/system/node/node-1/cpumap, ignoring
ecetesla3:1372993:1406895 [0] NCCL INFO Topology detection : could not read /sys/devices/pci0000:00/0000:00:1f.6/max_link_speed, ignoring
ecetesla3:1372993:1406895 [0] NCCL INFO Topology detection : could not read /sys/devices/pci0000:00/0000:00:1f.6/../max_link_speed, ignoring
ecetesla3:1372993:1406895 [0] NCCL INFO Topology detection : could not read /sys/devices/pci0000:00/0000:00:1f.6/max_link_width, ignoring
ecetesla3:1372993:1406895 [0] NCCL INFO Topology detection : could not read /sys/devices/pci0000:00/0000:00:1f.6/../max_link_width, ignoring
ecetesla0:2860552:2860597 [0] NCCL INFO NET/Socket : GPU Direct RDMA Disabled for HCA 0 'eno1'
ecetesla3:1372993:1406895 [0] NCCL INFO Topology detection : could not read /sys/devices/system/node/node-1/cpumap, ignoring
ecetesla2:231758:249851 [0] NCCL INFO Topology detection : could not read /sys/devices/system/node/node-1/cpumap, ignoring
ecetesla2:231758:249851 [0] NCCL INFO NET/Socket : GPU Direct RDMA Disabled for HCA 0 'enp4s0f1'
eceTesla1:3165181:3165213 [0] NCCL INFO Topology detection : could not read /sys/devices/system/node/node-1/cpumap, ignoring
eceTesla1:3165181:3165213 [0] NCCL INFO NET/Socket : GPU Direct RDMA Disabled for HCA 0 'enp4s0f1'
ecetesla0:2860552:2860597 [0] NCCL INFO === System : maxBw 1.2 totalBw 12.0 ===
ecetesla0:2860552:2860597 [0] NCCL INFO CPU/0 (1/1/2)
ecetesla0:2860552:2860597 [0] NCCL INFO + PCI[12.0] - GPU/17000 (0)
ecetesla0:2860552:2860597 [0] NCCL INFO + PCI[3.0] - NIC/1000
ecetesla4:341271:341309 [0] NCCL INFO Topology detection : could not read /sys/devices/system/node/node-1/cpumap, ignoring
ecetesla3:1372993:1406895 [0] NCCL INFO NET/Socket : GPU Direct RDMA Disabled for HCA 0 'enp0s31f6'
ecetesla3:1372993:1406895 [0] NCCL INFO KV Convert to int : could not find value of '' in dictionary, falling back to 60
ecetesla2:231758:249851 [0] NCCL INFO === System : maxBw 1.2 totalBw 24.0 ===
ecetesla2:231758:249851 [0] NCCL INFO CPU/FFFFFFFFFFFFFFFF (1/2/-1)
ecetesla2:231758:249851 [0] NCCL INFO + PCI[24.0] - GPU/A000 (2)
ecetesla2:231758:249851 [0] NCCL INFO + PCI[12.0] - PCI/2000 (102257ad00000000)
eceTesla1:3165181:3165213 [0] NCCL INFO === System : maxBw 1.2 totalBw 24.0 ===
eceTesla1:3165181:3165213 [0] NCCL INFO CPU/FFFFFFFFFFFFFFFF (1/2/-1)
eceTesla1:3165181:3165213 [0] NCCL INFO + PCI[24.0] - GPU/A000 (1)
eceTesla1:3165181:3165213 [0] NCCL INFO + PCI[12.0] - PCI/2000 (102257ad00000000)
eceTesla1:3165181:3165213 [0] NCCL INFO               + PCI[3.0] - NIC/4000
eceTesla1:3165181:3165213 [0] NCCL INFO                            + NET[1.2] - NET/0 (0/0/1.250000)
eceTesla1:3165181:3165213 [0] NCCL INFO ==========================================
eceTesla1:3165181:3165213 [0] NCCL INFO GPU/A000 :GPU/A000 (0/5000.000000/LOC) CPU/FFFFFFFFFFFFFFFF (1/24.000000/PHB) NET/0 (4/1.250000/PHB) 
eceTesla1:3165181:3165213 [0] NCCL INFO NET/0 :GPU/A000 (4/1.250000/PHB) CPU/FFFFFFFFFFFFFFFF (3/1.250000/PHB) NET/0 (0/5000.000000/LOC) 
ecetesla0:2860552:2860597 [0] NCCL INFO              + NET[1.2] - NET/0 (0/0/1.250000)
ecetesla0:2860552:2860597 [0] NCCL INFO ==========================================
ecetesla0:2860552:2860597 [0] NCCL INFO GPU/17000 :GPU/17000 (0/5000.000000/LOC) CPU/0 (1/12.000000/PHB) NET/0 (3/1.250000/PHB) 
ecetesla0:2860552:2860597 [0] NCCL INFO NET/0 :GPU/17000 (3/1.250000/PHB) CPU/0 (2/1.250000/PHB) NET/0 (0/5000.000000/LOC) 
ecetesla0:2860552:2860597 [0] NCCL INFO Setting affinity for GPU 0 to 0fffffff
ecetesla0:2860552:2860597 [0] NCCL INFO Pattern 4, crossNic 0, nChannels 1, bw 1.200000/1.200000, type LOC/PHB, sameChannels 1
ecetesla0:2860552:2860597 [0] NCCL INFO  0 : NET/0 GPU/0 NET/0
ecetesla0:2860552:2860597 [0] NCCL INFO Pattern 3, crossNic 0, nChannels 1, bw 2.400000/1.200000, type LOC/PHB, sameChannels 1
ecetesla0:2860552:2860597 [0] NCCL INFO  0 : NET/0 GPU/0 NET/0
ecetesla0:2860552:2860597 [0] NCCL INFO comm 0x7dbf350 rank 0 nRanks 5 nNodes 5 localRanks 1 localRank 0 MNNVL 0
ecetesla0:2860552:2860597 [0] NCCL INFO Tree 0 : -1 -> 0 -> 4/-1/-1
ecetesla0:2860552:2860597 [0] NCCL INFO Tree 1 : 1 -> 0 -> 3/-1/-1
ecetesla0:2860552:2860597 [0] NCCL INFO Channel 00/02 :    0   1   2   3   4
ecetesla0:2860552:2860597 [0] NCCL INFO Channel 01/02 :    0   1   2   3   4
ecetesla0:2860552:2860597 [0] NCCL INFO Ring 00 : 4 -> 0 -> 1
ecetesla0:2860552:2860597 [0] NCCL INFO Ring 01 : 4 -> 0 -> 1
ecetesla0:2860552:2860597 [0] NCCL INFO Trees [0] 4/-1/-1->0->-1 [1] 3/-1/-1->0->1
ecetesla0:2860552:2860597 [0] NCCL INFO P2P Chunksize set to 131072
ecetesla0:2860552:2860597 [0] NCCL INFO UDS: Creating service thread comm 0x7dbf350 rank 0
ecetesla4:341271:341309 [0] NCCL INFO NET/Socket : GPU Direct RDMA Disabled for HCA 0 'enp4s0f1'
ecetesla3:1372993:1406895 [0] NCCL INFO === System : maxBw 0.1 totalBw 12.0 ===
ecetesla3:1372993:1406895 [0] NCCL INFO CPU/FFFFFFFFFFFFFFFF (1/1/2)
ecetesla3:1372993:1406895 [0] NCCL INFO + PCI[12.0] - NIC/1F0
ecetesla3:1372993:1406895 [0] NCCL INFO               + NET[0.1] - NET/0 (0/0/0.125000)
ecetesla3:1372993:1406895 [0] NCCL INFO + PCI[12.0] - GPU/1000 (3)
ecetesla3:1372993:1406895 [0] NCCL INFO ==========================================
ecetesla3:1372993:1406895 [0] NCCL INFO GPU/1000 :GPU/1000 (0/5000.000000/LOC) CPU/FFFFFFFFFFFFFFFF (1/12.000000/PHB) NET/0 (3/0.125000/PHB) 
ecetesla2:231758:249851 [0] NCCL INFO               + PCI[3.0] - NIC/4000
ecetesla2:231758:249851 [0] NCCL INFO                            + NET[1.2] - NET/0 (0/0/1.250000)
eceTesla1:3165181:3165213 [0] NCCL INFO Pattern 4, crossNic 0, nChannels 1, bw 1.200000/1.200000, type LOC/PHB, sameChannels 1
eceTesla1:3165181:3165213 [0] NCCL INFO  0 : NET/0 GPU/1 NET/0
ecetesla0:2860552:2860597 [0] NCCL INFO misc/utils.cc:235 memory stack hunk malloc(65536)
ecetesla4:341271:341309 [0] NCCL INFO === System : maxBw 1.2 totalBw 24.0 ===
ecetesla4:341271:341309 [0] NCCL INFO CPU/FFFFFFFFFFFFFFFF (1/2/-1)
ecetesla4:341271:341309 [0] NCCL INFO + PCI[24.0] - GPU/A000 (4)
ecetesla3:1372993:1406895 [0] NCCL INFO NET/0 :GPU/1000 (3/0.125000/PHB) CPU/FFFFFFFFFFFFFFFF (2/0.125000/PHB) NET/0 (0/5000.000000/LOC) 
ecetesla3:1372993:1406895 [0] NCCL INFO Pattern 4, crossNic 0, nChannels 1, bw 0.120000/0.120000, type LOC/PHB, sameChannels 1
ecetesla3:1372993:1406895 [0] NCCL INFO  0 : NET/0 GPU/3 NET/0
ecetesla3:1372993:1406895 [0] NCCL INFO Pattern 3, crossNic 0, nChannels 1, bw 0.240000/0.120000, type LOC/PHB, sameChannels 1
ecetesla3:1372993:1406895 [0] NCCL INFO  0 : NET/0 GPU/3 NET/0
ecetesla2:231758:249851 [0] NCCL INFO ==========================================
ecetesla2:231758:249851 [0] NCCL INFO GPU/A000 :GPU/A000 (0/5000.000000/LOC) CPU/FFFFFFFFFFFFFFFF (1/24.000000/PHB) NET/0 (4/1.250000/PHB) 
ecetesla2:231758:249851 [0] NCCL INFO NET/0 :GPU/A000 (4/1.250000/PHB) CPU/FFFFFFFFFFFFFFFF (3/1.250000/PHB) NET/0 (0/5000.000000/LOC) 
eceTesla1:3165181:3165213 [0] NCCL INFO Pattern 3, crossNic 0, nChannels 1, bw 2.400000/1.200000, type LOC/PHB, sameChannels 1
eceTesla1:3165181:3165213 [0] NCCL INFO  0 : NET/0 GPU/1 NET/0
ecetesla0:2860552:2860597 [0] NCCL INFO channel.cc:40 Cuda Alloc Size 2880 pointer 0x7f0adfc00000
ecetesla0:2860552:2860597 [0] NCCL INFO channel.cc:43 Cuda Alloc Size 56 pointer 0x7f0adfe00000
ecetesla4:341271:341309 [0] NCCL INFO + PCI[12.0] - PCI/2000 (102257ad00000000)
ecetesla4:341271:341309 [0] NCCL INFO               + PCI[3.0] - NIC/4000
ecetesla4:341271:341309 [0] NCCL INFO                            + NET[1.2] - NET/0 (0/0/1.250000)
ecetesla4:341271:341309 [0] NCCL INFO ==========================================
ecetesla4:341271:341309 [0] NCCL INFO GPU/A000 :GPU/A000 (0/5000.000000/LOC) CPU/FFFFFFFFFFFFFFFF (1/24.000000/PHB) NET/0 (4/1.250000/PHB) 
ecetesla3:1372993:1406895 [0] NCCL INFO comm 0x7a08560 rank 3 nRanks 5 nNodes 5 localRanks 1 localRank 0 MNNVL 0
ecetesla3:1372993:1406895 [0] NCCL INFO Tree 0 : 2 -> 3 -> -1/-1/-1
ecetesla3:1372993:1406895 [0] NCCL INFO Tree 1 : 0 -> 3 -> 2/4/-1
ecetesla3:1372993:1406895 [0] NCCL INFO Ring 00 : 2 -> 3 -> 4
ecetesla3:1372993:1406895 [0] NCCL INFO Ring 01 : 2 -> 3 -> 4
ecetesla3:1372993:1406895 [0] NCCL INFO Trees [0] -1/-1/-1->3->2 [1] 2/4/-1->3->0
ecetesla3:1372993:1406895 [0] NCCL INFO P2P Chunksize set to 131072
ecetesla2:231758:249851 [0] NCCL INFO Pattern 4, crossNic 0, nChannels 1, bw 1.200000/1.200000, type LOC/PHB, sameChannels 1
ecetesla2:231758:249851 [0] NCCL INFO  0 : NET/0 GPU/2 NET/0
eceTesla1:3165181:3165213 [0] NCCL INFO comm 0x9015c30 rank 1 nRanks 5 nNodes 5 localRanks 1 localRank 0 MNNVL 0
eceTesla1:3165181:3165213 [0] NCCL INFO Tree 0 : 2 -> 1 -> -1/-1/-1
eceTesla1:3165181:3165213 [0] NCCL INFO Tree 1 : -1 -> 1 -> 0/-1/-1
eceTesla1:3165181:3165213 [0] NCCL INFO Ring 00 : 0 -> 1 -> 2
eceTesla1:3165181:3165213 [0] NCCL INFO Ring 01 : 0 -> 1 -> 2
eceTesla1:3165181:3165213 [0] NCCL INFO Trees [0] -1/-1/-1->1->2 [1] 0/-1/-1->1->-1
eceTesla1:3165181:3165213 [0] NCCL INFO P2P Chunksize set to 131072
ecetesla0:2860552:2860597 [0] NCCL INFO channel.cc:54 Cuda Alloc Size 20 pointer 0x7f0ae7600000
ecetesla4:341271:341309 [0] NCCL INFO NET/0 :GPU/A000 (4/1.250000/PHB) CPU/FFFFFFFFFFFFFFFF (3/1.250000/PHB) NET/0 (0/5000.000000/LOC) 
ecetesla3:1372993:1406895 [0] NCCL INFO UDS: Creating service thread comm 0x7a08560 rank 3
ecetesla2:231758:249851 [0] NCCL INFO Pattern 3, crossNic 0, nChannels 1, bw 2.400000/1.200000, type LOC/PHB, sameChannels 1
ecetesla2:231758:249851 [0] NCCL INFO  0 : NET/0 GPU/2 NET/0
eceTesla1:3165181:3165213 [0] NCCL INFO UDS: Creating service thread comm 0x9015c30 rank 1
ecetesla0:2860552:2860597 [0] NCCL INFO channel.cc:40 Cuda Alloc Size 2880 pointer 0x7f0ae7800000
ecetesla0:2860552:2860597 [0] NCCL INFO channel.cc:43 Cuda Alloc Size 56 pointer 0x7f0ae7a00000
ecetesla0:2860552:2860597 [0] NCCL INFO channel.cc:54 Cuda Alloc Size 20 pointer 0x7f0ae7c00000
ecetesla4:341271:341309 [0] NCCL INFO Pattern 4, crossNic 0, nChannels 1, bw 1.200000/1.200000, type LOC/PHB, sameChannels 1
ecetesla4:341271:341309 [0] NCCL INFO  0 : NET/0 GPU/4 NET/0
ecetesla3:1372993:1406895 [0] NCCL INFO misc/utils.cc:235 memory stack hunk malloc(65536)
ecetesla2:231758:249851 [0] NCCL INFO comm 0x895ced0 rank 2 nRanks 5 nNodes 5 localRanks 1 localRank 0 MNNVL 0
eceTesla1:3165181:3165213 [0] NCCL INFO misc/utils.cc:235 memory stack hunk malloc(65536)
ecetesla0:2860552:2860598 [0] NCCL INFO Mem Realloc old size 0, new size 8 pointer 0x7f0ad4004f00
ecetesla4:341271:341309 [0] NCCL INFO Pattern 3, crossNic 0, nChannels 1, bw 2.400000/1.200000, type LOC/PHB, sameChannels 1
ecetesla4:341271:341309 [0] NCCL INFO  0 : NET/0 GPU/4 NET/0
ecetesla3:1372993:1406895 [0] NCCL INFO channel.cc:40 Cuda Alloc Size 2880 pointer 0x7fb36b820400
ecetesla2:231758:249851 [0] NCCL INFO Tree 0 : 4 -> 2 -> 1/3/-1
ecetesla2:231758:249851 [0] NCCL INFO Tree 1 : 3 -> 2 -> -1/-1/-1
ecetesla2:231758:249851 [0] NCCL INFO Ring 00 : 1 -> 2 -> 3
ecetesla2:231758:249851 [0] NCCL INFO Ring 01 : 1 -> 2 -> 3
eceTesla1:3165181:3165213 [0] NCCL INFO channel.cc:40 Cuda Alloc Size 2880 pointer 0x7f7297c20400
eceTesla1:3165181:3165213 [0] NCCL INFO channel.cc:43 Cuda Alloc Size 56 pointer 0x7f7297c21000
ecetesla4:341271:341309 [0] NCCL INFO comm 0x809f750 rank 4 nRanks 5 nNodes 5 localRanks 1 localRank 0 MNNVL 0
ecetesla3:1372993:1406895 [0] NCCL INFO channel.cc:43 Cuda Alloc Size 56 pointer 0x7fb36b821000
ecetesla2:231758:249851 [0] NCCL INFO Trees [0] 1/3/-1->2->4 [1] -1/-1/-1->2->3
ecetesla2:231758:249851 [0] NCCL INFO P2P Chunksize set to 131072
ecetesla4:341271:341309 [0] NCCL INFO Tree 0 : 0 -> 4 -> 2/-1/-1
ecetesla4:341271:341309 [0] NCCL INFO Tree 1 : 3 -> 4 -> -1/-1/-1
ecetesla4:341271:341309 [0] NCCL INFO Ring 00 : 3 -> 4 -> 0
ecetesla4:341271:341309 [0] NCCL INFO Ring 01 : 3 -> 4 -> 0
ecetesla4:341271:341309 [0] NCCL INFO Trees [0] 2/-1/-1->4->0 [1] -1/-1/-1->4->3
ecetesla3:1372993:1406895 [0] NCCL INFO channel.cc:54 Cuda Alloc Size 20 pointer 0x7fb36b821200
ecetesla2:231758:249851 [0] NCCL INFO UDS: Creating service thread comm 0x895ced0 rank 2
ecetesla4:341271:341309 [0] NCCL INFO P2P Chunksize set to 131072
ecetesla3:1372993:1406895 [0] NCCL INFO channel.cc:40 Cuda Alloc Size 2880 pointer 0x7fb36b821400
ecetesla3:1372993:1406895 [0] NCCL INFO channel.cc:43 Cuda Alloc Size 56 pointer 0x7fb36b822000
ecetesla2:231758:249851 [0] NCCL INFO misc/utils.cc:235 memory stack hunk malloc(65536)
ecetesla4:341271:341309 [0] NCCL INFO UDS: Creating service thread comm 0x809f750 rank 4
ecetesla3:1372993:1406895 [0] NCCL INFO channel.cc:54 Cuda Alloc Size 20 pointer 0x7fb36b822200
ecetesla2:231758:249851 [0] NCCL INFO channel.cc:40 Cuda Alloc Size 2880 pointer 0x7fe7bdc20400
eceTesla1:3165181:3165213 [0] NCCL INFO channel.cc:54 Cuda Alloc Size 20 pointer 0x7f7297c21200
ecetesla4:341271:341309 [0] NCCL INFO misc/utils.cc:235 memory stack hunk malloc(65536)
ecetesla2:231758:249851 [0] NCCL INFO channel.cc:43 Cuda Alloc Size 56 pointer 0x7fe7bdc21000
eceTesla1:3165181:3165213 [0] NCCL INFO channel.cc:40 Cuda Alloc Size 2880 pointer 0x7f7297c21400
eceTesla1:3165181:3165213 [0] NCCL INFO channel.cc:43 Cuda Alloc Size 56 pointer 0x7f7297c22000
ecetesla4:341271:341309 [0] NCCL INFO channel.cc:40 Cuda Alloc Size 2880 pointer 0x7f378dc20400
ecetesla2:231758:249851 [0] NCCL INFO channel.cc:54 Cuda Alloc Size 20 pointer 0x7fe7bdc21200
eceTesla1:3165181:3165213 [0] NCCL INFO channel.cc:54 Cuda Alloc Size 20 pointer 0x7f7297c22200
ecetesla4:341271:341309 [0] NCCL INFO channel.cc:43 Cuda Alloc Size 56 pointer 0x7f378dc21000
ecetesla2:231758:249851 [0] NCCL INFO channel.cc:40 Cuda Alloc Size 2880 pointer 0x7fe7bdc21400
ecetesla2:231758:249851 [0] NCCL INFO channel.cc:43 Cuda Alloc Size 56 pointer 0x7fe7bdc22000
eceTesla1:3165181:3165214 [0] NCCL INFO Mem Realloc old size 0, new size 8 pointer 0x7f7270004f00
ecetesla4:341271:341309 [0] NCCL INFO channel.cc:54 Cuda Alloc Size 20 pointer 0x7f378dc21200
ecetesla2:231758:249851 [0] NCCL INFO channel.cc:54 Cuda Alloc Size 20 pointer 0x7fe7bdc22200
ecetesla4:341271:341309 [0] NCCL INFO channel.cc:40 Cuda Alloc Size 2880 pointer 0x7f378dc21400
ecetesla2:231758:250495 [0] NCCL INFO Mem Realloc old size 0, new size 8 pointer 0x7fe79c004f00
ecetesla4:341271:341309 [0] NCCL INFO channel.cc:43 Cuda Alloc Size 56 pointer 0x7f378dc22000
ecetesla4:341271:341309 [0] NCCL INFO channel.cc:54 Cuda Alloc Size 20 pointer 0x7f378dc22200
ecetesla4:341271:341310 [0] NCCL INFO Mem Realloc old size 0, new size 8 pointer 0x7f376c004f00
ecetesla2:231758:250495 [0] NCCL INFO Allocated 5767524 bytes of shared memory in /dev/shm/nccl-QJCEuF
ecetesla4:341271:341310 [0] NCCL INFO Allocated 5767524 bytes of shared memory in /dev/shm/nccl-eGCBAw
eceTesla1:3165181:3165214 [0] NCCL INFO Allocated 5767524 bytes of shared memory in /dev/shm/nccl-v6VXol
ecetesla0:2860552:2860598 [0] NCCL INFO Allocated 5767524 bytes of shared memory in /dev/shm/nccl-7zgqII
ecetesla2:231758:250495 [0] NCCL INFO New proxy recv connection 0 from local rank 0, transport 2
ecetesla2:231758:250495 [0] NCCL INFO proxyProgressAsync opId=0x7fe7af52e380 op.type=1 op.reqBuff=0x7fe79c004ec0 op.respSize=16 done
ecetesla2:231758:249851 [0] NCCL INFO ncclPollProxyResponse Received new opId=0x7fe7af52e380
ecetesla2:231758:249851 [0] NCCL INFO resp.opId=0x7fe7af52e380 matches expected opId=0x7fe7af52e380
ecetesla2:231758:250495 [0] NCCL INFO Received and initiated operation=Init res=0
ecetesla2:231758:249851 [0] NCCL INFO Connected to proxy localRank 0 -> connection 0x7fe79c004f20
ecetesla2:231758:250495 [0] NCCL INFO proxyProgressAsync opId=0x7fe7af52e380 op.type=3 op.reqBuff=0x7fe79c008b90 op.respSize=128 done
ecetesla2:231758:249851 [0] NCCL INFO ncclPollProxyResponse Received new opId=0x7fe7af52e380
ecetesla2:231758:250495 [0] NCCL INFO Received and initiated operation=Setup res=0
ecetesla2:231758:249851 [0] NCCL INFO resp.opId=0x7fe7af52e380 matches expected opId=0x7fe7af52e380
ecetesla4:341271:341310 [0] NCCL INFO New proxy recv connection 0 from local rank 0, transport 2
ecetesla4:341271:341310 [0] NCCL INFO proxyProgressAsync opId=0x7f377f52e380 op.type=1 op.reqBuff=0x7f376c004ec0 op.respSize=16 done
ecetesla4:341271:341309 [0] NCCL INFO ncclPollProxyResponse Received new opId=0x7f377f52e380
ecetesla4:341271:341309 [0] NCCL INFO resp.opId=0x7f377f52e380 matches expected opId=0x7f377f52e380
ecetesla2:231758:249851 [0] NCCL INFO Channel 00/0 : 1[0] -> 2[0] [receive] via NET/Socket/0
ecetesla4:341271:341310 [0] NCCL INFO Received and initiated operation=Init res=0
ecetesla4:341271:341309 [0] NCCL INFO Connected to proxy localRank 0 -> connection 0x7f376c004f20
ecetesla2:231758:250495 [0] NCCL INFO New proxy recv connection 1 from local rank 0, transport 2
ecetesla2:231758:250495 [0] NCCL INFO proxyProgressAsync opId=0x7fe7af52e380 op.type=1 op.reqBuff=0x7fe79c00dff0 op.respSize=16 done
ecetesla4:341271:341310 [0] NCCL INFO proxyProgressAsync opId=0x7f377f52e380 op.type=3 op.reqBuff=0x7f376c008b90 op.respSize=128 done
ecetesla2:231758:249851 [0] NCCL INFO ncclPollProxyResponse Received new opId=0x7fe7af52e380
ecetesla2:231758:250495 [0] NCCL INFO Received and initiated operation=Init res=0
ecetesla2:231758:249851 [0] NCCL INFO resp.opId=0x7fe7af52e380 matches expected opId=0x7fe7af52e380
ecetesla2:231758:249851 [0] NCCL INFO Connected to proxy localRank 0 -> connection 0x7fe79c004f98
eceTesla1:3165181:3165214 [0] NCCL INFO New proxy recv connection 0 from local rank 0, transport 2
eceTesla1:3165181:3165214 [0] NCCL INFO proxyProgressAsync opId=0x7f728352e380 op.type=1 op.reqBuff=0x7f7270004ec0 op.respSize=16 done
eceTesla1:3165181:3165213 [0] NCCL INFO ncclPollProxyResponse Received new opId=0x7f728352e380
eceTesla1:3165181:3165213 [0] NCCL INFO resp.opId=0x7f728352e380 matches expected opId=0x7f728352e380
ecetesla4:341271:341309 [0] NCCL INFO ncclPollProxyResponse Received new opId=0x7f377f52e380
ecetesla4:341271:341310 [0] NCCL INFO Received and initiated operation=Setup res=0
ecetesla2:231758:250495 [0] NCCL INFO proxyProgressAsync opId=0x7fe7af52e380 op.type=3 op.reqBuff=0x7fe79c00e030 op.respSize=128 done
eceTesla1:3165181:3165214 [0] NCCL INFO Received and initiated operation=Init res=0
eceTesla1:3165181:3165213 [0] NCCL INFO Connected to proxy localRank 0 -> connection 0x7f7270004f20
ecetesla4:341271:341309 [0] NCCL INFO resp.opId=0x7f377f52e380 matches expected opId=0x7f377f52e380
ecetesla4:341271:341309 [0] NCCL INFO Channel 00/0 : 3[0] -> 4[0] [receive] via NET/Socket/0
ecetesla4:341271:341310 [0] NCCL INFO New proxy recv connection 1 from local rank 0, transport 2
ecetesla4:341271:341310 [0] NCCL INFO proxyProgressAsync opId=0x7f377f52e380 op.type=1 op.reqBuff=0x7f376c00dff0 op.respSize=16 done
ecetesla2:231758:249851 [0] NCCL INFO ncclPollProxyResponse Received new opId=0x7fe7af52e380
ecetesla2:231758:250495 [0] NCCL INFO Received and initiated operation=Setup res=0
ecetesla2:231758:249851 [0] NCCL INFO resp.opId=0x7fe7af52e380 matches expected opId=0x7fe7af52e380
ecetesla2:231758:249851 [0] NCCL INFO Channel 01/0 : 1[0] -> 2[0] [receive] via NET/Socket/0
ecetesla2:231758:250495 [0] NCCL INFO New proxy send connection 2 from local rank 0, transport 2
ecetesla2:231758:250495 [0] NCCL INFO proxyProgressAsync opId=0x7fe7af52e380 op.type=1 op.reqBuff=0x7fe79c013490 op.respSize=16 done
ecetesla4:341271:341309 [0] NCCL INFO ncclPollProxyResponse Received new opId=0x7f377f52e380
ecetesla4:341271:341310 [0] NCCL INFO Received and initiated operation=Init res=0
ecetesla4:341271:341309 [0] NCCL INFO resp.opId=0x7f377f52e380 matches expected opId=0x7f377f52e380
ecetesla4:341271:341309 [0] NCCL INFO Connected to proxy localRank 0 -> connection 0x7f376c004f98
ecetesla2:231758:249851 [0] NCCL INFO ncclPollProxyResponse Received new opId=0x7fe7af52e380
ecetesla2:231758:250495 [0] NCCL INFO Received and initiated operation=Init res=0
ecetesla2:231758:249851 [0] NCCL INFO resp.opId=0x7fe7af52e380 matches expected opId=0x7fe7af52e380
ecetesla2:231758:249851 [0] NCCL INFO Connected to proxy localRank 0 -> connection 0x7fe79c005010
eceTesla1:3165181:3165214 [0] NCCL INFO proxyProgressAsync opId=0x7f728352e380 op.type=3 op.reqBuff=0x7f7270008b90 op.respSize=128 done
ecetesla4:341271:341310 [0] NCCL INFO proxyProgressAsync opId=0x7f377f52e380 op.type=3 op.reqBuff=0x7f376c00e030 op.respSize=128 done
ecetesla2:231758:250495 [0] NCCL INFO proxyProgressAsync opId=0x7fe7af52e380 op.type=3 op.reqBuff=0x7fe79c0134d0 op.respSize=0 done
eceTesla1:3165181:3165213 [0] NCCL INFO ncclPollProxyResponse Received new opId=0x7f728352e380
eceTesla1:3165181:3165214 [0] NCCL INFO Received and initiated operation=Setup res=0
eceTesla1:3165181:3165213 [0] NCCL INFO resp.opId=0x7f728352e380 matches expected opId=0x7f728352e380
ecetesla4:341271:341309 [0] NCCL INFO ncclPollProxyResponse Received new opId=0x7f377f52e380
ecetesla2:231758:249851 [0] NCCL INFO ncclPollProxyResponse Received new opId=0x7fe7af52e380
ecetesla2:231758:249851 [0] NCCL INFO resp.opId=0x7fe7af52e380 matches expected opId=0x7fe7af52e380
ecetesla2:231758:250495 [0] NCCL INFO Received and initiated operation=Setup res=0
ecetesla2:231758:249851 [0] NCCL INFO Channel 00/0 : 2[0] -> 3[0] [send] via NET/Socket/0
eceTesla1:3165181:3165213 [0] NCCL INFO Channel 00/0 : 0[0] -> 1[0] [receive] via NET/Socket/0
ecetesla4:341271:341310 [0] NCCL INFO Received and initiated operation=Setup res=0
ecetesla4:341271:341309 [0] NCCL INFO resp.opId=0x7f377f52e380 matches expected opId=0x7f377f52e380
ecetesla2:231758:250495 [0] NCCL INFO New proxy send connection 3 from local rank 0, transport 2
ecetesla2:231758:250495 [0] NCCL INFO proxyProgressAsync opId=0x7fe7af52e380 op.type=1 op.reqBuff=0x7fe79c0187f0 op.respSize=16 done
eceTesla1:3165181:3165214 [0] NCCL INFO New proxy recv connection 1 from local rank 0, transport 2
eceTesla1:3165181:3165214 [0] NCCL INFO proxyProgressAsync opId=0x7f728352e380 op.type=1 op.reqBuff=0x7f727000dff0 op.respSize=16 done
ecetesla4:341271:341309 [0] NCCL INFO Channel 01/0 : 3[0] -> 4[0] [receive] via NET/Socket/0
ecetesla2:231758:249851 [0] NCCL INFO ncclPollProxyResponse Received new opId=0x7fe7af52e380
ecetesla2:231758:250495 [0] NCCL INFO Received and initiated operation=Init res=0
ecetesla2:231758:249851 [0] NCCL INFO resp.opId=0x7fe7af52e380 matches expected opId=0x7fe7af52e380
ecetesla2:231758:249851 [0] NCCL INFO Connected to proxy localRank 0 -> connection 0x7fe79c005088
eceTesla1:3165181:3165213 [0] NCCL INFO ncclPollProxyResponse Received new opId=0x7f728352e380
eceTesla1:3165181:3165214 [0] NCCL INFO Received and initiated operation=Init res=0
eceTesla1:3165181:3165213 [0] NCCL INFO resp.opId=0x7f728352e380 matches expected opId=0x7f728352e380
eceTesla1:3165181:3165213 [0] NCCL INFO Connected to proxy localRank 0 -> connection 0x7f7270004f98
ecetesla4:341271:341310 [0] NCCL INFO New proxy send connection 2 from local rank 0, transport 2
ecetesla4:341271:341310 [0] NCCL INFO proxyProgressAsync opId=0x7f377f52e380 op.type=1 op.reqBuff=0x7f376c013490 op.respSize=16 done
ecetesla2:231758:250495 [0] NCCL INFO proxyProgressAsync opId=0x7fe7af52e380 op.type=3 op.reqBuff=0x7fe79c018830 op.respSize=0 done
ecetesla2:231758:249851 [0] NCCL INFO ncclPollProxyResponse Received new opId=0x7fe7af52e380
ecetesla4:341271:341309 [0] NCCL INFO ncclPollProxyResponse Received new opId=0x7f377f52e380
ecetesla2:231758:249851 [0] NCCL INFO resp.opId=0x7fe7af52e380 matches expected opId=0x7fe7af52e380
ecetesla2:231758:250495 [0] NCCL INFO Received and initiated operation=Setup res=0
ecetesla2:231758:249851 [0] NCCL INFO Channel 01/0 : 2[0] -> 3[0] [send] via NET/Socket/0
eceTesla1:3165181:3165214 [0] NCCL INFO proxyProgressAsync opId=0x7f728352e380 op.type=3 op.reqBuff=0x7f727000e030 op.respSize=128 done
ecetesla4:341271:341310 [0] NCCL INFO Received and initiated operation=Init res=0
ecetesla4:341271:341309 [0] NCCL INFO resp.opId=0x7f377f52e380 matches expected opId=0x7f377f52e380
ecetesla4:341271:341309 [0] NCCL INFO Connected to proxy localRank 0 -> connection 0x7f376c005010
eceTesla1:3165181:3165213 [0] NCCL INFO ncclPollProxyResponse Received new opId=0x7f728352e380
eceTesla1:3165181:3165214 [0] NCCL INFO Received and initiated operation=Setup res=0
eceTesla1:3165181:3165213 [0] NCCL INFO resp.opId=0x7f728352e380 matches expected opId=0x7f728352e380
eceTesla1:3165181:3165213 [0] NCCL INFO Channel 01/0 : 0[0] -> 1[0] [receive] via NET/Socket/0
ecetesla4:341271:341310 [0] NCCL INFO proxyProgressAsync opId=0x7f377f52e380 op.type=3 op.reqBuff=0x7f376c0134d0 op.respSize=0 done
eceTesla1:3165181:3165214 [0] NCCL INFO New proxy send connection 2 from local rank 0, transport 2
eceTesla1:3165181:3165214 [0] NCCL INFO proxyProgressAsync opId=0x7f728352e380 op.type=1 op.reqBuff=0x7f7270013490 op.respSize=16 done
eceTesla1:3165181:3165213 [0] NCCL INFO ncclPollProxyResponse Received new opId=0x7f728352e380
eceTesla1:3165181:3165214 [0] NCCL INFO Received and initiated operation=Init res=0
eceTesla1:3165181:3165213 [0] NCCL INFO resp.opId=0x7f728352e380 matches expected opId=0x7f728352e380
eceTesla1:3165181:3165213 [0] NCCL INFO Connected to proxy localRank 0 -> connection 0x7f7270005010
ecetesla4:341271:341309 [0] NCCL INFO ncclPollProxyResponse Received new opId=0x7f377f52e380
ecetesla4:341271:341309 [0] NCCL INFO resp.opId=0x7f377f52e380 matches expected opId=0x7f377f52e380
ecetesla4:341271:341310 [0] NCCL INFO Received and initiated operation=Setup res=0
ecetesla4:341271:341309 [0] NCCL INFO Channel 00/0 : 4[0] -> 0[0] [send] via NET/Socket/0
eceTesla1:3165181:3165214 [0] NCCL INFO proxyProgressAsync opId=0x7f728352e380 op.type=3 op.reqBuff=0x7f72700134d0 op.respSize=0 done
eceTesla1:3165181:3165213 [0] NCCL INFO ncclPollProxyResponse Received new opId=0x7f728352e380
eceTesla1:3165181:3165213 [0] NCCL INFO resp.opId=0x7f728352e380 matches expected opId=0x7f728352e380
eceTesla1:3165181:3165214 [0] NCCL INFO Received and initiated operation=Setup res=0
ecetesla4:341271:341310 [0] NCCL INFO New proxy send connection 3 from local rank 0, transport 2
ecetesla4:341271:341310 [0] NCCL INFO proxyProgressAsync opId=0x7f377f52e380 op.type=1 op.reqBuff=0x7f376c0187f0 op.respSize=16 done
eceTesla1:3165181:3165213 [0] NCCL INFO Channel 00/0 : 1[0] -> 2[0] [send] via NET/Socket/0
ecetesla4:341271:341309 [0] NCCL INFO ncclPollProxyResponse Received new opId=0x7f377f52e380
ecetesla4:341271:341310 [0] NCCL INFO Received and initiated operation=Init res=0
ecetesla4:341271:341309 [0] NCCL INFO resp.opId=0x7f377f52e380 matches expected opId=0x7f377f52e380
ecetesla4:341271:341309 [0] NCCL INFO Connected to proxy localRank 0 -> connection 0x7f376c005088
eceTesla1:3165181:3165214 [0] NCCL INFO New proxy send connection 3 from local rank 0, transport 2
eceTesla1:3165181:3165214 [0] NCCL INFO proxyProgressAsync opId=0x7f728352e380 op.type=1 op.reqBuff=0x7f72700187f0 op.respSize=16 done
ecetesla4:341271:341310 [0] NCCL INFO proxyProgressAsync opId=0x7f377f52e380 op.type=3 op.reqBuff=0x7f376c018830 op.respSize=0 done
eceTesla1:3165181:3165213 [0] NCCL INFO ncclPollProxyResponse Received new opId=0x7f728352e380
eceTesla1:3165181:3165214 [0] NCCL INFO Received and initiated operation=Init res=0
eceTesla1:3165181:3165213 [0] NCCL INFO resp.opId=0x7f728352e380 matches expected opId=0x7f728352e380
eceTesla1:3165181:3165213 [0] NCCL INFO Connected to proxy localRank 0 -> connection 0x7f7270005088
ecetesla4:341271:341309 [0] NCCL INFO ncclPollProxyResponse Received new opId=0x7f377f52e380
ecetesla4:341271:341309 [0] NCCL INFO resp.opId=0x7f377f52e380 matches expected opId=0x7f377f52e380
ecetesla4:341271:341310 [0] NCCL INFO Received and initiated operation=Setup res=0
eceTesla1:3165181:3165214 [0] NCCL INFO proxyProgressAsync opId=0x7f728352e380 op.type=3 op.reqBuff=0x7f7270018830 op.respSize=0 done
ecetesla4:341271:341309 [0] NCCL INFO Channel 01/0 : 4[0] -> 0[0] [send] via NET/Socket/0
eceTesla1:3165181:3165213 [0] NCCL INFO ncclPollProxyResponse Received new opId=0x7f728352e380
eceTesla1:3165181:3165213 [0] NCCL INFO resp.opId=0x7f728352e380 matches expected opId=0x7f728352e380
eceTesla1:3165181:3165214 [0] NCCL INFO Received and initiated operation=Setup res=0
eceTesla1:3165181:3165213 [0] NCCL INFO Channel 01/0 : 1[0] -> 2[0] [send] via NET/Socket/0
ecetesla0:2860552:2860598 [0] NCCL INFO New proxy recv connection 0 from local rank 0, transport 2
ecetesla0:2860552:2860598 [0] NCCL INFO proxyProgressAsync opId=0x7f0ace5b1500 op.type=1 op.reqBuff=0x7f0ad4004ec0 op.respSize=16 done
ecetesla0:2860552:2860597 [0] NCCL INFO ncclPollProxyResponse Received new opId=0x7f0ace5b1500
ecetesla0:2860552:2860598 [0] NCCL INFO Received and initiated operation=Init res=0
ecetesla0:2860552:2860597 [0] NCCL INFO resp.opId=0x7f0ace5b1500 matches expected opId=0x7f0ace5b1500
ecetesla0:2860552:2860597 [0] NCCL INFO Connected to proxy localRank 0 -> connection 0x7f0ad4004f20
ecetesla0:2860552:2860598 [0] NCCL INFO proxyProgressAsync opId=0x7f0ace5b1500 op.type=3 op.reqBuff=0x7f0ad4008b90 op.respSize=128 done
ecetesla0:2860552:2860597 [0] NCCL INFO ncclPollProxyResponse Received new opId=0x7f0ace5b1500
ecetesla0:2860552:2860598 [0] NCCL INFO Received and initiated operation=Setup res=0
ecetesla0:2860552:2860597 [0] NCCL INFO resp.opId=0x7f0ace5b1500 matches expected opId=0x7f0ace5b1500
ecetesla0:2860552:2860597 [0] NCCL INFO Channel 00/0 : 4[0] -> 0[0] [receive] via NET/Socket/0
ecetesla0:2860552:2860598 [0] NCCL INFO New proxy recv connection 1 from local rank 0, transport 2
ecetesla0:2860552:2860598 [0] NCCL INFO proxyProgressAsync opId=0x7f0ace5b1500 op.type=1 op.reqBuff=0x7f0ad400dff0 op.respSize=16 done
ecetesla0:2860552:2860597 [0] NCCL INFO ncclPollProxyResponse Received new opId=0x7f0ace5b1500
ecetesla0:2860552:2860598 [0] NCCL INFO Received and initiated operation=Init res=0
ecetesla0:2860552:2860597 [0] NCCL INFO resp.opId=0x7f0ace5b1500 matches expected opId=0x7f0ace5b1500
ecetesla0:2860552:2860597 [0] NCCL INFO Connected to proxy localRank 0 -> connection 0x7f0ad4004f98
ecetesla0:2860552:2860598 [0] NCCL INFO proxyProgressAsync opId=0x7f0ace5b1500 op.type=3 op.reqBuff=0x7f0ad400e030 op.respSize=128 done
ecetesla0:2860552:2860597 [0] NCCL INFO ncclPollProxyResponse Received new opId=0x7f0ace5b1500
ecetesla0:2860552:2860598 [0] NCCL INFO Received and initiated operation=Setup res=0
ecetesla0:2860552:2860597 [0] NCCL INFO resp.opId=0x7f0ace5b1500 matches expected opId=0x7f0ace5b1500
ecetesla0:2860552:2860597 [0] NCCL INFO Channel 01/0 : 4[0] -> 0[0] [receive] via NET/Socket/0
ecetesla0:2860552:2860598 [0] NCCL INFO New proxy send connection 2 from local rank 0, transport 2
ecetesla0:2860552:2860598 [0] NCCL INFO proxyProgressAsync opId=0x7f0ace5b1500 op.type=1 op.reqBuff=0x7f0ad4013490 op.respSize=16 done
ecetesla0:2860552:2860597 [0] NCCL INFO ncclPollProxyResponse Received new opId=0x7f0ace5b1500
ecetesla0:2860552:2860598 [0] NCCL INFO Received and initiated operation=Init res=0
ecetesla0:2860552:2860597 [0] NCCL INFO resp.opId=0x7f0ace5b1500 matches expected opId=0x7f0ace5b1500
ecetesla0:2860552:2860597 [0] NCCL INFO Connected to proxy localRank 0 -> connection 0x7f0ad4005010
ecetesla0:2860552:2860598 [0] NCCL INFO proxyProgressAsync opId=0x7f0ace5b1500 op.type=3 op.reqBuff=0x7f0ad40134d0 op.respSize=0 done
ecetesla0:2860552:2860597 [0] NCCL INFO ncclPollProxyResponse Received new opId=0x7f0ace5b1500
ecetesla0:2860552:2860597 [0] NCCL INFO resp.opId=0x7f0ace5b1500 matches expected opId=0x7f0ace5b1500
ecetesla0:2860552:2860598 [0] NCCL INFO Received and initiated operation=Setup res=0
ecetesla0:2860552:2860597 [0] NCCL INFO Channel 00/0 : 0[0] -> 1[0] [send] via NET/Socket/0
ecetesla0:2860552:2860598 [0] NCCL INFO New proxy send connection 3 from local rank 0, transport 2
ecetesla0:2860552:2860598 [0] NCCL INFO proxyProgressAsync opId=0x7f0ace5b1500 op.type=1 op.reqBuff=0x7f0ad40187f0 op.respSize=16 done
ecetesla0:2860552:2860597 [0] NCCL INFO ncclPollProxyResponse Received new opId=0x7f0ace5b1500
ecetesla0:2860552:2860598 [0] NCCL INFO Received and initiated operation=Init res=0
ecetesla0:2860552:2860597 [0] NCCL INFO resp.opId=0x7f0ace5b1500 matches expected opId=0x7f0ace5b1500
ecetesla0:2860552:2860597 [0] NCCL INFO Connected to proxy localRank 0 -> connection 0x7f0ad4005088
ecetesla0:2860552:2860598 [0] NCCL INFO proxyProgressAsync opId=0x7f0ace5b1500 op.type=3 op.reqBuff=0x7f0ad4018830 op.respSize=0 done
ecetesla0:2860552:2860597 [0] NCCL INFO ncclPollProxyResponse Received new opId=0x7f0ace5b1500
ecetesla0:2860552:2860597 [0] NCCL INFO resp.opId=0x7f0ace5b1500 matches expected opId=0x7f0ace5b1500
ecetesla0:2860552:2860597 [0] NCCL INFO Channel 01/0 : 0[0] -> 1[0] [send] via NET/Socket/0
ecetesla0:2860552:2860598 [0] NCCL INFO Received and initiated operation=Setup res=0
ecetesla0:2860552:2860597 [0] NCCL INFO sendConnect ncclProxyCallAsync opId=0x7f0ace5b4428
ecetesla0:2860552:2860597 [0] NCCL INFO recvConnect ncclProxyCallAsync opId=0x7f0ace5b4f30 &recv->proxyConn=0x7f0ace5b4f38 connectInfo=0x7f0ace5cf3a0
eceTesla1:3165181:3165213 [0] NCCL INFO sendConnect ncclProxyCallAsync opId=0x7f72835315d0
ecetesla0:2860552:2860597 [0] NCCL INFO sendConnect ncclProxyCallAsync opId=0x7f0ace5c98e8
eceTesla1:3165181:3165213 [0] NCCL INFO recvConnect ncclProxyCallAsync opId=0x7f7283531110 &recv->proxyConn=0x7f7283531118 connectInfo=0x7f7283545800
ecetesla0:2860552:2860597 [0] NCCL INFO recvConnect ncclProxyCallAsync opId=0x7f0ace5ca3f0 &recv->proxyConn=0x7f0ace5ca3f8 connectInfo=0x7f0ace5cf420
eceTesla1:3165181:3165213 [0] NCCL INFO sendConnect ncclProxyCallAsync opId=0x7f72835433d0
eceTesla1:3165181:3165213 [0] NCCL INFO recvConnect ncclProxyCallAsync opId=0x7f7283542f10 &recv->proxyConn=0x7f7283542f18 connectInfo=0x7f7283545880
ecetesla3:1372993:1408023 [0] NCCL INFO Mem Realloc old size 0, new size 8 pointer 0x7fb358004f00
ecetesla3:1372993:1408023 [0] NCCL INFO Allocated 5767524 bytes of shared memory in /dev/shm/nccl-2iUdMu
ecetesla3:1372993:1408023 [0] NCCL INFO New proxy recv connection 0 from local rank 0, transport 2
ecetesla3:1372993:1408023 [0] NCCL INFO proxyProgressAsync opId=0x7fb3625b1500 op.type=1 op.reqBuff=0x7fb358004ec0 op.respSize=16 done
ecetesla3:1372993:1408023 [0] NCCL INFO Received and initiated operation=Init res=0
ecetesla3:1372993:1406895 [0] NCCL INFO ncclPollProxyResponse Received new opId=0x7fb3625b1500
ecetesla3:1372993:1406895 [0] NCCL INFO resp.opId=0x7fb3625b1500 matches expected opId=0x7fb3625b1500
ecetesla3:1372993:1406895 [0] NCCL INFO Connected to proxy localRank 0 -> connection 0x7fb358004f20
ecetesla0:2860552:2860598 [0] NCCL INFO transport/net.cc:741 Cuda Host Alloc Size 9641984 pointer 0x7f0aca000000
ecetesla0:2860552:2860598 [0] NCCL INFO proxyProgressAsync opId=0x7f0ace5b4428 op.type=4 op.reqBuff=0x7f0ad401db50 op.respSize=21040 done
ecetesla0:2860552:2860597 [0] NCCL INFO ncclPollProxyResponse Received new opId=0x7f0ace5b4428
ecetesla0:2860552:2860598 [0] NCCL INFO Received and initiated operation=Connect res=0
ecetesla0:2860552:2860597 [0] NCCL INFO Queuing opId=0x7f0ace5b4428 respBuff=0x7f0ace5fa730 respSize=21040
ecetesla0:2860552:2860597 [0] NCCL INFO ncclPollProxyResponse Dequeued cached opId=0x7f0ace5b4428
ecetesla0:2860552:2860597 [0] NCCL INFO sendConnect ncclPollProxyResponse opId=0x7f0ace5b4428
ecetesla0:2860552:2860598 [0] NCCL INFO Received and initiated operation=Connect res=0
eceTesla1:3165181:3165214 [0] NCCL INFO transport/net.cc:741 Cuda Host Alloc Size 9641984 pointer 0x7f7279200000
eceTesla1:3165181:3165214 [0] NCCL INFO proxyProgressAsync opId=0x7f72835315d0 op.type=4 op.reqBuff=0x7f727001db50 op.respSize=21040 done
eceTesla1:3165181:3165213 [0] NCCL INFO ncclPollProxyResponse Received new opId=0x7f72835315d0
eceTesla1:3165181:3165214 [0] NCCL INFO Received and initiated operation=Connect res=0
eceTesla1:3165181:3165213 [0] NCCL INFO Queuing opId=0x7f72835315d0 respBuff=0x7f7283570b30 respSize=21040
eceTesla1:3165181:3165213 [0] NCCL INFO ncclPollProxyResponse Dequeued cached opId=0x7f72835315d0
eceTesla1:3165181:3165213 [0] NCCL INFO sendConnect ncclPollProxyResponse opId=0x7f72835315d0
ecetesla0:2860552:2860598 [0] NCCL INFO transport/net.cc:741 Cuda Host Alloc Size 9641984 pointer 0x7f0acaa00000
ecetesla0:2860552:2860598 [0] NCCL INFO proxyProgressAsync opId=0x7f0ace5c98e8 op.type=4 op.reqBuff=0x7f0ad401dca0 op.respSize=21040 done
ecetesla0:2860552:2860597 [0] NCCL INFO ncclPollProxyResponse Received new opId=0x7f0ace5c98e8
ecetesla0:2860552:2860598 [0] NCCL INFO Received and initiated operation=Connect res=0
ecetesla0:2860552:2860597 [0] NCCL INFO Queuing opId=0x7f0ace5c98e8 respBuff=0x7f0ace5d66e0 respSize=21040
ecetesla0:2860552:2860597 [0] NCCL INFO ncclPollProxyResponse Dequeued cached opId=0x7f0ace5c98e8
ecetesla0:2860552:2860597 [0] NCCL INFO sendConnect ncclPollProxyResponse opId=0x7f0ace5c98e8
ecetesla0:2860552:2860598 [0] NCCL INFO Received and initiated operation=Connect res=0
eceTesla1:3165181:3165214 [0] NCCL INFO transport/net.cc:890 Cuda Host Alloc Size 9641984 pointer 0x7f726e000000
eceTesla1:3165181:3165214 [0] NCCL INFO proxyProgressAsync opId=0x7f7283531110 op.type=4 op.reqBuff=0x7f727001dbe0 op.respSize=21040 done
eceTesla1:3165181:3165213 [0] NCCL INFO ncclPollProxyResponse Received new opId=0x7f7283531110
eceTesla1:3165181:3165214 [0] NCCL INFO Received and initiated operation=Connect res=0
eceTesla1:3165181:3165213 [0] NCCL INFO resp.opId=0x7f7283531110 matches expected opId=0x7f7283531110
eceTesla1:3165181:3165213 [0] NCCL INFO recvConnect ncclPollProxyResponse opId=0x7f7283531110
eceTesla1:3165181:3165214 [0] NCCL INFO transport/net.cc:741 Cuda Host Alloc Size 9641984 pointer 0x7f726ea00000
eceTesla1:3165181:3165214 [0] NCCL INFO proxyProgressAsync opId=0x7f72835433d0 op.type=4 op.reqBuff=0x7f727001edb0 op.respSize=21040 done
eceTesla1:3165181:3165213 [0] NCCL INFO ncclPollProxyResponse Received new opId=0x7f72835433d0
eceTesla1:3165181:3165214 [0] NCCL INFO Received and initiated operation=Connect res=0
eceTesla1:3165181:3165213 [0] NCCL INFO resp.opId=0x7f72835433d0 matches expected opId=0x7f72835433d0
eceTesla1:3165181:3165213 [0] NCCL INFO sendConnect ncclPollProxyResponse opId=0x7f72835433d0
ecetesla3:1372993:1408023 [0] NCCL INFO proxyProgressAsync opId=0x7fb3625b1500 op.type=3 op.reqBuff=0x7fb358008b90 op.respSize=128 done
ecetesla3:1372993:1406895 [0] NCCL INFO ncclPollProxyResponse Received new opId=0x7fb3625b1500
ecetesla3:1372993:1408023 [0] NCCL INFO Received and initiated operation=Setup res=0
ecetesla3:1372993:1406895 [0] NCCL INFO resp.opId=0x7fb3625b1500 matches expected opId=0x7fb3625b1500
ecetesla3:1372993:1406895 [0] NCCL INFO Channel 00/0 : 2[0] -> 3[0] [receive] via NET/Socket/0
ecetesla3:1372993:1408023 [0] NCCL INFO New proxy recv connection 1 from local rank 0, transport 2
ecetesla3:1372993:1408023 [0] NCCL INFO proxyProgressAsync opId=0x7fb3625b1500 op.type=1 op.reqBuff=0x7fb35800dff0 op.respSize=16 done
ecetesla3:1372993:1406895 [0] NCCL INFO ncclPollProxyResponse Received new opId=0x7fb3625b1500
ecetesla3:1372993:1408023 [0] NCCL INFO Received and initiated operation=Init res=0
ecetesla3:1372993:1406895 [0] NCCL INFO resp.opId=0x7fb3625b1500 matches expected opId=0x7fb3625b1500
ecetesla3:1372993:1406895 [0] NCCL INFO Connected to proxy localRank 0 -> connection 0x7fb358004f98
ecetesla3:1372993:1408023 [0] NCCL INFO proxyProgressAsync opId=0x7fb3625b1500 op.type=3 op.reqBuff=0x7fb35800e030 op.respSize=128 done
ecetesla3:1372993:1406895 [0] NCCL INFO ncclPollProxyResponse Received new opId=0x7fb3625b1500
ecetesla3:1372993:1408023 [0] NCCL INFO Received and initiated operation=Setup res=0
ecetesla3:1372993:1406895 [0] NCCL INFO resp.opId=0x7fb3625b1500 matches expected opId=0x7fb3625b1500
ecetesla3:1372993:1406895 [0] NCCL INFO Channel 01/0 : 2[0] -> 3[0] [receive] via NET/Socket/0
ecetesla3:1372993:1408023 [0] NCCL INFO New proxy send connection 2 from local rank 0, transport 2
ecetesla3:1372993:1408023 [0] NCCL INFO proxyProgressAsync opId=0x7fb3625b1500 op.type=1 op.reqBuff=0x7fb358013490 op.respSize=16 done
ecetesla3:1372993:1406895 [0] NCCL INFO ncclPollProxyResponse Received new opId=0x7fb3625b1500
ecetesla3:1372993:1408023 [0] NCCL INFO Received and initiated operation=Init res=0
ecetesla3:1372993:1406895 [0] NCCL INFO resp.opId=0x7fb3625b1500 matches expected opId=0x7fb3625b1500
ecetesla3:1372993:1406895 [0] NCCL INFO Connected to proxy localRank 0 -> connection 0x7fb358005010
ecetesla3:1372993:1408023 [0] NCCL INFO proxyProgressAsync opId=0x7fb3625b1500 op.type=3 op.reqBuff=0x7fb3580134d0 op.respSize=0 done
ecetesla3:1372993:1406895 [0] NCCL INFO ncclPollProxyResponse Received new opId=0x7fb3625b1500
ecetesla3:1372993:1406895 [0] NCCL INFO resp.opId=0x7fb3625b1500 matches expected opId=0x7fb3625b1500
ecetesla3:1372993:1408023 [0] NCCL INFO Received and initiated operation=Setup res=0
ecetesla3:1372993:1406895 [0] NCCL INFO Channel 00/0 : 3[0] -> 4[0] [send] via NET/Socket/0
ecetesla3:1372993:1408023 [0] NCCL INFO New proxy send connection 3 from local rank 0, transport 2
ecetesla3:1372993:1408023 [0] NCCL INFO proxyProgressAsync opId=0x7fb3625b1500 op.type=1 op.reqBuff=0x7fb3580187f0 op.respSize=16 done
ecetesla3:1372993:1406895 [0] NCCL INFO ncclPollProxyResponse Received new opId=0x7fb3625b1500
ecetesla3:1372993:1408023 [0] NCCL INFO Received and initiated operation=Init res=0
ecetesla3:1372993:1406895 [0] NCCL INFO resp.opId=0x7fb3625b1500 matches expected opId=0x7fb3625b1500
ecetesla3:1372993:1406895 [0] NCCL INFO Connected to proxy localRank 0 -> connection 0x7fb358005088
ecetesla3:1372993:1408023 [0] NCCL INFO proxyProgressAsync opId=0x7fb3625b1500 op.type=3 op.reqBuff=0x7fb358018830 op.respSize=0 done
ecetesla3:1372993:1406895 [0] NCCL INFO ncclPollProxyResponse Received new opId=0x7fb3625b1500
ecetesla3:1372993:1406895 [0] NCCL INFO resp.opId=0x7fb3625b1500 matches expected opId=0x7fb3625b1500
ecetesla3:1372993:1408023 [0] NCCL INFO Received and initiated operation=Setup res=0
ecetesla3:1372993:1406895 [0] NCCL INFO Channel 01/0 : 3[0] -> 4[0] [send] via NET/Socket/0
ecetesla2:231758:249851 [0] NCCL INFO sendConnect ncclProxyCallAsync opId=0x7fe7af5318f8
ecetesla4:341271:341309 [0] NCCL INFO sendConnect ncclProxyCallAsync opId=0x7f377f530f80
ecetesla2:231758:249851 [0] NCCL INFO recvConnect ncclProxyCallAsync opId=0x7fe7af531438 &recv->proxyConn=0x7fe7af531440 connectInfo=0x7fe7af545800
ecetesla4:341271:341309 [0] NCCL INFO recvConnect ncclProxyCallAsync opId=0x7f377f531a88 &recv->proxyConn=0x7f377f531a90 connectInfo=0x7f377f545800
ecetesla3:1372993:1406895 [0] NCCL INFO sendConnect ncclProxyCallAsync opId=0x7fb3625b4da0
ecetesla3:1372993:1406895 [0] NCCL INFO recvConnect ncclProxyCallAsync opId=0x7fb3625b48e0 &recv->proxyConn=0x7fb3625b48e8 connectInfo=0x7fb3625c89f0
ecetesla3:1372993:1406895 [0] NCCL INFO sendConnect ncclProxyCallAsync opId=0x7fb3625c6c10
ecetesla3:1372993:1406895 [0] NCCL INFO recvConnect ncclProxyCallAsync opId=0x7fb3625c6750 &recv->proxyConn=0x7fb3625c6758 connectInfo=0x7fb3625c8a70
ecetesla2:231758:249851 [0] NCCL INFO sendConnect ncclProxyCallAsync opId=0x7fe7af5436f8
ecetesla4:341271:341309 [0] NCCL INFO sendConnect ncclProxyCallAsync opId=0x7f377f542d80
