ecetesla2:231758:249851 [0] NCCL INFO recvConnect ncclProxyCallAsync opId=0x7fe7af543238 &recv->proxyConn=0x7fe7af543240 connectInfo=0x7fe7af545880
ecetesla4:341271:341309 [0] NCCL INFO recvConnect ncclProxyCallAsync opId=0x7f377f543888 &recv->proxyConn=0x7f377f543890 connectInfo=0x7f377f545880
eceTesla1:3165181:3165214 [0] NCCL INFO transport/net.cc:890 Cuda Host Alloc Size 9641984 pointer 0x7f726f400000
eceTesla1:3165181:3165214 [0] NCCL INFO proxyProgressAsync opId=0x7f7283542f10 op.type=4 op.reqBuff=0x7f727001fd00 op.respSize=21040 done
eceTesla1:3165181:3165213 [0] NCCL INFO ncclPollProxyResponse Received new opId=0x7f7283542f10
eceTesla1:3165181:3165214 [0] NCCL INFO Received and initiated operation=Connect res=0
eceTesla1:3165181:3165213 [0] NCCL INFO resp.opId=0x7f7283542f10 matches expected opId=0x7f7283542f10
eceTesla1:3165181:3165213 [0] NCCL INFO recvConnect ncclPollProxyResponse opId=0x7f7283542f10
ecetesla0:2860552:2860598 [0] NCCL INFO transport/net.cc:890 Cuda Host Alloc Size 9641984 pointer 0x7f0acb400000
ecetesla0:2860552:2860598 [0] NCCL INFO proxyProgressAsync opId=0x7f0ace5b4f30 op.type=4 op.reqBuff=0x7f0ad401dbe0 op.respSize=21040 done
ecetesla0:2860552:2860597 [0] NCCL INFO ncclPollProxyResponse Received new opId=0x7f0ace5b4f30
ecetesla0:2860552:2860597 [0] NCCL INFO Queuing opId=0x7f0ace5b4f30 respBuff=0x7f0ace5d66e0 respSize=21040
ecetesla0:2860552:2860597 [0] NCCL INFO ncclPollProxyResponse Dequeued cached opId=0x7f0ace5b4f30
ecetesla0:2860552:2860597 [0] NCCL INFO recvConnect ncclPollProxyResponse opId=0x7f0ace5b4f30
ecetesla2:231758:250495 [0] NCCL INFO transport/net.cc:741 Cuda Host Alloc Size 9641984 pointer 0x7fe7a5200000
ecetesla2:231758:250495 [0] NCCL INFO proxyProgressAsync opId=0x7fe7af5318f8 op.type=4 op.reqBuff=0x7fe79c01db50 op.respSize=21040 done
ecetesla2:231758:249851 [0] NCCL INFO ncclPollProxyResponse Received new opId=0x7fe7af5318f8
ecetesla2:231758:250495 [0] NCCL INFO Received and initiated operation=Connect res=0
ecetesla2:231758:249851 [0] NCCL INFO resp.opId=0x7fe7af5318f8 matches expected opId=0x7fe7af5318f8
ecetesla2:231758:249851 [0] NCCL INFO sendConnect ncclPollProxyResponse opId=0x7fe7af5318f8
ecetesla4:341271:341310 [0] NCCL INFO transport/net.cc:741 Cuda Host Alloc Size 9641984 pointer 0x7f3775200000
ecetesla4:341271:341310 [0] NCCL INFO proxyProgressAsync opId=0x7f377f530f80 op.type=4 op.reqBuff=0x7f376c01db50 op.respSize=21040 done
ecetesla4:341271:341309 [0] NCCL INFO ncclPollProxyResponse Received new opId=0x7f377f530f80
ecetesla4:341271:341310 [0] NCCL INFO Received and initiated operation=Connect res=0
ecetesla4:341271:341309 [0] NCCL INFO Queuing opId=0x7f377f530f80 respBuff=0x7f377f570b30 respSize=21040
ecetesla4:341271:341309 [0] NCCL INFO ncclPollProxyResponse Dequeued cached opId=0x7f377f530f80
ecetesla4:341271:341309 [0] NCCL INFO sendConnect ncclPollProxyResponse opId=0x7f377f530f80
ecetesla3:1372993:1408023 [0] NCCL INFO transport/net.cc:741 Cuda Host Alloc Size 9641984 pointer 0x7fb34e000000
ecetesla3:1372993:1408023 [0] NCCL INFO proxyProgressAsync opId=0x7fb3625b4da0 op.type=4 op.reqBuff=0x7fb35801db50 op.respSize=21040 done
ecetesla3:1372993:1406895 [0] NCCL INFO ncclPollProxyResponse Received new opId=0x7fb3625b4da0
ecetesla3:1372993:1408023 [0] NCCL INFO Received and initiated operation=Connect res=0
ecetesla3:1372993:1406895 [0] NCCL INFO Queuing opId=0x7fb3625b4da0 respBuff=0x7fb3625f3d20 respSize=21040
ecetesla3:1372993:1406895 [0] NCCL INFO ncclPollProxyResponse Dequeued cached opId=0x7fb3625b4da0
ecetesla3:1372993:1406895 [0] NCCL INFO sendConnect ncclPollProxyResponse opId=0x7fb3625b4da0
ecetesla3:1372993:1408023 [0] NCCL INFO transport/net.cc:890 Cuda Host Alloc Size 9641984 pointer 0x7fb34ea00000
ecetesla3:1372993:1408023 [0] NCCL INFO proxyProgressAsync opId=0x7fb3625b48e0 op.type=4 op.reqBuff=0x7fb35801dbe0 op.respSize=21040 done
ecetesla3:1372993:1408023 [0] NCCL INFO Received and initiated operation=Connect res=0
ecetesla3:1372993:1406895 [0] NCCL INFO ncclPollProxyResponse Received new opId=0x7fb3625b48e0
ecetesla3:1372993:1406895 [0] NCCL INFO Queuing opId=0x7fb3625b48e0 respBuff=0x7fb3625cfcd0 respSize=21040
ecetesla3:1372993:1406895 [0] NCCL INFO ncclPollProxyResponse Dequeued cached opId=0x7fb3625b48e0
ecetesla3:1372993:1406895 [0] NCCL INFO recvConnect ncclPollProxyResponse opId=0x7fb3625b48e0
ecetesla2:231758:250495 [0] NCCL INFO transport/net.cc:890 Cuda Host Alloc Size 9641984 pointer 0x7fe79a000000
ecetesla2:231758:250495 [0] NCCL INFO proxyProgressAsync opId=0x7fe7af531438 op.type=4 op.reqBuff=0x7fe79c01dbe0 op.respSize=21040 done
ecetesla2:231758:249851 [0] NCCL INFO ncclPollProxyResponse Received new opId=0x7fe7af531438
ecetesla2:231758:250495 [0] NCCL INFO Received and initiated operation=Connect res=0
ecetesla2:231758:249851 [0] NCCL INFO Queuing opId=0x7fe7af531438 respBuff=0x7fe7af54cae0 respSize=21040
ecetesla4:341271:341310 [0] NCCL INFO transport/net.cc:890 Cuda Host Alloc Size 9641984 pointer 0x7f3772000000
ecetesla2:231758:249851 [0] NCCL INFO ncclPollProxyResponse Dequeued cached opId=0x7fe7af531438
ecetesla2:231758:249851 [0] NCCL INFO recvConnect ncclPollProxyResponse opId=0x7fe7af531438
ecetesla4:341271:341310 [0] NCCL INFO proxyProgressAsync opId=0x7f377f531a88 op.type=4 op.reqBuff=0x7f376c01dbe0 op.respSize=21040 done
ecetesla4:341271:341309 [0] NCCL INFO ncclPollProxyResponse Received new opId=0x7f377f531a88
ecetesla4:341271:341310 [0] NCCL INFO Received and initiated operation=Connect res=0
ecetesla4:341271:341309 [0] NCCL INFO Queuing opId=0x7f377f531a88 respBuff=0x7f377f54cae0 respSize=21040
ecetesla4:341271:341309 [0] NCCL INFO ncclPollProxyResponse Dequeued cached opId=0x7f377f531a88
ecetesla4:341271:341309 [0] NCCL INFO recvConnect ncclPollProxyResponse opId=0x7f377f531a88
ecetesla3:1372993:1408023 [0] NCCL INFO transport/net.cc:741 Cuda Host Alloc Size 9641984 pointer 0x7fb34f400000
ecetesla3:1372993:1408023 [0] NCCL INFO proxyProgressAsync opId=0x7fb3625c6c10 op.type=4 op.reqBuff=0x7fb35801eb40 op.respSize=21040 done
ecetesla3:1372993:1408023 [0] NCCL INFO Received and initiated operation=Connect res=0
ecetesla3:1372993:1406895 [0] NCCL INFO ncclPollProxyResponse Received new opId=0x7fb3625c6c10
ecetesla3:1372993:1406895 [0] NCCL INFO resp.opId=0x7fb3625c6c10 matches expected opId=0x7fb3625c6c10
ecetesla3:1372993:1406895 [0] NCCL INFO sendConnect ncclPollProxyResponse opId=0x7fb3625c6c10
ecetesla2:231758:250495 [0] NCCL INFO transport/net.cc:741 Cuda Host Alloc Size 9641984 pointer 0x7fe79aa00000
ecetesla2:231758:250495 [0] NCCL INFO proxyProgressAsync opId=0x7fe7af5436f8 op.type=4 op.reqBuff=0x7fe79c01edb0 op.respSize=21040 done
ecetesla2:231758:249851 [0] NCCL INFO ncclPollProxyResponse Received new opId=0x7fe7af5436f8
ecetesla2:231758:250495 [0] NCCL INFO Received and initiated operation=Connect res=0
ecetesla2:231758:249851 [0] NCCL INFO Queuing opId=0x7fe7af5436f8 respBuff=0x7fe7af54cae0 respSize=21040
ecetesla2:231758:249851 [0] NCCL INFO ncclPollProxyResponse Dequeued cached opId=0x7fe7af5436f8
ecetesla2:231758:249851 [0] NCCL INFO sendConnect ncclPollProxyResponse opId=0x7fe7af5436f8
ecetesla4:341271:341310 [0] NCCL INFO transport/net.cc:741 Cuda Host Alloc Size 9641984 pointer 0x7f3772a00000
ecetesla4:341271:341310 [0] NCCL INFO proxyProgressAsync opId=0x7f377f542d80 op.type=4 op.reqBuff=0x7f376c01ed10 op.respSize=21040 done
ecetesla4:341271:341309 [0] NCCL INFO ncclPollProxyResponse Received new opId=0x7f377f542d80
ecetesla4:341271:341310 [0] NCCL INFO Received and initiated operation=Connect res=0
ecetesla4:341271:341309 [0] NCCL INFO resp.opId=0x7f377f542d80 matches expected opId=0x7f377f542d80
ecetesla4:341271:341309 [0] NCCL INFO sendConnect ncclPollProxyResponse opId=0x7f377f542d80
ecetesla3:1372993:1408023 [0] NCCL INFO transport/net.cc:890 Cuda Host Alloc Size 9641984 pointer 0x7fb34c000000
ecetesla3:1372993:1408023 [0] NCCL INFO proxyProgressAsync opId=0x7fb3625c6750 op.type=4 op.reqBuff=0x7fb35801fa90 op.respSize=21040 done
ecetesla3:1372993:1406895 [0] NCCL INFO ncclPollProxyResponse Received new opId=0x7fb3625c6750
ecetesla3:1372993:1408023 [0] NCCL INFO Received and initiated operation=Connect res=0
ecetesla3:1372993:1406895 [0] NCCL INFO resp.opId=0x7fb3625c6750 matches expected opId=0x7fb3625c6750
ecetesla3:1372993:1406895 [0] NCCL INFO recvConnect ncclPollProxyResponse opId=0x7fb3625c6750
ecetesla0:2860552:2860598 [0] NCCL INFO transport/net.cc:890 Cuda Host Alloc Size 9641984 pointer 0x7f0ac2000000
ecetesla0:2860552:2860598 [0] NCCL INFO proxyProgressAsync opId=0x7f0ace5ca3f0 op.type=4 op.reqBuff=0x7f0ad401ec10 op.respSize=21040 done
ecetesla0:2860552:2860597 [0] NCCL INFO ncclPollProxyResponse Received new opId=0x7f0ace5ca3f0
ecetesla0:2860552:2860597 [0] NCCL INFO resp.opId=0x7f0ace5ca3f0 matches expected opId=0x7f0ace5ca3f0
ecetesla0:2860552:2860597 [0] NCCL INFO recvConnect ncclPollProxyResponse opId=0x7f0ace5ca3f0
ecetesla2:231758:250495 [0] NCCL INFO transport/net.cc:890 Cuda Host Alloc Size 9641984 pointer 0x7fe79b400000
ecetesla2:231758:250495 [0] NCCL INFO proxyProgressAsync opId=0x7fe7af543238 op.type=4 op.reqBuff=0x7fe79c01fd00 op.respSize=21040 done
ecetesla2:231758:250495 [0] NCCL INFO Received and initiated operation=Connect res=0
ecetesla4:341271:341310 [0] NCCL INFO transport/net.cc:890 Cuda Host Alloc Size 9641984 pointer 0x7f3773400000
ecetesla4:341271:341310 [0] NCCL INFO proxyProgressAsync opId=0x7f377f543888 op.type=4 op.reqBuff=0x7f376c01fc60 op.respSize=21040 done
ecetesla4:341271:341309 [0] NCCL INFO ncclPollProxyResponse Received new opId=0x7f377f543888
ecetesla4:341271:341310 [0] NCCL INFO Received and initiated operation=Connect res=0
ecetesla2:231758:249851 [0] NCCL INFO ncclPollProxyResponse Received new opId=0x7fe7af543238
ecetesla0:2860552:2860597 [0] NCCL INFO Connected all rings
ecetesla4:341271:341309 [0] NCCL INFO resp.opId=0x7f377f543888 matches expected opId=0x7f377f543888
ecetesla4:341271:341309 [0] NCCL INFO recvConnect ncclPollProxyResponse opId=0x7f377f543888
ecetesla2:231758:249851 [0] NCCL INFO resp.opId=0x7fe7af543238 matches expected opId=0x7fe7af543238
ecetesla2:231758:249851 [0] NCCL INFO recvConnect ncclPollProxyResponse opId=0x7fe7af543238
ecetesla0:2860552:2860598 [0] NCCL INFO New proxy recv connection 4 from local rank 0, transport 2
ecetesla0:2860552:2860598 [0] NCCL INFO proxyProgressAsync opId=0x7f0ace5b1500 op.type=1 op.reqBuff=0x7f0ad401ec10 op.respSize=16 done
ecetesla0:2860552:2860597 [0] NCCL INFO ncclPollProxyResponse Received new opId=0x7f0ace5b1500
ecetesla0:2860552:2860598 [0] NCCL INFO Received and initiated operation=Init res=0
ecetesla0:2860552:2860597 [0] NCCL INFO resp.opId=0x7f0ace5b1500 matches expected opId=0x7f0ace5b1500
ecetesla0:2860552:2860597 [0] NCCL INFO Connected to proxy localRank 0 -> connection 0x7f0ad4005100
ecetesla4:341271:341309 [0] NCCL INFO Connected all rings
ecetesla2:231758:249851 [0] NCCL INFO Connected all rings
ecetesla4:341271:341310 [0] NCCL INFO New proxy recv connection 4 from local rank 0, transport 2
ecetesla4:341271:341310 [0] NCCL INFO proxyProgressAsync opId=0x7f377f52e380 op.type=1 op.reqBuff=0x7f376c01fc60 op.respSize=16 done
ecetesla4:341271:341309 [0] NCCL INFO ncclPollProxyResponse Received new opId=0x7f377f52e380
ecetesla2:231758:250495 [0] NCCL INFO New proxy send connection 4 from local rank 0, transport 2
ecetesla2:231758:250495 [0] NCCL INFO proxyProgressAsync opId=0x7fe7af52e380 op.type=1 op.reqBuff=0x7fe79c01fd00 op.respSize=16 done
ecetesla2:231758:249851 [0] NCCL INFO ncclPollProxyResponse Received new opId=0x7fe7af52e380
eceTesla1:3165181:3165213 [0] NCCL INFO Connected all rings
eceTesla1:3165181:3165214 [0] NCCL INFO New proxy recv connection 4 from local rank 0, transport 2
eceTesla1:3165181:3165214 [0] NCCL INFO proxyProgressAsync opId=0x7f728352e380 op.type=1 op.reqBuff=0x7f727001fd00 op.respSize=16 done
ecetesla4:341271:341310 [0] NCCL INFO Received and initiated operation=Init res=0
ecetesla4:341271:341309 [0] NCCL INFO resp.opId=0x7f377f52e380 matches expected opId=0x7f377f52e380
ecetesla4:341271:341309 [0] NCCL INFO Connected to proxy localRank 0 -> connection 0x7f376c005100
ecetesla3:1372993:1406895 [0] NCCL INFO Connected all rings
ecetesla2:231758:250495 [0] NCCL INFO Received and initiated operation=Init res=0
ecetesla2:231758:249851 [0] NCCL INFO resp.opId=0x7fe7af52e380 matches expected opId=0x7fe7af52e380
ecetesla2:231758:249851 [0] NCCL INFO Connected to proxy localRank 0 -> connection 0x7fe79c005100
eceTesla1:3165181:3165213 [0] NCCL INFO ncclPollProxyResponse Received new opId=0x7f728352e380
eceTesla1:3165181:3165214 [0] NCCL INFO Received and initiated operation=Init res=0
eceTesla1:3165181:3165213 [0] NCCL INFO resp.opId=0x7f728352e380 matches expected opId=0x7f728352e380
eceTesla1:3165181:3165213 [0] NCCL INFO Connected to proxy localRank 0 -> connection 0x7f7270005100
ecetesla4:341271:341310 [0] NCCL INFO proxyProgressAsync opId=0x7f377f52e380 op.type=3 op.reqBuff=0x7f376c020be0 op.respSize=128 done
ecetesla2:231758:250495 [0] NCCL INFO proxyProgressAsync opId=0x7fe7af52e380 op.type=3 op.reqBuff=0x7fe79c020c80 op.respSize=0 done
ecetesla2:231758:249851 [0] NCCL INFO ncclPollProxyResponse Received new opId=0x7fe7af52e380
ecetesla0:2860552:2860598 [0] NCCL INFO proxyProgressAsync opId=0x7f0ace5b1500 op.type=3 op.reqBuff=0x7f0ad4020c80 op.respSize=128 done
ecetesla0:2860552:2860597 [0] NCCL INFO ncclPollProxyResponse Received new opId=0x7f0ace5b1500
ecetesla0:2860552:2860598 [0] NCCL INFO Received and initiated operation=Setup res=0
ecetesla0:2860552:2860597 [0] NCCL INFO resp.opId=0x7f0ace5b1500 matches expected opId=0x7f0ace5b1500
ecetesla0:2860552:2860597 [0] NCCL INFO Channel 01/0 : 3[0] -> 0[0] [receive] via NET/Socket/0
ecetesla4:341271:341309 [0] NCCL INFO ncclPollProxyResponse Received new opId=0x7f377f52e380
ecetesla4:341271:341310 [0] NCCL INFO Received and initiated operation=Setup res=0
ecetesla2:231758:249851 [0] NCCL INFO resp.opId=0x7fe7af52e380 matches expected opId=0x7fe7af52e380
ecetesla2:231758:250495 [0] NCCL INFO Received and initiated operation=Setup res=0
ecetesla2:231758:249851 [0] NCCL INFO Channel 00/0 : 2[0] -> 4[0] [send] via NET/Socket/0
eceTesla1:3165181:3165214 [0] NCCL INFO proxyProgressAsync opId=0x7f728352e380 op.type=3 op.reqBuff=0x7f7270020c80 op.respSize=128 done
eceTesla1:3165181:3165213 [0] NCCL INFO ncclPollProxyResponse Received new opId=0x7f728352e380
eceTesla1:3165181:3165214 [0] NCCL INFO Received and initiated operation=Setup res=0
eceTesla1:3165181:3165213 [0] NCCL INFO resp.opId=0x7f728352e380 matches expected opId=0x7f728352e380
eceTesla1:3165181:3165213 [0] NCCL INFO Channel 00/0 : 2[0] -> 1[0] [receive] via NET/Socket/0
ecetesla4:341271:341309 [0] NCCL INFO resp.opId=0x7f377f52e380 matches expected opId=0x7f377f52e380
ecetesla4:341271:341309 [0] NCCL INFO Channel 00/0 : 2[0] -> 4[0] [receive] via NET/Socket/0
ecetesla2:231758:250495 [0] NCCL INFO New proxy recv connection 5 from local rank 0, transport 2
ecetesla2:231758:250495 [0] NCCL INFO proxyProgressAsync opId=0x7fe7af52e380 op.type=1 op.reqBuff=0x7fe79c020c60 op.respSize=16 done
ecetesla2:231758:249851 [0] NCCL INFO ncclPollProxyResponse Received new opId=0x7fe7af52e380
eceTesla1:3165181:3165214 [0] NCCL INFO New proxy send connection 5 from local rank 0, transport 2
eceTesla1:3165181:3165214 [0] NCCL INFO proxyProgressAsync opId=0x7f728352e380 op.type=1 op.reqBuff=0x7f7270020c60 op.respSize=16 done
ecetesla4:341271:341310 [0] NCCL INFO New proxy send connection 5 from local rank 0, transport 2
ecetesla4:341271:341310 [0] NCCL INFO proxyProgressAsync opId=0x7f377f52e380 op.type=1 op.reqBuff=0x7f376c020bc0 op.respSize=16 done
ecetesla2:231758:250495 [0] NCCL INFO Received and initiated operation=Init res=0
ecetesla2:231758:249851 [0] NCCL INFO resp.opId=0x7fe7af52e380 matches expected opId=0x7fe7af52e380
ecetesla2:231758:249851 [0] NCCL INFO Connected to proxy localRank 0 -> connection 0x7fe79c005178
eceTesla1:3165181:3165213 [0] NCCL INFO ncclPollProxyResponse Received new opId=0x7f728352e380
eceTesla1:3165181:3165214 [0] NCCL INFO Received and initiated operation=Init res=0
eceTesla1:3165181:3165213 [0] NCCL INFO resp.opId=0x7f728352e380 matches expected opId=0x7f728352e380
eceTesla1:3165181:3165213 [0] NCCL INFO Connected to proxy localRank 0 -> connection 0x7f7270005178
ecetesla4:341271:341309 [0] NCCL INFO ncclPollProxyResponse Received new opId=0x7f377f52e380
ecetesla4:341271:341310 [0] NCCL INFO Received and initiated operation=Init res=0
ecetesla4:341271:341309 [0] NCCL INFO resp.opId=0x7f377f52e380 matches expected opId=0x7f377f52e380
ecetesla4:341271:341309 [0] NCCL INFO Connected to proxy localRank 0 -> connection 0x7f376c005178
ecetesla2:231758:250495 [0] NCCL INFO proxyProgressAsync opId=0x7fe7af52e380 op.type=3 op.reqBuff=0x7fe79c020cb0 op.respSize=128 done
ecetesla2:231758:249851 [0] NCCL INFO ncclPollProxyResponse Received new opId=0x7fe7af52e380
ecetesla2:231758:250495 [0] NCCL INFO Received and initiated operation=Setup res=0
ecetesla2:231758:249851 [0] NCCL INFO resp.opId=0x7fe7af52e380 matches expected opId=0x7fe7af52e380
ecetesla2:231758:249851 [0] NCCL INFO Channel 00/0 : 4[0] -> 2[0] [receive] via NET/Socket/0
eceTesla1:3165181:3165214 [0] NCCL INFO proxyProgressAsync opId=0x7f728352e380 op.type=3 op.reqBuff=0x7f7270020dd0 op.respSize=0 done
ecetesla4:341271:341310 [0] NCCL INFO proxyProgressAsync opId=0x7f377f52e380 op.type=3 op.reqBuff=0x7f376c020d30 op.respSize=0 done
ecetesla2:231758:250495 [0] NCCL INFO New proxy recv connection 6 from local rank 0, transport 2
ecetesla2:231758:250495 [0] NCCL INFO proxyProgressAsync opId=0x7fe7af52e380 op.type=1 op.reqBuff=0x7fe79c01fd00 op.respSize=16 done
ecetesla2:231758:249851 [0] NCCL INFO ncclPollProxyResponse Received new opId=0x7fe7af52e380
ecetesla2:231758:250495 [0] NCCL INFO Received and initiated operation=Init res=0
ecetesla2:231758:249851 [0] NCCL INFO resp.opId=0x7fe7af52e380 matches expected opId=0x7fe7af52e380
ecetesla2:231758:249851 [0] NCCL INFO Connected to proxy localRank 0 -> connection 0x7fe79c0051f0
eceTesla1:3165181:3165213 [0] NCCL INFO ncclPollProxyResponse Received new opId=0x7f728352e380
eceTesla1:3165181:3165213 [0] NCCL INFO resp.opId=0x7f728352e380 matches expected opId=0x7f728352e380
eceTesla1:3165181:3165213 [0] NCCL INFO Channel 01/0 : 1[0] -> 0[0] [send] via NET/Socket/0
eceTesla1:3165181:3165214 [0] NCCL INFO Received and initiated operation=Setup res=0
ecetesla4:341271:341309 [0] NCCL INFO ncclPollProxyResponse Received new opId=0x7f377f52e380
ecetesla4:341271:341309 [0] NCCL INFO resp.opId=0x7f377f52e380 matches expected opId=0x7f377f52e380
ecetesla4:341271:341309 [0] NCCL INFO Channel 00/0 : 4[0] -> 2[0] [send] via NET/Socket/0
ecetesla4:341271:341310 [0] NCCL INFO Received and initiated operation=Setup res=0
ecetesla4:341271:341310 [0] NCCL INFO New proxy recv connection 6 from local rank 0, transport 2
ecetesla4:341271:341310 [0] NCCL INFO proxyProgressAsync opId=0x7f377f52e380 op.type=1 op.reqBuff=0x7f376c01fc60 op.respSize=16 done
ecetesla2:231758:250495 [0] NCCL INFO proxyProgressAsync opId=0x7fe7af52e380 op.type=3 op.reqBuff=0x7fe79c020e00 op.respSize=128 done
ecetesla4:341271:341309 [0] NCCL INFO ncclPollProxyResponse Received new opId=0x7f377f52e380
ecetesla4:341271:341310 [0] NCCL INFO Received and initiated operation=Init res=0
ecetesla4:341271:341309 [0] NCCL INFO resp.opId=0x7f377f52e380 matches expected opId=0x7f377f52e380
ecetesla4:341271:341309 [0] NCCL INFO Connected to proxy localRank 0 -> connection 0x7f376c0051f0
ecetesla2:231758:249851 [0] NCCL INFO ncclPollProxyResponse Received new opId=0x7fe7af52e380
ecetesla2:231758:250495 [0] NCCL INFO Received and initiated operation=Setup res=0
ecetesla2:231758:249851 [0] NCCL INFO resp.opId=0x7fe7af52e380 matches expected opId=0x7fe7af52e380
ecetesla2:231758:249851 [0] NCCL INFO Channel 00/0 : 3[0] -> 2[0] [receive] via NET/Socket/0
ecetesla4:341271:341310 [0] NCCL INFO proxyProgressAsync opId=0x7f377f52e380 op.type=3 op.reqBuff=0x7f376c020d60 op.respSize=128 done
ecetesla2:231758:250495 [0] NCCL INFO New proxy recv connection 7 from local rank 0, transport 2
ecetesla2:231758:250495 [0] NCCL INFO proxyProgressAsync opId=0x7fe7af52e380 op.type=1 op.reqBuff=0x7fe79c020c60 op.respSize=16 done
ecetesla2:231758:249851 [0] NCCL INFO ncclPollProxyResponse Received new opId=0x7fe7af52e380
ecetesla2:231758:250495 [0] NCCL INFO Received and initiated operation=Init res=0
ecetesla4:341271:341309 [0] NCCL INFO ncclPollProxyResponse Received new opId=0x7f377f52e380
ecetesla4:341271:341310 [0] NCCL INFO Received and initiated operation=Setup res=0
ecetesla4:341271:341309 [0] NCCL INFO resp.opId=0x7f377f52e380 matches expected opId=0x7f377f52e380
ecetesla4:341271:341309 [0] NCCL INFO Channel 00/0 : 0[0] -> 4[0] [receive] via NET/Socket/0
ecetesla2:231758:249851 [0] NCCL INFO resp.opId=0x7fe7af52e380 matches expected opId=0x7fe7af52e380
ecetesla2:231758:249851 [0] NCCL INFO Connected to proxy localRank 0 -> connection 0x7fe79c005268
ecetesla4:341271:341310 [0] NCCL INFO New proxy send connection 7 from local rank 0, transport 2
ecetesla4:341271:341310 [0] NCCL INFO proxyProgressAsync opId=0x7f377f52e380 op.type=1 op.reqBuff=0x7f376c020bc0 op.respSize=16 done
ecetesla2:231758:250495 [0] NCCL INFO proxyProgressAsync opId=0x7fe7af52e380 op.type=3 op.reqBuff=0x7fe79c020e00 op.respSize=128 done
ecetesla4:341271:341309 [0] NCCL INFO ncclPollProxyResponse Received new opId=0x7f377f52e380
ecetesla4:341271:341310 [0] NCCL INFO Received and initiated operation=Init res=0
ecetesla4:341271:341309 [0] NCCL INFO resp.opId=0x7f377f52e380 matches expected opId=0x7f377f52e380
ecetesla4:341271:341309 [0] NCCL INFO Connected to proxy localRank 0 -> connection 0x7f376c005268
ecetesla2:231758:249851 [0] NCCL INFO ncclPollProxyResponse Received new opId=0x7fe7af52e380
ecetesla2:231758:250495 [0] NCCL INFO Received and initiated operation=Setup res=0
ecetesla2:231758:249851 [0] NCCL INFO resp.opId=0x7fe7af52e380 matches expected opId=0x7fe7af52e380
ecetesla2:231758:249851 [0] NCCL INFO Channel 01/0 : 3[0] -> 2[0] [receive] via NET/Socket/0
ecetesla4:341271:341310 [0] NCCL INFO proxyProgressAsync opId=0x7f377f52e380 op.type=3 op.reqBuff=0x7f376c020d60 op.respSize=0 done
ecetesla2:231758:250495 [0] NCCL INFO New proxy send connection 8 from local rank 0, transport 2
ecetesla2:231758:250495 [0] NCCL INFO proxyProgressAsync opId=0x7fe7af52e380 op.type=1 op.reqBuff=0x7fe79c01fd00 op.respSize=16 done
ecetesla2:231758:249851 [0] NCCL INFO ncclPollProxyResponse Received new opId=0x7fe7af52e380
ecetesla2:231758:250495 [0] NCCL INFO Received and initiated operation=Init res=0
ecetesla4:341271:341309 [0] NCCL INFO ncclPollProxyResponse Received new opId=0x7f377f52e380
ecetesla4:341271:341309 [0] NCCL INFO resp.opId=0x7f377f52e380 matches expected opId=0x7f377f52e380
ecetesla4:341271:341309 [0] NCCL INFO Channel 01/0 : 4[0] -> 3[0] [send] via NET/Socket/0
ecetesla4:341271:341310 [0] NCCL INFO Received and initiated operation=Setup res=0
ecetesla2:231758:249851 [0] NCCL INFO resp.opId=0x7fe7af52e380 matches expected opId=0x7fe7af52e380
ecetesla2:231758:249851 [0] NCCL INFO Connected to proxy localRank 0 -> connection 0x7fe79c0052e0
ecetesla2:231758:250495 [0] NCCL INFO proxyProgressAsync opId=0x7fe7af52e380 op.type=3 op.reqBuff=0x7fe79c020e00 op.respSize=0 done
ecetesla2:231758:249851 [0] NCCL INFO ncclPollProxyResponse Received new opId=0x7fe7af52e380
ecetesla2:231758:249851 [0] NCCL INFO resp.opId=0x7fe7af52e380 matches expected opId=0x7fe7af52e380
ecetesla2:231758:250495 [0] NCCL INFO Received and initiated operation=Setup res=0
ecetesla2:231758:249851 [0] NCCL INFO Channel 00/0 : 2[0] -> 1[0] [send] via NET/Socket/0
ecetesla3:1372993:1408023 [0] NCCL INFO New proxy send connection 4 from local rank 0, transport 2
ecetesla3:1372993:1408023 [0] NCCL INFO proxyProgressAsync opId=0x7fb3625b1500 op.type=1 op.reqBuff=0x7fb35801fa90 op.respSize=16 done
ecetesla3:1372993:1406895 [0] NCCL INFO ncclPollProxyResponse Received new opId=0x7fb3625b1500
ecetesla3:1372993:1408023 [0] NCCL INFO Received and initiated operation=Init res=0
ecetesla3:1372993:1406895 [0] NCCL INFO resp.opId=0x7fb3625b1500 matches expected opId=0x7fb3625b1500
ecetesla3:1372993:1406895 [0] NCCL INFO Connected to proxy localRank 0 -> connection 0x7fb358005100
ecetesla3:1372993:1408023 [0] NCCL INFO proxyProgressAsync opId=0x7fb3625b1500 op.type=3 op.reqBuff=0x7fb358020be0 op.respSize=0 done
ecetesla3:1372993:1406895 [0] NCCL INFO ncclPollProxyResponse Received new opId=0x7fb3625b1500
ecetesla3:1372993:1406895 [0] NCCL INFO resp.opId=0x7fb3625b1500 matches expected opId=0x7fb3625b1500
ecetesla3:1372993:1408023 [0] NCCL INFO Received and initiated operation=Setup res=0
ecetesla3:1372993:1406895 [0] NCCL INFO Channel 01/0 : 3[0] -> 0[0] [send] via NET/Socket/0
ecetesla0:2860552:2860598 [0] NCCL INFO New proxy send connection 5 from local rank 0, transport 2
ecetesla0:2860552:2860598 [0] NCCL INFO proxyProgressAsync opId=0x7f0ace5b1500 op.type=1 op.reqBuff=0x7f0ad4020c60 op.respSize=16 done
ecetesla0:2860552:2860597 [0] NCCL INFO ncclPollProxyResponse Received new opId=0x7f0ace5b1500
ecetesla0:2860552:2860597 [0] NCCL INFO resp.opId=0x7f0ace5b1500 matches expected opId=0x7f0ace5b1500
ecetesla0:2860552:2860597 [0] NCCL INFO Connected to proxy localRank 0 -> connection 0x7f0ad4005178
ecetesla0:2860552:2860598 [0] NCCL INFO Received and initiated operation=Init res=0
ecetesla0:2860552:2860598 [0] NCCL INFO proxyProgressAsync opId=0x7f0ace5b1500 op.type=3 op.reqBuff=0x7f0ad4020dd0 op.respSize=0 done
ecetesla0:2860552:2860597 [0] NCCL INFO ncclPollProxyResponse Received new opId=0x7f0ace5b1500
ecetesla0:2860552:2860597 [0] NCCL INFO resp.opId=0x7f0ace5b1500 matches expected opId=0x7f0ace5b1500
ecetesla0:2860552:2860597 [0] NCCL INFO Channel 01/0 : 0[0] -> 3[0] [send] via NET/Socket/0
ecetesla0:2860552:2860598 [0] NCCL INFO Received and initiated operation=Setup res=0
ecetesla3:1372993:1408023 [0] NCCL INFO New proxy recv connection 5 from local rank 0, transport 2
ecetesla3:1372993:1408023 [0] NCCL INFO proxyProgressAsync opId=0x7fb3625b1500 op.type=1 op.reqBuff=0x7fb358020bc0 op.respSize=16 done
ecetesla3:1372993:1406895 [0] NCCL INFO ncclPollProxyResponse Received new opId=0x7fb3625b1500
ecetesla3:1372993:1408023 [0] NCCL INFO Received and initiated operation=Init res=0
ecetesla3:1372993:1406895 [0] NCCL INFO resp.opId=0x7fb3625b1500 matches expected opId=0x7fb3625b1500
ecetesla3:1372993:1406895 [0] NCCL INFO Connected to proxy localRank 0 -> connection 0x7fb358005178
ecetesla3:1372993:1408023 [0] NCCL INFO proxyProgressAsync opId=0x7fb3625b1500 op.type=3 op.reqBuff=0x7fb358020c10 op.respSize=128 done
ecetesla3:1372993:1406895 [0] NCCL INFO ncclPollProxyResponse Received new opId=0x7fb3625b1500
ecetesla3:1372993:1408023 [0] NCCL INFO Received and initiated operation=Setup res=0
ecetesla3:1372993:1406895 [0] NCCL INFO resp.opId=0x7fb3625b1500 matches expected opId=0x7fb3625b1500
ecetesla3:1372993:1406895 [0] NCCL INFO Channel 01/0 : 0[0] -> 3[0] [receive] via NET/Socket/0
ecetesla3:1372993:1408023 [0] NCCL INFO New proxy recv connection 6 from local rank 0, transport 2
ecetesla3:1372993:1408023 [0] NCCL INFO proxyProgressAsync opId=0x7fb3625b1500 op.type=1 op.reqBuff=0x7fb35801fa90 op.respSize=16 done
ecetesla3:1372993:1406895 [0] NCCL INFO ncclPollProxyResponse Received new opId=0x7fb3625b1500
ecetesla3:1372993:1408023 [0] NCCL INFO Received and initiated operation=Init res=0
ecetesla3:1372993:1406895 [0] NCCL INFO resp.opId=0x7fb3625b1500 matches expected opId=0x7fb3625b1500
ecetesla3:1372993:1406895 [0] NCCL INFO Connected to proxy localRank 0 -> connection 0x7fb3580051f0
ecetesla0:2860552:2860598 [0] NCCL INFO New proxy recv connection 6 from local rank 0, transport 2
ecetesla0:2860552:2860598 [0] NCCL INFO proxyProgressAsync opId=0x7f0ace5b1500 op.type=1 op.reqBuff=0x7f0ad401ec10 op.respSize=16 done
ecetesla0:2860552:2860597 [0] NCCL INFO ncclPollProxyResponse Received new opId=0x7f0ace5b1500
ecetesla0:2860552:2860597 [0] NCCL INFO resp.opId=0x7f0ace5b1500 matches expected opId=0x7f0ace5b1500
ecetesla0:2860552:2860597 [0] NCCL INFO Connected to proxy localRank 0 -> connection 0x7f0ad40051f0
ecetesla3:1372993:1408023 [0] NCCL INFO proxyProgressAsync opId=0x7fb3625b1500 op.type=3 op.reqBuff=0x7fb358020d60 op.respSize=128 done
ecetesla3:1372993:1406895 [0] NCCL INFO ncclPollProxyResponse Received new opId=0x7fb3625b1500
ecetesla3:1372993:1408023 [0] NCCL INFO Received and initiated operation=Setup res=0
ecetesla3:1372993:1406895 [0] NCCL INFO resp.opId=0x7fb3625b1500 matches expected opId=0x7fb3625b1500
ecetesla3:1372993:1406895 [0] NCCL INFO Channel 01/0 : 4[0] -> 3[0] [receive] via NET/Socket/0
ecetesla3:1372993:1408023 [0] NCCL INFO New proxy send connection 7 from local rank 0, transport 2
ecetesla3:1372993:1408023 [0] NCCL INFO proxyProgressAsync opId=0x7fb3625b1500 op.type=1 op.reqBuff=0x7fb358020bc0 op.respSize=16 done
ecetesla3:1372993:1406895 [0] NCCL INFO ncclPollProxyResponse Received new opId=0x7fb3625b1500
ecetesla3:1372993:1408023 [0] NCCL INFO Received and initiated operation=Init res=0
ecetesla3:1372993:1406895 [0] NCCL INFO resp.opId=0x7fb3625b1500 matches expected opId=0x7fb3625b1500
ecetesla3:1372993:1406895 [0] NCCL INFO Connected to proxy localRank 0 -> connection 0x7fb358005268
ecetesla0:2860552:2860598 [0] NCCL INFO Received and initiated operation=Init res=0
ecetesla0:2860552:2860598 [0] NCCL INFO proxyProgressAsync opId=0x7f0ace5b1500 op.type=3 op.reqBuff=0x7f0ad4020e00 op.respSize=128 done
ecetesla0:2860552:2860597 [0] NCCL INFO ncclPollProxyResponse Received new opId=0x7f0ace5b1500
ecetesla0:2860552:2860597 [0] NCCL INFO resp.opId=0x7f0ace5b1500 matches expected opId=0x7f0ace5b1500
ecetesla0:2860552:2860598 [0] NCCL INFO Received and initiated operation=Setup res=0
ecetesla0:2860552:2860597 [0] NCCL INFO Channel 01/0 : 1[0] -> 0[0] [receive] via NET/Socket/0
ecetesla0:2860552:2860598 [0] NCCL INFO New proxy send connection 7 from local rank 0, transport 2
ecetesla0:2860552:2860598 [0] NCCL INFO proxyProgressAsync opId=0x7f0ace5b1500 op.type=1 op.reqBuff=0x7f0ad4020c60 op.respSize=16 done
ecetesla0:2860552:2860597 [0] NCCL INFO ncclPollProxyResponse Received new opId=0x7f0ace5b1500
ecetesla0:2860552:2860597 [0] NCCL INFO resp.opId=0x7f0ace5b1500 matches expected opId=0x7f0ace5b1500
ecetesla0:2860552:2860597 [0] NCCL INFO Connected to proxy localRank 0 -> connection 0x7f0ad4005268
ecetesla0:2860552:2860598 [0] NCCL INFO Received and initiated operation=Init res=0
ecetesla0:2860552:2860598 [0] NCCL INFO proxyProgressAsync opId=0x7f0ace5b1500 op.type=3 op.reqBuff=0x7f0ad4020e30 op.respSize=0 done
ecetesla0:2860552:2860597 [0] NCCL INFO ncclPollProxyResponse Received new opId=0x7f0ace5b1500
ecetesla0:2860552:2860597 [0] NCCL INFO resp.opId=0x7f0ace5b1500 matches expected opId=0x7f0ace5b1500
ecetesla0:2860552:2860597 [0] NCCL INFO Channel 00/0 : 0[0] -> 4[0] [send] via NET/Socket/0
ecetesla0:2860552:2860598 [0] NCCL INFO Received and initiated operation=Setup res=0
ecetesla0:2860552:2860597 [0] NCCL INFO recvConnect ncclProxyCallAsync opId=0x7f0ace5ca0c8 &recv->proxyConn=0x7f0ace5ca0d0 connectInfo=0x7f0ace5d66e0
eceTesla1:3165181:3165213 [0] NCCL INFO recvConnect ncclProxyCallAsync opId=0x7f7283531760 &recv->proxyConn=0x7f7283531768 connectInfo=0x7f7283556f90
ecetesla0:2860552:2860597 [0] NCCL INFO sendConnect ncclProxyCallAsync opId=0x7f0ace5c9f38
ecetesla0:2860552:2860597 [0] NCCL INFO sendConnect ncclProxyCallAsync opId=0x7f0ace5b4da0
ecetesla0:2860552:2860598 [0] NCCL INFO Received and initiated operation=Connect res=0
ecetesla0:2860552:2860597 [0] NCCL INFO recvConnect ncclProxyCallAsync opId=0x7f0ace5c9a78 &recv->proxyConn=0x7f0ace5c9a80 connectInfo=0x7f0ace5e0b90
eceTesla1:3165181:3165213 [0] NCCL INFO sendConnect ncclProxyCallAsync opId=0x7f7283542d80
eceTesla1:3165181:3165214 [0] NCCL INFO Received and initiated operation=Connect res=0
ecetesla3:1372993:1408023 [0] NCCL INFO proxyProgressAsync opId=0x7fb3625b1500 op.type=3 op.reqBuff=0x7fb358020d90 op.respSize=0 done
ecetesla3:1372993:1408023 [0] NCCL INFO Received and initiated operation=Setup res=0
ecetesla3:1372993:1406895 [0] NCCL INFO ncclPollProxyResponse Received new opId=0x7fb3625b1500
ecetesla3:1372993:1406895 [0] NCCL INFO resp.opId=0x7fb3625b1500 matches expected opId=0x7fb3625b1500
ecetesla3:1372993:1406895 [0] NCCL INFO Channel 00/0 : 3[0] -> 2[0] [send] via NET/Socket/0
eceTesla1:3165181:3165214 [0] NCCL INFO transport/net.cc:741 Cuda Host Alloc Size 9641984 pointer 0x7f7266000000
eceTesla1:3165181:3165214 [0] NCCL INFO proxyProgressAsync opId=0x7f7283542d80 op.type=4 op.reqBuff=0x7f7270020ea0 op.respSize=21040 done
eceTesla1:3165181:3165213 [0] NCCL INFO ncclPollProxyResponse Received new opId=0x7f7283542d80
eceTesla1:3165181:3165214 [0] NCCL INFO Received and initiated operation=Connect res=0
eceTesla1:3165181:3165213 [0] NCCL INFO resp.opId=0x7f7283542d80 matches expected opId=0x7f7283542d80
eceTesla1:3165181:3165213 [0] NCCL INFO sendConnect ncclPollProxyResponse opId=0x7f7283542d80
ecetesla3:1372993:1408023 [0] NCCL INFO New proxy send connection 8 from local rank 0, transport 2
ecetesla3:1372993:1408023 [0] NCCL INFO proxyProgressAsync opId=0x7fb3625b1500 op.type=1 op.reqBuff=0x7fb35801fa90 op.respSize=16 done
ecetesla3:1372993:1406895 [0] NCCL INFO ncclPollProxyResponse Received new opId=0x7fb3625b1500
ecetesla3:1372993:1408023 [0] NCCL INFO Received and initiated operation=Init res=0
ecetesla3:1372993:1406895 [0] NCCL INFO resp.opId=0x7fb3625b1500 matches expected opId=0x7fb3625b1500
ecetesla3:1372993:1406895 [0] NCCL INFO Connected to proxy localRank 0 -> connection 0x7fb3580052e0
ecetesla3:1372993:1408023 [0] NCCL INFO proxyProgressAsync opId=0x7fb3625b1500 op.type=3 op.reqBuff=0x7fb358020d90 op.respSize=0 done
ecetesla3:1372993:1408023 [0] NCCL INFO Received and initiated operation=Setup res=0
ecetesla3:1372993:1406895 [0] NCCL INFO ncclPollProxyResponse Received new opId=0x7fb3625b1500
ecetesla3:1372993:1406895 [0] NCCL INFO resp.opId=0x7fb3625b1500 matches expected opId=0x7fb3625b1500
ecetesla3:1372993:1406895 [0] NCCL INFO Channel 01/0 : 3[0] -> 2[0] [send] via NET/Socket/0
ecetesla4:341271:341309 [0] NCCL INFO recvConnect ncclProxyCallAsync opId=0x7f377f531760 &recv->proxyConn=0x7f377f531768 connectInfo=0x7f377f556f90
ecetesla4:341271:341309 [0] NCCL INFO sendConnect ncclProxyCallAsync opId=0x7f377f5315d0
ecetesla4:341271:341310 [0] NCCL INFO Received and initiated operation=Connect res=0
ecetesla4:341271:341309 [0] NCCL INFO recvConnect ncclProxyCallAsync opId=0x7f377f531110 &recv->proxyConn=0x7f377f531118 connectInfo=0x7f377f561440
ecetesla4:341271:341309 [0] NCCL INFO sendConnect ncclProxyCallAsync opId=0x7f377f5436f8
ecetesla3:1372993:1406895 [0] NCCL INFO sendConnect ncclProxyCallAsync opId=0x7fb3625c5f70
ecetesla2:231758:249851 [0] NCCL INFO sendConnect ncclProxyCallAsync opId=0x7fe7af531c20
ecetesla3:1372993:1406895 [0] NCCL INFO recvConnect ncclProxyCallAsync opId=0x7fb3625c6100 &recv->proxyConn=0x7fb3625c6108 connectInfo=0x7fb3625dc190
ecetesla2:231758:249851 [0] NCCL INFO recvConnect ncclProxyCallAsync opId=0x7fe7af531db0 &recv->proxyConn=0x7fe7af531db8 connectInfo=0x7fe7af54eaf0
ecetesla3:1372993:1406895 [0] NCCL INFO sendConnect ncclProxyCallAsync opId=0x7fb3625b4750
ecetesla2:231758:249851 [0] NCCL INFO sendConnect ncclProxyCallAsync opId=0x7fe7af5312a8
ecetesla3:1372993:1406895 [0] NCCL INFO sendConnect ncclProxyCallAsync opId=0x7fb3625c65c0
ecetesla2:231758:249851 [0] NCCL INFO recvConnect ncclProxyCallAsync opId=0x7fe7af531a88 &recv->proxyConn=0x7fe7af531a90 connectInfo=0x7fe7af561440
ecetesla3:1372993:1406895 [0] NCCL INFO recvConnect ncclProxyCallAsync opId=0x7fb3625c6da0 &recv->proxyConn=0x7fb3625c6da8 connectInfo=0x7fb3625e4630
ecetesla2:231758:249851 [0] NCCL INFO recvConnect ncclProxyCallAsync opId=0x7fe7af543888 &recv->proxyConn=0x7fe7af543890 connectInfo=0x7fe7af5614c0
ecetesla4:341271:341310 [0] NCCL INFO transport/net.cc:741 Cuda Host Alloc Size 9641984 pointer 0x7f3762000000
ecetesla4:341271:341310 [0] NCCL INFO proxyProgressAsync opId=0x7f377f5315d0 op.type=4 op.reqBuff=0x7f376c020eb0 op.respSize=21040 done
ecetesla4:341271:341309 [0] NCCL INFO ncclPollProxyResponse Received new opId=0x7f377f5315d0
ecetesla4:341271:341310 [0] NCCL INFO Received and initiated operation=Connect res=0
ecetesla4:341271:341309 [0] NCCL INFO Queuing opId=0x7f377f5315d0 respBuff=0x7f377f561440 respSize=21040
ecetesla4:341271:341309 [0] NCCL INFO ncclPollProxyResponse Dequeued cached opId=0x7f377f5315d0
ecetesla4:341271:341309 [0] NCCL INFO sendConnect ncclPollProxyResponse opId=0x7f377f5315d0
ecetesla3:1372993:1408023 [0] NCCL INFO transport/net.cc:741 Cuda Host Alloc Size 9641984 pointer 0x7fb34ca00000
ecetesla3:1372993:1408023 [0] NCCL INFO proxyProgressAsync opId=0x7fb3625c5f70 op.type=4 op.reqBuff=0x7fb358020eb0 op.respSize=21040 done
ecetesla3:1372993:1406895 [0] NCCL INFO ncclPollProxyResponse Received new opId=0x7fb3625c5f70
ecetesla3:1372993:1408023 [0] NCCL INFO Received and initiated operation=Connect res=0
ecetesla2:231758:250495 [0] NCCL INFO transport/net.cc:741 Cuda Host Alloc Size 9641984 pointer 0x7fe792000000
ecetesla2:231758:250495 [0] NCCL INFO proxyProgressAsync opId=0x7fe7af531c20 op.type=4 op.reqBuff=0x7fe79c020e30 op.respSize=21040 done
ecetesla2:231758:249851 [0] NCCL INFO ncclPollProxyResponse Received new opId=0x7fe7af531c20
ecetesla0:2860552:2860598 [0] NCCL INFO transport/net.cc:741 Cuda Host Alloc Size 9641984 pointer 0x7f0ac2a00000
ecetesla0:2860552:2860598 [0] NCCL INFO proxyProgressAsync opId=0x7f0ace5c9f38 op.type=4 op.reqBuff=0x7f0ad4020f90 op.respSize=21040 done
ecetesla2:231758:250495 [0] NCCL INFO Received and initiated operation=Connect res=0
ecetesla0:2860552:2860597 [0] NCCL INFO ncclPollProxyResponse Received new opId=0x7f0ace5c9f38
ecetesla0:2860552:2860598 [0] NCCL INFO Received and initiated operation=Connect res=0
ecetesla0:2860552:2860597 [0] NCCL INFO resp.opId=0x7f0ace5c9f38 matches expected opId=0x7f0ace5c9f38
ecetesla0:2860552:2860597 [0] NCCL INFO sendConnect ncclPollProxyResponse opId=0x7f0ace5c9f38
ecetesla2:231758:249851 [0] NCCL INFO Queuing opId=0x7fe7af531c20 respBuff=0x7fe7af561440 respSize=21040
ecetesla2:231758:249851 [0] NCCL INFO ncclPollProxyResponse Dequeued cached opId=0x7fe7af531c20
ecetesla2:231758:249851 [0] NCCL INFO sendConnect ncclPollProxyResponse opId=0x7fe7af531c20
ecetesla3:1372993:1406895 [0] NCCL INFO Queuing opId=0x7fb3625c5f70 respBuff=0x7fb3625e4630 respSize=21040
ecetesla3:1372993:1406895 [0] NCCL INFO ncclPollProxyResponse Dequeued cached opId=0x7fb3625c5f70
ecetesla3:1372993:1406895 [0] NCCL INFO sendConnect ncclPollProxyResponse opId=0x7fb3625c5f70
ecetesla3:1372993:1408023 [0] NCCL INFO transport/net.cc:890 Cuda Host Alloc Size 9641984 pointer 0x7fb34d400000
ecetesla3:1372993:1408023 [0] NCCL INFO proxyProgressAsync opId=0x7fb3625c6100 op.type=4 op.reqBuff=0x7fb358020eb0 op.respSize=21040 done
ecetesla3:1372993:1406895 [0] NCCL INFO ncclPollProxyResponse Received new opId=0x7fb3625c6100
ecetesla4:341271:341310 [0] NCCL INFO transport/net.cc:890 Cuda Host Alloc Size 9641984 pointer 0x7f3762a00000
ecetesla4:341271:341310 [0] NCCL INFO proxyProgressAsync opId=0x7f377f531760 op.type=4 op.reqBuff=0x7f376c01fc60 op.respSize=21040 done
ecetesla4:341271:341309 [0] NCCL INFO ncclPollProxyResponse Received new opId=0x7f377f531760
ecetesla4:341271:341309 [0] NCCL INFO resp.opId=0x7f377f531760 matches expected opId=0x7f377f531760
ecetesla4:341271:341309 [0] NCCL INFO recvConnect ncclPollProxyResponse opId=0x7f377f531760
ecetesla4:341271:341310 [0] NCCL INFO Received and initiated operation=Connect res=0
ecetesla3:1372993:1408023 [0] NCCL INFO Received and initiated operation=Connect res=0
ecetesla3:1372993:1406895 [0] NCCL INFO resp.opId=0x7fb3625c6100 matches expected opId=0x7fb3625c6100
ecetesla3:1372993:1406895 [0] NCCL INFO recvConnect ncclPollProxyResponse opId=0x7fb3625c6100
ecetesla2:231758:250495 [0] NCCL INFO transport/net.cc:890 Cuda Host Alloc Size 9641984 pointer 0x7fe792a00000
ecetesla2:231758:250495 [0] NCCL INFO proxyProgressAsync opId=0x7fe7af531db0 op.type=4 op.reqBuff=0x7fe79c020e00 op.respSize=21040 done
ecetesla2:231758:249851 [0] NCCL INFO ncclPollProxyResponse Received new opId=0x7fe7af531db0
ecetesla2:231758:250495 [0] NCCL INFO Received and initiated operation=Connect res=0
ecetesla2:231758:249851 [0] NCCL INFO Queuing opId=0x7fe7af531db0 respBuff=0x7fe7af561440 respSize=21040
ecetesla2:231758:249851 [0] NCCL INFO ncclPollProxyResponse Dequeued cached opId=0x7fe7af531db0
ecetesla2:231758:249851 [0] NCCL INFO recvConnect ncclPollProxyResponse opId=0x7fe7af531db0
ecetesla0:2860552:2860598 [0] NCCL INFO transport/net.cc:890 Cuda Host Alloc Size 9641984 pointer 0x7f0ac3400000
ecetesla0:2860552:2860598 [0] NCCL INFO proxyProgressAsync opId=0x7f0ace5ca0c8 op.type=4 op.reqBuff=0x7f0ad401ec10 op.respSize=21040 done
ecetesla0:2860552:2860597 [0] NCCL INFO ncclPollProxyResponse Received new opId=0x7f0ace5ca0c8
ecetesla0:2860552:2860597 [0] NCCL INFO resp.opId=0x7f0ace5ca0c8 matches expected opId=0x7f0ace5ca0c8
ecetesla0:2860552:2860597 [0] NCCL INFO recvConnect ncclPollProxyResponse opId=0x7f0ace5ca0c8
eceTesla1:3165181:3165214 [0] NCCL INFO transport/net.cc:890 Cuda Host Alloc Size 9641984 pointer 0x7f7266a00000
eceTesla1:3165181:3165214 [0] NCCL INFO proxyProgressAsync opId=0x7f7283531760 op.type=4 op.reqBuff=0x7f727001fd00 op.respSize=21040 done
eceTesla1:3165181:3165213 [0] NCCL INFO ncclPollProxyResponse Received new opId=0x7f7283531760
eceTesla1:3165181:3165213 [0] NCCL INFO resp.opId=0x7f7283531760 matches expected opId=0x7f7283531760
eceTesla1:3165181:3165213 [0] NCCL INFO recvConnect ncclPollProxyResponse opId=0x7f7283531760
ecetesla2:231758:250495 [0] NCCL INFO transport/net.cc:741 Cuda Host Alloc Size 9641984 pointer 0x7fe793400000
ecetesla2:231758:250495 [0] NCCL INFO proxyProgressAsync opId=0x7fe7af5312a8 op.type=4 op.reqBuff=0x7fe79c02a1c0 op.respSize=21040 done
ecetesla2:231758:249851 [0] NCCL INFO ncclPollProxyResponse Received new opId=0x7fe7af5312a8
ecetesla2:231758:250495 [0] NCCL INFO Received and initiated operation=Connect res=0
ecetesla2:231758:249851 [0] NCCL INFO Queuing opId=0x7fe7af5312a8 respBuff=0x7fe7af56b8f0 respSize=21040
ecetesla2:231758:249851 [0] NCCL INFO ncclPollProxyResponse Dequeued cached opId=0x7fe7af5312a8
ecetesla2:231758:249851 [0] NCCL INFO sendConnect ncclPollProxyResponse opId=0x7fe7af5312a8
ecetesla4:341271:341310 [0] NCCL INFO transport/net.cc:741 Cuda Host Alloc Size 9641984 pointer 0x7f3763400000
ecetesla4:341271:341310 [0] NCCL INFO proxyProgressAsync opId=0x7f377f5436f8 op.type=4 op.reqBuff=0x7f376c05d6a0 op.respSize=21040 done
ecetesla4:341271:341309 [0] NCCL INFO ncclPollProxyResponse Received new opId=0x7f377f5436f8
ecetesla4:341271:341310 [0] NCCL INFO Received and initiated operation=Connect res=0
ecetesla4:341271:341309 [0] NCCL INFO resp.opId=0x7f377f5436f8 matches expected opId=0x7f377f5436f8
ecetesla4:341271:341309 [0] NCCL INFO sendConnect ncclPollProxyResponse opId=0x7f377f5436f8
ecetesla3:1372993:1408023 [0] NCCL INFO transport/net.cc:741 Cuda Host Alloc Size 9641984 pointer 0x7fb34a000000
ecetesla3:1372993:1408023 [0] NCCL INFO proxyProgressAsync opId=0x7fb3625b4750 op.type=4 op.reqBuff=0x7fb358022ba0 op.respSize=21040 done
ecetesla3:1372993:1406895 [0] NCCL INFO ncclPollProxyResponse Received new opId=0x7fb3625b4750
ecetesla3:1372993:1408023 [0] NCCL INFO Received and initiated operation=Connect res=0
ecetesla3:1372993:1406895 [0] NCCL INFO resp.opId=0x7fb3625b4750 matches expected opId=0x7fb3625b4750
ecetesla3:1372993:1406895 [0] NCCL INFO sendConnect ncclPollProxyResponse opId=0x7fb3625b4750
ecetesla0:2860552:2860598 [0] NCCL INFO transport/net.cc:741 Cuda Host Alloc Size 9641984 pointer 0x7f0ac0000000
ecetesla0:2860552:2860598 [0] NCCL INFO proxyProgressAsync opId=0x7f0ace5b4da0 op.type=4 op.reqBuff=0x7f0ad4020d40 op.respSize=21040 done
ecetesla0:2860552:2860597 [0] NCCL INFO ncclPollProxyResponse Received new opId=0x7f0ace5b4da0
ecetesla0:2860552:2860598 [0] NCCL INFO Received and initiated operation=Connect res=0
ecetesla0:2860552:2860597 [0] NCCL INFO Queuing opId=0x7f0ace5b4da0 respBuff=0x7f0ace5e0b90 respSize=21040
ecetesla0:2860552:2860597 [0] NCCL INFO ncclPollProxyResponse Dequeued cached opId=0x7f0ace5b4da0
ecetesla0:2860552:2860597 [0] NCCL INFO sendConnect ncclPollProxyResponse opId=0x7f0ace5b4da0
ecetesla2:231758:250495 [0] NCCL INFO transport/net.cc:890 Cuda Host Alloc Size 9641984 pointer 0x7fe790000000
ecetesla2:231758:250495 [0] NCCL INFO proxyProgressAsync opId=0x7fe7af531a88 op.type=4 op.reqBuff=0x7fe79c02a1c0 op.respSize=21040 done
ecetesla2:231758:249851 [0] NCCL INFO ncclPollProxyResponse Received new opId=0x7fe7af531a88
ecetesla2:231758:250495 [0] NCCL INFO Received and initiated operation=Connect res=0
ecetesla2:231758:249851 [0] NCCL INFO resp.opId=0x7fe7af531a88 matches expected opId=0x7fe7af531a88
ecetesla2:231758:249851 [0] NCCL INFO recvConnect ncclPollProxyResponse opId=0x7fe7af531a88
ecetesla4:341271:341310 [0] NCCL INFO transport/net.cc:890 Cuda Host Alloc Size 9641984 pointer 0x7f3760000000
ecetesla4:341271:341310 [0] NCCL INFO proxyProgressAsync opId=0x7f377f531110 op.type=4 op.reqBuff=0x7f376c01fc60 op.respSize=21040 done
ecetesla4:341271:341309 [0] NCCL INFO ncclPollProxyResponse Received new opId=0x7f377f531110
ecetesla4:341271:341309 [0] NCCL INFO resp.opId=0x7f377f531110 matches expected opId=0x7f377f531110
ecetesla4:341271:341309 [0] NCCL INFO recvConnect ncclPollProxyResponse opId=0x7f377f531110
ecetesla3:1372993:1408023 [0] NCCL INFO transport/net.cc:741 Cuda Host Alloc Size 9641984 pointer 0x7fb34aa00000
ecetesla3:1372993:1408023 [0] NCCL INFO proxyProgressAsync opId=0x7fb3625c65c0 op.type=4 op.reqBuff=0x7fb358022ba0 op.respSize=21040 done
ecetesla3:1372993:1406895 [0] NCCL INFO ncclPollProxyResponse Received new opId=0x7fb3625c65c0
ecetesla3:1372993:1408023 [0] NCCL INFO Received and initiated operation=Connect res=0
ecetesla3:1372993:1406895 [0] NCCL INFO resp.opId=0x7fb3625c65c0 matches expected opId=0x7fb3625c65c0
ecetesla3:1372993:1406895 [0] NCCL INFO sendConnect ncclPollProxyResponse opId=0x7fb3625c65c0
ecetesla2:231758:250495 [0] NCCL INFO transport/net.cc:890 Cuda Host Alloc Size 9641984 pointer 0x7fe790a00000
ecetesla2:231758:250495 [0] NCCL INFO proxyProgressAsync opId=0x7fe7af543888 op.type=4 op.reqBuff=0x7fe79c02a1c0 op.respSize=21040 done
ecetesla2:231758:249851 [0] NCCL INFO ncclPollProxyResponse Received new opId=0x7fe7af543888
ecetesla2:231758:250495 [0] NCCL INFO Received and initiated operation=Connect res=0
ecetesla2:231758:249851 [0] NCCL INFO resp.opId=0x7fe7af543888 matches expected opId=0x7fe7af543888
ecetesla2:231758:249851 [0] NCCL INFO recvConnect ncclPollProxyResponse opId=0x7fe7af543888
ecetesla0:2860552:2860598 [0] NCCL INFO transport/net.cc:890 Cuda Host Alloc Size 9641984 pointer 0x7f0ac0a00000
ecetesla0:2860552:2860598 [0] NCCL INFO proxyProgressAsync opId=0x7f0ace5c9a78 op.type=4 op.reqBuff=0x7f0ad4020e90 op.respSize=21040 done
ecetesla0:2860552:2860597 [0] NCCL INFO ncclPollProxyResponse Received new opId=0x7f0ace5c9a78
ecetesla0:2860552:2860598 [0] NCCL INFO Received and initiated operation=Connect res=0
ecetesla0:2860552:2860597 [0] NCCL INFO resp.opId=0x7f0ace5c9a78 matches expected opId=0x7f0ace5c9a78
ecetesla0:2860552:2860597 [0] NCCL INFO recvConnect ncclPollProxyResponse opId=0x7f0ace5c9a78
ecetesla3:1372993:1408023 [0] NCCL INFO transport/net.cc:890 Cuda Host Alloc Size 9641984 pointer 0x7fb34b400000
ecetesla3:1372993:1408023 [0] NCCL INFO proxyProgressAsync opId=0x7fb3625c6da0 op.type=4 op.reqBuff=0x7fb358022ba0 op.respSize=21040 done
ecetesla3:1372993:1406895 [0] NCCL INFO ncclPollProxyResponse Received new opId=0x7fb3625c6da0
ecetesla3:1372993:1408023 [0] NCCL INFO Received and initiated operation=Connect res=0
ecetesla3:1372993:1406895 [0] NCCL INFO resp.opId=0x7fb3625c6da0 matches expected opId=0x7fb3625c6da0
ecetesla3:1372993:1406895 [0] NCCL INFO recvConnect ncclPollProxyResponse opId=0x7fb3625c6da0
ecetesla2:231758:249851 [0] NCCL INFO Connected all trees
ecetesla2:231758:249851 [0] NCCL INFO NCCL_PROTO set by environment to simple
ecetesla2:231758:249851 [0] NCCL INFO threadThresholds 8/8/64 | 40/8/64 | 512 | 512
ecetesla2:231758:249851 [0] NCCL INFO 2 coll channels, 0 collnet channels, 0 nvls channels, 2 p2p channels, 1 p2p channels per peer
ecetesla0:2860552:2860597 [0] NCCL INFO Connected all trees
ecetesla2:231758:250495 [0] NCCL INFO New proxy send connection 9 from local rank 0, transport 2
ecetesla2:231758:250495 [0] NCCL INFO proxyProgressAsync opId=0x7fe7af52e380 op.type=1 op.reqBuff=0x7fe79c02a1c0 op.respSize=16 done
eceTesla1:3165181:3165213 [0] NCCL INFO Connected all trees
eceTesla1:3165181:3165213 [0] NCCL INFO NCCL_PROTO set by environment to simple
eceTesla1:3165181:3165213 [0] NCCL INFO threadThresholds 8/8/64 | 40/8/64 | 512 | 512
eceTesla1:3165181:3165213 [0] NCCL INFO 2 coll channels, 0 collnet channels, 0 nvls channels, 2 p2p channels, 1 p2p channels per peer
ecetesla0:2860552:2860597 [0] NCCL INFO NCCL_PROTO set by environment to simple
ecetesla0:2860552:2860597 [0] NCCL INFO   Algorithm   |                            Tree                  |                            Ring                  |                   CollNetDirect                  |
ecetesla0:2860552:2860597 [0] NCCL INFO   Protocol    |             LL |          LL128 |         Simple |             LL |          LL128 |         Simple |             LL |          LL128 |         Simple |
ecetesla0:2860552:2860597 [0] NCCL INFO  Max NThreads |            512 |            640 |            512 |            512 |            640 |            256 |              0 |              0 |            640 |
